Archive member included to satisfy reference by file (symbol)

C:/SEGGER_EmbS/lib/libc_v7em_fpv4_sp_d16_hard_t_le_eabi.a(libc_asm.o)
                              Output/spi_pca10040 Release/Obj/bsp.o (__aeabi_uldivmod)
C:/SEGGER_EmbS/lib/libc_v7em_fpv4_sp_d16_hard_t_le_eabi.a(libc2.o)
                              Output/spi_pca10040 Release/Obj/nrf_log_str_formatter.o (isprint)
C:/SEGGER_EmbS/lib/libc_v7em_fpv4_sp_d16_hard_t_le_eabi.a(libc2_asm.o)
                              Output/spi_pca10040 Release/Obj/nrf_log_frontend.o (memcpy)
C:/SEGGER_EmbS/lib/libc_v7em_fpv4_sp_d16_hard_t_le_eabi.a(libc.o)
                              C:/SEGGER_EmbS/lib/libc_v7em_fpv4_sp_d16_hard_t_le_eabi.a(libc2.o) (__heap_lock)
C:/SEGGER_EmbS/lib/libdebugio_v7em_fpv4_sp_d16_hard_t_le_eabi.a(libdebugio.o)
                              Output/spi_pca10040 Release/Obj/thumb_crt0.o (debug_fopen)
C:/SEGGER_EmbS/lib/libdebugio_mempoll_v7em_fpv4_sp_d16_hard_t_le_eabi.a(mempoll_debug_operations.o)
                              C:/SEGGER_EmbS/lib/libdebugio_v7em_fpv4_sp_d16_hard_t_le_eabi.a(libdebugio.o) (__do_debug_operation)
C:/SEGGER_EmbS/lib/libdebugio_mempoll_v7em_fpv4_sp_d16_hard_t_le_eabi.a(do_nv_debug_operation.o)
                              C:/SEGGER_EmbS/lib/libdebugio_v7em_fpv4_sp_d16_hard_t_le_eabi.a(libdebugio.o) (__do_nvdebug_operation)
C:/SEGGER_EmbS/lib/libm_v7em_fpv4_sp_d16_hard_t_le_eabi.a(libm_asm.o)
                              C:/SEGGER_EmbS/lib/libc_v7em_fpv4_sp_d16_hard_t_le_eabi.a(libc2.o) (__aeabi_i2d)
C:/SEGGER_EmbS/lib/libm_v7em_fpv4_sp_d16_hard_t_le_eabi.a(libm2.o)
                              C:/SEGGER_EmbS/lib/libvfprintf_v7em_fpv4_sp_d16_hard_t_le_eabi.o (frexp)
C:/SEGGER_EmbS/lib/libm_v7em_fpv4_sp_d16_hard_t_le_eabi.a(libm2_asm.o)
                              C:/SEGGER_EmbS/lib/libm_v7em_fpv4_sp_d16_hard_t_le_eabi.a(libm2.o) (fabs)

Discarded input sections

 .text          0x0000000000000000        0x0 Output/spi_pca10040 Release/Obj/thumb_crt0.o
 .data          0x0000000000000000        0x0 Output/spi_pca10040 Release/Obj/thumb_crt0.o
 .bss           0x0000000000000000        0x0 Output/spi_pca10040 Release/Obj/thumb_crt0.o
 .text.__aeabi_read_tp
                0x0000000000000000        0x8 Output/spi_pca10040 Release/Obj/thumb_crt0.o
 .text.abort    0x0000000000000000        0x2 Output/spi_pca10040 Release/Obj/thumb_crt0.o
 .text.__assert
                0x0000000000000000        0x2 Output/spi_pca10040 Release/Obj/thumb_crt0.o
 .text.__aeabi_assert
                0x0000000000000000        0x2 Output/spi_pca10040 Release/Obj/thumb_crt0.o
 .text.__sync_synchronize
                0x0000000000000000        0x2 Output/spi_pca10040 Release/Obj/thumb_crt0.o
 .text.__getchar
                0x0000000000000000        0x4 Output/spi_pca10040 Release/Obj/thumb_crt0.o
 .text.__putchar
                0x0000000000000000        0x4 Output/spi_pca10040 Release/Obj/thumb_crt0.o
 .text.__open   0x0000000000000000        0x4 Output/spi_pca10040 Release/Obj/thumb_crt0.o
 .text.__close  0x0000000000000000        0x4 Output/spi_pca10040 Release/Obj/thumb_crt0.o
 .text.__write  0x0000000000000000        0xa Output/spi_pca10040 Release/Obj/thumb_crt0.o
 .text.__read   0x0000000000000000        0xa Output/spi_pca10040 Release/Obj/thumb_crt0.o
 .text.__seek   0x0000000000000000       0x1a Output/spi_pca10040 Release/Obj/thumb_crt0.o
 .bss.__user_locale_name_buffer
                0x0000000000000000        0x4 Output/spi_pca10040 Release/Obj/thumb_crt0.o
 .stack         0x0000000000000000        0x0 Output/spi_pca10040 Release/Obj/thumb_crt0.o
 .stack_process
                0x0000000000000000        0x0 Output/spi_pca10040 Release/Obj/thumb_crt0.o
 .heap          0x0000000000000000        0x0 Output/spi_pca10040 Release/Obj/thumb_crt0.o
 .group         0x0000000000000000        0xc Output/spi_pca10040 Release/Obj/nrf_log_backend_rtt.o
 .group         0x0000000000000000        0xc Output/spi_pca10040 Release/Obj/nrf_log_backend_rtt.o
 .group         0x0000000000000000        0xc Output/spi_pca10040 Release/Obj/nrf_log_backend_rtt.o
 .group         0x0000000000000000        0xc Output/spi_pca10040 Release/Obj/nrf_log_backend_rtt.o
 .group         0x0000000000000000        0xc Output/spi_pca10040 Release/Obj/nrf_log_backend_rtt.o
 .group         0x0000000000000000        0xc Output/spi_pca10040 Release/Obj/nrf_log_backend_rtt.o
 .group         0x0000000000000000        0xc Output/spi_pca10040 Release/Obj/nrf_log_backend_rtt.o
 .group         0x0000000000000000        0xc Output/spi_pca10040 Release/Obj/nrf_log_backend_rtt.o
 .group         0x0000000000000000        0xc Output/spi_pca10040 Release/Obj/nrf_log_backend_rtt.o
 .group         0x0000000000000000        0xc Output/spi_pca10040 Release/Obj/nrf_log_backend_rtt.o
 .group         0x0000000000000000        0xc Output/spi_pca10040 Release/Obj/nrf_log_backend_rtt.o
 .group         0x0000000000000000        0xc Output/spi_pca10040 Release/Obj/nrf_log_backend_rtt.o
[...]
Memory Configuration

Name             Origin             Length             Attributes
UNPLACED_SECTIONS 0x0000000100000000 0x0000000000000000 xw
RAM              0x0000000020000000 0x0000000000010000 xw
FLASH            0x0000000000000000 0x0000000000080000 xw
*default*        0x0000000000000000 0xffffffffffffffff

Linker script and memory map

                0x0000000000000000                __vfprintf = __vfprintf_long
                0x0000000000000000                __vfscanf = __vfscanf_int
                0x0000000020000000                __RAM_segment_start__ = 0x20000000
                0x0000000020010000                __RAM_segment_end__ = 0x20010000
                0x0000000000010000                __RAM_segment_size__ = 0x10000
                0x0000000000000000                __FLASH_segment_start__ = 0x0
                0x0000000000080000                __FLASH_segment_end__ = 0x80000
                0x0000000000080000                __FLASH_segment_size__ = 0x80000
                0x0000000000002000                __HEAPSIZE__ = 0x2000
                0x0000000000000000                __STACKSIZE_PROCESS__ = 0x0
                0x0000000000002000                __STACKSIZE__ = 0x2000
                0x0000000020000000                __vectors_ram_load_start__ = 0x20000000

.vectors_ram    0x0000000020000000        0x0
                0x0000000020000000                __vectors_ram_start__ = .
                0x0000000020000000                __app_ram_start__ = __vectors_ram_start__
 *(.vectors_ram .vectors_ram.*)
                0x0000000020000000                __vectors_ram_end__ = (__vectors_ram_start__ + SIZEOF (.vectors_ram))
                0x0000000000000000                __vectors_ram_size__ = SIZEOF (.vectors_ram)
                0x0000000020000000                __vectors_ram_load_end__ = __vectors_ram_end__
                0x0000000000000001                . = ASSERT (((__vectors_ram_start__ == __vectors_ram_end__) || ((__vectors_ram_end__ >= __RAM_segment_start__) && (__vectors_ram_end__ <= __RAM_segment_end__))), error: .vectors_ram is too large to fit in RAM memory segment)
                0x0000000020000000                __nrf_sections_run_load_start__ = ALIGN (__vectors_ram_end__, 0x4)

.nrf_sections_run
                0x0000000020000000        0x0
                0x0000000020000000                __nrf_sections_run_start__ = .
                0x0000000020000000                __start_nrf_sections_run = __nrf_sections_run_start__
 *(.nrf_sections_run .nrf_sections_run.*)
                0x0000000020000000                __nrf_sections_run_end__ = (__nrf_sections_run_start__ + SIZEOF (.nrf_sections_run))
                0x0000000000000000                __nrf_sections_run_size__ = SIZEOF (.nrf_sections_run)
                0x0000000020000000                __nrf_sections_run_load_end__ = __nrf_sections_run_end__
                0x0000000000000001                . = ASSERT (((__nrf_sections_run_start__ == __nrf_sections_run_end__) || ((__nrf_sections_run_end__ >= __RAM_segment_start__) && (__nrf_sections_run_end__ <= __RAM_segment_end__))), error: .nrf_sections_run is too large to fit in RAM memory segment)
                0x0000000000000000                __vectors_load_start__ = 0x0

.vectors        0x0000000000000000      0x200
                0x0000000000000000                __vectors_start__ = .
 *(.vectors .vectors.*)
 .vectors       0x0000000000000000      0x200 Output/spi_pca10040 Release/Obj/ses_startup_nrf52.o
                0x0000000000000000                _vectors
                0x0000000000000200                __vectors_end__ = (__vectors_start__ + SIZEOF (.vectors))
                0x0000000000000200                __vectors_size__ = SIZEOF (.vectors)
                0x0000000000000200                __vectors_load_end__ = __vectors_end__
                0x0000000000000001                . = ASSERT (((__vectors_start__ == __vectors_end__) || ((__vectors_end__ >= __FLASH_segment_start__) && (__vectors_end__ <= __FLASH_segment_end__))), error: .vectors is too large to fit in FLASH memory segment)
                0x0000000000000200                __init_load_start__ = ALIGN (__vectors_end__, 0x4)

.init           0x0000000000000200      0x1d8
                0x0000000000000200                __init_start__ = .
 *(.init .init.*)
 .init          0x0000000000000200      0x160 Output/spi_pca10040 Release/Obj/thumb_crt0.o
                0x0000000000000200                _start
                0x00000000000002b6                exit
 .init          0x0000000000000360       0x18 Output/spi_pca10040 Release/Obj/ses_startup_nrf52.o
                0x0000000000000360                NMI_Handler
                0x0000000000000362                HardFault_Handler
                0x0000000000000364                MemoryManagement_Handler
                0x0000000000000366                BusFault_Handler
                0x0000000000000368                UsageFault_Handler
                0x000000000000036a                SVC_Handler
                0x000000000000036c                DebugMon_Handler
                0x000000000000036e                PendSV_Handler
                0x0000000000000370                SysTick_Handler
                0x0000000000000372                SWI2_EGU2_IRQHandler
                0x0000000000000372                POWER_CLOCK_IRQHandler
                0x0000000000000372                RADIO_IRQHandler
                0x0000000000000372                PWM1_IRQHandler
                0x0000000000000372                TEMP_IRQHandler
                0x0000000000000372                QDEC_IRQHandler
                0x0000000000000372                RTC0_IRQHandler
                0x0000000000000372                FPU_IRQHandler
                0x0000000000000372                PDM_IRQHandler
                0x0000000000000372                TIMER4_IRQHandler
                0x0000000000000372                I2S_IRQHandler
                0x0000000000000372                SWI4_EGU4_IRQHandler
                0x0000000000000372                TIMER0_IRQHandler
                0x0000000000000372                Dummy_Handler
                0x0000000000000372                TIMER1_IRQHandler
                0x0000000000000372                PWM2_IRQHandler
                0x0000000000000372                ECB_IRQHandler
                0x0000000000000372                SPIM1_SPIS1_TWIM1_TWIS1_SPI1_TWI1_IRQHandler
                0x0000000000000372                SAADC_IRQHandler
                0x0000000000000372                CCM_AAR_IRQHandler
                0x0000000000000372                WDT_IRQHandler
                0x0000000000000372                TIMER3_IRQHandler
                0x0000000000000372                SWI5_EGU5_IRQHandler
                0x0000000000000372                RNG_IRQHandler
                0x0000000000000372                RTC2_IRQHandler
                0x0000000000000372                PWM0_IRQHandler
                0x0000000000000372                SWI3_EGU3_IRQHandler
                0x0000000000000372                SWI1_EGU1_IRQHandler
                0x0000000000000372                SPIM2_SPIS2_SPI2_IRQHandler
                0x0000000000000372                NFCT_IRQHandler
                0x0000000000000372                TIMER2_IRQHandler
                0x0000000000000372                MWU_IRQHandler
                0x0000000000000372                COMP_LPCOMP_IRQHandler
                0x0000000000000374                nRFInitialize
 .init          0x0000000000000378       0x60 Output/spi_pca10040 Release/Obj/ses_startup_nrf_common.o
                0x0000000000000378                Reset_Handler
                0x00000000000003a0                InitializeUserMemorySections
                0x00000000000003d8                __init_end__ = (__init_start__ + SIZEOF (.init))
                0x00000000000001d8                __init_size__ = SIZEOF (.init)
                0x00000000000003d8                __init_load_end__ = __init_end__
                0x0000000000000001                . = ASSERT (((__init_start__ == __init_end__) || ((__init_end__ >= __FLASH_segment_start__) && (__init_end__ <= __FLASH_segment_end__))), error: .init is too large to fit in FLASH memory segment)
                0x00000000000003d8                __init_rodata_load_start__ = ALIGN (__init_end__, 0x4)

.init_rodata    0x00000000000003d8        0x0
                0x00000000000003d8                __init_rodata_start__ = .
 *(.init_rodata .init_rodata.*)
                0x00000000000003d8                __init_rodata_end__ = (__init_rodata_start__ + SIZEOF (.init_rodata))
                0x0000000000000000                __init_rodata_size__ = SIZEOF (.init_rodata)
                0x00000000000003d8                __init_rodata_load_end__ = __init_rodata_end__
                0x0000000000000001                . = ASSERT (((__init_rodata_start__ == __init_rodata_end__) || ((__init_rodata_end__ >= __FLASH_segment_start__) && (__init_rodata_end__ <= __FLASH_segment_end__))), error: .init_rodata is too large to fit in FLASH memory segment)
                0x00000000000003d8                __text_load_start__ = ALIGN (__init_rodata_end__, 0x4)

.text           0x00000000000003d8     0x2d4e
                0x00000000000003d8                __text_start__ = .
 *(.text .text.* .glue_7t .glue_7 .gnu.linkonce.t.* .gcc_except_table .ARM.extab* .gnu.linkonce.armextab.*)
 .glue_7        0x00000000000003d8        0x0 linker stubs
 .glue_7t       0x00000000000003d8        0x0 linker stubs
 .text.nrf_log_backend_rtt_flush
                0x00000000000003d8        0x2 Output/spi_pca10040 Release/Obj/nrf_log_backend_rtt.o
 *fill*         0x00000000000003da        0x2 
 .text.nrf_log_backend_rtt_put
                0x00000000000003dc       0x1c Output/spi_pca10040 Release/Obj/nrf_log_backend_rtt.o
 .text.serial_tx
                0x00000000000003f8       0x50 Output/spi_pca10040 Release/Obj/nrf_log_backend_rtt.o
 .text.nrf_log_backend_rtt_panic_set
                0x0000000000000448        0x2 Output/spi_pca10040 Release/Obj/nrf_log_backend_rtt.o
 .text.nrf_log_backend_rtt_init
                0x000000000000044a        0x4 Output/spi_pca10040 Release/Obj/nrf_log_backend_rtt.o
                0x000000000000044a                nrf_log_backend_rtt_init
 .text.nrf_log_backend_serial_put
                0x000000000000044e       0xcc Output/spi_pca10040 Release/Obj/nrf_log_backend_serial.o
                0x000000000000044e                nrf_log_backend_serial_put
 *fill*         0x000000000000051a        0x2 
 .text.uart_evt_handler
                0x000000000000051c        0xc Output/spi_pca10040 Release/Obj/nrf_log_backend_uart.o
 .text.nrf_log_backend_uart_flush
                0x0000000000000528        0x2 Output/spi_pca10040 Release/Obj/nrf_log_backend_uart.o
 *fill*         0x000000000000052a        0x2 
 .text.uart_init
                0x000000000000052c       0x4c Output/spi_pca10040 Release/Obj/nrf_log_backend_uart.o
 .text.nrf_log_backend_uart_put
                0x0000000000000578       0x1c Output/spi_pca10040 Release/Obj/nrf_log_backend_uart.o
 .text.serial_tx
                0x0000000000000594       0x48 Output/spi_pca10040 Release/Obj/nrf_log_backend_uart.o
 .text.nrf_log_backend_uart_panic_set
                0x00000000000005dc       0x2c Output/spi_pca10040 Release/Obj/nrf_log_backend_uart.o
 .text.nrf_log_backend_uart_init
                0x0000000000000608        0x6 Output/spi_pca10040 Release/Obj/nrf_log_backend_uart.o
                0x0000000000000608                nrf_log_backend_uart_init
 *fill*         0x000000000000060e        0x2 
 .text.nrf_log_default_backends_init
                0x0000000000000610       0x38 Output/spi_pca10040 Release/Obj/nrf_log_default_backends.o
                0x0000000000000610                nrf_log_default_backends_init
 .text.invalid_packets_omit
                0x0000000000000648       0x3a Output/spi_pca10040 Release/Obj/nrf_log_frontend.o
 *fill*         0x0000000000000682        0x2 
 .text.buf_prealloc
                0x0000000000000684      0x12c Output/spi_pca10040 Release/Obj/nrf_log_frontend.o
 .text.nrf_log_init
                0x00000000000007b0       0x3c Output/spi_pca10040 Release/Obj/nrf_log_frontend.o
                0x00000000000007b0                nrf_log_init
 .text.nrf_log_module_name_get
                0x00000000000007ec       0x38 Output/spi_pca10040 Release/Obj/nrf_log_frontend.o
                0x00000000000007ec                nrf_log_module_name_get
 .text.nrf_log_color_id_get
                0x0000000000000824       0x2c Output/spi_pca10040 Release/Obj/nrf_log_frontend.o
                0x0000000000000824                nrf_log_color_id_get
 .text.buffer_is_empty
                0x0000000000000850       0x14 Output/spi_pca10040 Release/Obj/nrf_log_frontend.o
                0x0000000000000850                buffer_is_empty
 .text.nrf_log_frontend_dequeue
                0x0000000000000864      0x220 Output/spi_pca10040 Release/Obj/nrf_log_frontend.o
                0x0000000000000864                nrf_log_frontend_dequeue
 .text.std_n    0x0000000000000a84       0xb0 Output/spi_pca10040 Release/Obj/nrf_log_frontend.o
 .text.nrf_log_frontend_std_0
                0x0000000000000b34        0x8 Output/spi_pca10040 Release/Obj/nrf_log_frontend.o
                0x0000000000000b34                nrf_log_frontend_std_0
 .text.nrf_log_frontend_std_1
                0x0000000000000b3c       0x14 Output/spi_pca10040 Release/Obj/nrf_log_frontend.o
                0x0000000000000b3c                nrf_log_frontend_std_1
 .text.nrf_log_frontend_hexdump
                0x0000000000000b50       0xd0 Output/spi_pca10040 Release/Obj/nrf_log_frontend.o
                0x0000000000000b50                nrf_log_frontend_hexdump
 .text.nrf_log_backend_add
                0x0000000000000c20       0x44 Output/spi_pca10040 Release/Obj/nrf_log_frontend.o
                0x0000000000000c20                nrf_log_backend_add
 .text.nrf_log_panic
                0x0000000000000c64       0x2c Output/spi_pca10040 Release/Obj/nrf_log_frontend.o
                0x0000000000000c64                nrf_log_panic
 .text.postfix_process
                0x0000000000000c90       0x3c Output/spi_pca10040 Release/Obj/nrf_log_str_formatter.o
 .text.prefix_process
                0x0000000000000ccc       0x78 Output/spi_pca10040 Release/Obj/nrf_log_str_formatter.o
 .text.nrf_log_std_entry_process
                0x0000000000000d44       0xc8 Output/spi_pca10040 Release/Obj/nrf_log_str_formatter.o
                0x0000000000000d44                nrf_log_std_entry_process
 .text.nrf_log_hexdump_entry_process
                0x0000000000000e0c       0xac Output/spi_pca10040 Release/Obj/nrf_log_str_formatter.o
                0x0000000000000e0c                nrf_log_hexdump_entry_process
 .text.app_error_handler_bare
                0x0000000000000eb8       0x1a Output/spi_pca10040 Release/Obj/app_error.o
                0x0000000000000eb8                app_error_handler_bare
 *fill*         0x0000000000000ed2        0x2 
 .text.app_error_fault_handler
                0x0000000000000ed4       0x40 Output/spi_pca10040 Release/Obj/app_error_weak.o
                0x0000000000000ed4                app_error_fault_handler
 .text.nrfx_coredep_delay_us.constprop.3
                0x0000000000000f14       0x10 Output/spi_pca10040 Release/Obj/app_timer.o
 .text.rtc1_stop
                0x0000000000000f24       0x44 Output/spi_pca10040 Release/Obj/app_timer.o
 .text.RTC1_IRQHandler
                0x0000000000000f68       0x9c Output/spi_pca10040 Release/Obj/app_timer.o
                0x0000000000000f68                RTC1_IRQHandler
 .text.SWI0_EGU0_IRQHandler
                0x0000000000001004      0x2ac Output/spi_pca10040 Release/Obj/app_timer.o
                0x0000000000001004                SWI0_EGU0_IRQHandler
 .text.app_util_disable_irq
                0x00000000000012b0       0x10 Output/spi_pca10040 Release/Obj/app_util_platform.o
                0x00000000000012b0                app_util_disable_irq
 .text.app_util_enable_irq
                0x00000000000012c0       0x14 Output/spi_pca10040 Release/Obj/app_util_platform.o
                0x00000000000012c0                app_util_enable_irq
 .text.app_util_critical_region_enter
                0x00000000000012d4        0x4 Output/spi_pca10040 Release/Obj/app_util_platform.o
                0x00000000000012d4                app_util_critical_region_enter
 .text.app_util_critical_region_exit
                0x00000000000012d8        0x4 Output/spi_pca10040 Release/Obj/app_util_platform.o
                0x00000000000012d8                app_util_critical_region_exit
 .text.nrf_atomic_u32_fetch_store
                0x00000000000012dc       0x14 Output/spi_pca10040 Release/Obj/nrf_atomic.o
                0x00000000000012dc                nrf_atomic_u32_fetch_store
 .text.nrf_atomic_u32_or
                0x00000000000012f0       0x16 Output/spi_pca10040 Release/Obj/nrf_atomic.o
                0x00000000000012f0                nrf_atomic_u32_or
 .text.nrf_atomic_u32_fetch_and
                0x0000000000001306       0x16 Output/spi_pca10040 Release/Obj/nrf_atomic.o
                0x0000000000001306                nrf_atomic_u32_fetch_and
 .text.nrf_atomic_u32_add
                0x000000000000131c       0x16 Output/spi_pca10040 Release/Obj/nrf_atomic.o
                0x000000000000131c                nrf_atomic_u32_add
 .text.nrf_atomic_u32_sub
                0x0000000000001332       0x16 Output/spi_pca10040 Release/Obj/nrf_atomic.o
                0x0000000000001332                nrf_atomic_u32_sub
 .text.nrf_atomic_flag_set
                0x0000000000001348        0x6 Output/spi_pca10040 Release/Obj/nrf_atomic.o
                0x0000000000001348                nrf_atomic_flag_set
 .text.nrf_atomic_flag_clear_fetch
                0x000000000000134e        0x6 Output/spi_pca10040 Release/Obj/nrf_atomic.o
                0x000000000000134e                nrf_atomic_flag_clear_fetch
 .text.nrf_balloc_init
                0x0000000000001354       0x2e Output/spi_pca10040 Release/Obj/nrf_balloc.o
                0x0000000000001354                nrf_balloc_init
 .text.nrf_balloc_alloc
                0x0000000000001382       0x40 Output/spi_pca10040 Release/Obj/nrf_balloc.o
                0x0000000000001382                nrf_balloc_alloc
 .text.nrf_balloc_free
                0x00000000000013c2       0x2a Output/spi_pca10040 Release/Obj/nrf_balloc.o
                0x00000000000013c2                nrf_balloc_free
 .text.nrf_fprintf_buffer_flush
                0x00000000000013ec       0x16 Output/spi_pca10040 Release/Obj/nrf_fprintf.o
                0x00000000000013ec                nrf_fprintf_buffer_flush
 .text.nrf_fprintf
                0x0000000000001402       0x1e Output/spi_pca10040 Release/Obj/nrf_fprintf.o
                0x0000000000001402                nrf_fprintf
 .text.buffer_add
                0x0000000000001420       0x1e Output/spi_pca10040 Release/Obj/nrf_fprintf_format.o
 *fill*         0x000000000000143e        0x2 
 .text.unsigned_print
                0x0000000000001440       0xac Output/spi_pca10040 Release/Obj/nrf_fprintf_format.o
 .text.nrf_fprintf_fmt
                0x00000000000014ec      0x28a Output/spi_pca10040 Release/Obj/nrf_fprintf_format.o
                0x00000000000014ec                nrf_fprintf_fmt
 .text.memobj_op
                0x0000000000001776       0x82 Output/spi_pca10040 Release/Obj/nrf_memobj.o
 .text.nrf_memobj_pool_init
                0x00000000000017f8        0x4 Output/spi_pca10040 Release/Obj/nrf_memobj.o
                0x00000000000017f8                nrf_memobj_pool_init
 .text.nrf_memobj_free
                0x00000000000017fc       0x2c Output/spi_pca10040 Release/Obj/nrf_memobj.o
                0x00000000000017fc                nrf_memobj_free
 .text.nrf_memobj_alloc
                0x0000000000001828       0x5e Output/spi_pca10040 Release/Obj/nrf_memobj.o
                0x0000000000001828                nrf_memobj_alloc
 .text.nrf_memobj_get
                0x0000000000001886        0x8 Output/spi_pca10040 Release/Obj/nrf_memobj.o
                0x0000000000001886                nrf_memobj_get
 .text.nrf_memobj_put
                0x000000000000188e       0x1e Output/spi_pca10040 Release/Obj/nrf_memobj.o
                0x000000000000188e                nrf_memobj_put
 .text.nrf_memobj_write
                0x00000000000018ac       0x16 Output/spi_pca10040 Release/Obj/nrf_memobj.o
                0x00000000000018ac                nrf_memobj_write
 .text.nrf_memobj_read
                0x00000000000018c2       0x16 Output/spi_pca10040 Release/Obj/nrf_memobj.o
                0x00000000000018c2                nrf_memobj_read
 .text.nrf_ringbuf_init
                0x00000000000018d8       0x12 Output/spi_pca10040 Release/Obj/nrf_ringbuf.o
                0x00000000000018d8                nrf_ringbuf_init
 *fill*         0x00000000000018ea        0x2 
 .text.spim_evt_handler
                0x00000000000018ec       0x3c Output/spi_pca10040 Release/Obj/nrf_drv_spi.o
 .text.nrf_drv_spi_init
                0x0000000000001928       0x80 Output/spi_pca10040 Release/Obj/nrf_drv_spi.o
                0x0000000000001928                nrf_drv_spi_init
 .text.uarte_evt_handler
                0x00000000000019a8       0x34 Output/spi_pca10040 Release/Obj/nrf_drv_uart.o
 .text.uart_evt_handler
                0x00000000000019dc       0x34 Output/spi_pca10040 Release/Obj/nrf_drv_uart.o
 .text.nrf_drv_uart_init
                0x0000000000001a10       0x7c Output/spi_pca10040 Release/Obj/nrf_drv_uart.o
                0x0000000000001a10                nrf_drv_uart_init
 .text.nrf_gpiote_event_clear
                0x0000000000001a8c       0x18 Output/spi_pca10040 Release/Obj/nrfx_gpiote.o
 .text.nrf_gpio_cfg_sense_set
                0x0000000000001aa4       0x20 Output/spi_pca10040 Release/Obj/nrfx_gpiote.o
 .text.GPIOTE_IRQHandler
                0x0000000000001ac4      0x17c Output/spi_pca10040 Release/Obj/nrfx_gpiote.o
                0x0000000000001ac4                GPIOTE_IRQHandler
 .text.UARTE0_UART0_IRQHandler
                0x0000000000001c40        0xc Output/spi_pca10040 Release/Obj/nrfx_prs.o
                0x0000000000001c40                UARTE0_UART0_IRQHandler
 .text.nrfx_prs_acquire
                0x0000000000001c4c       0x34 Output/spi_pca10040 Release/Obj/nrfx_prs.o
                0x0000000000001c4c                nrfx_prs_acquire
 .text.nrfx_prs_release
                0x0000000000001c80       0x18 Output/spi_pca10040 Release/Obj/nrfx_prs.o
                0x0000000000001c80                nrfx_prs_release
 .text.SPIM0_SPIS0_TWIM0_TWIS0_SPI0_TWI0_IRQHandler
                0x0000000000001c98       0x58 Output/spi_pca10040 Release/Obj/nrfx_spim.o
                0x0000000000001c98                SPIM0_SPIS0_TWIM0_TWIS0_SPI0_TWI0_IRQHandler
 .text.nrfx_spim_init
                0x0000000000001cf0      0x1d8 Output/spi_pca10040 Release/Obj/nrfx_spim.o
                0x0000000000001cf0                nrfx_spim_init
 .text.nrfx_spim_xfer
                0x0000000000001ec8      0x128 Output/spi_pca10040 Release/Obj/nrfx_spim.o
                0x0000000000001ec8                nrfx_spim_xfer
 .text.nrf_uart_event_clear
                0x0000000000001ff0       0x10 Output/spi_pca10040 Release/Obj/nrfx_uart.o
 .text.tx_byte  0x0000000000002000       0x1e Output/spi_pca10040 Release/Obj/nrfx_uart.o
 .text.rx_byte  0x000000000000201e       0x2c Output/spi_pca10040 Release/Obj/nrfx_uart.o
 *fill*         0x000000000000204a        0x2 
 .text.rx_done_event.constprop.8
                0x000000000000204c       0x20 Output/spi_pca10040 Release/Obj/nrfx_uart.o
 .text.nrfx_uart_0_irq_handler
                0x000000000000206c      0x13c Output/spi_pca10040 Release/Obj/nrfx_uart.o
                0x000000000000206c                nrfx_uart_0_irq_handler
 .text.nrfx_uart_init
                0x00000000000021a8      0x180 Output/spi_pca10040 Release/Obj/nrfx_uart.o
                0x00000000000021a8                nrfx_uart_init
 .text.nrfx_uart_uninit
                0x0000000000002328       0xc8 Output/spi_pca10040 Release/Obj/nrfx_uart.o
                0x0000000000002328                nrfx_uart_uninit
 .text.nrfx_uart_tx
                0x00000000000023f0       0x94 Output/spi_pca10040 Release/Obj/nrfx_uart.o
                0x00000000000023f0                nrfx_uart_tx
 .text.nrf_uarte_event_clear
                0x0000000000002484       0x10 Output/spi_pca10040 Release/Obj/nrfx_uarte.o
 .text.rx_done_event.constprop.7
                0x0000000000002494       0x24 Output/spi_pca10040 Release/Obj/nrfx_uarte.o
 .text.nrfx_uarte_0_irq_handler
                0x00000000000024b8       0xec Output/spi_pca10040 Release/Obj/nrfx_uarte.o
                0x00000000000024b8                nrfx_uarte_0_irq_handler
 .text.nrfx_uarte_init
                0x00000000000025a4      0x190 Output/spi_pca10040 Release/Obj/nrfx_uarte.o
                0x00000000000025a4                nrfx_uarte_init
 .text.nrfx_uarte_uninit
                0x0000000000002734       0xc8 Output/spi_pca10040 Release/Obj/nrfx_uarte.o
                0x0000000000002734                nrfx_uarte_uninit
 .text.nrfx_uarte_tx
                0x00000000000027fc       0x88 Output/spi_pca10040 Release/Obj/nrfx_uarte.o
                0x00000000000027fc                nrfx_uarte_tx
 .text.gps_spi_event_handler
                0x0000000000002884       0x5c Output/spi_pca10040 Release/Obj/main.o
                0x0000000000002884                gps_spi_event_handler
 .text.nrf_delay_ms.part.1
                0x00000000000028e0       0x1c Output/spi_pca10040 Release/Obj/main.o
 .text.gps_spi_init
                0x00000000000028fc       0x5c Output/spi_pca10040 Release/Obj/main.o
                0x00000000000028fc                gps_spi_init
 .text.gps_pulse
                0x0000000000002958       0x1c Output/spi_pca10040 Release/Obj/main.o
                0x0000000000002958                gps_pulse
 .text.gps_init
                0x0000000000002974       0x98 Output/spi_pca10040 Release/Obj/main.o
                0x0000000000002974                gps_init
 .text.startup.main
                0x0000000000002a0c       0xc0 Output/spi_pca10040 Release/Obj/main.o
                0x0000000000002a0c                main
 .text._GetAvailWriteSpace
                0x0000000000002acc       0x1c Output/spi_pca10040 Release/Obj/SEGGER_RTT.o
 .text._WriteNoCheck
                0x0000000000002ae8       0x3a Output/spi_pca10040 Release/Obj/SEGGER_RTT.o
 .text._WriteBlocking
                0x0000000000002b22       0x52 Output/spi_pca10040 Release/Obj/SEGGER_RTT.o
 .text._DoInit  0x0000000000002b74       0x60 Output/spi_pca10040 Release/Obj/SEGGER_RTT.o
 .text.SEGGER_RTT_WriteNoLock
                0x0000000000002bd4       0x68 Output/spi_pca10040 Release/Obj/SEGGER_RTT.o
                0x0000000000002bd4                SEGGER_RTT_WriteNoLock
 .text.SEGGER_RTT_Init
                0x0000000000002c3c        0x4 Output/spi_pca10040 Release/Obj/SEGGER_RTT.o
                0x0000000000002c3c                SEGGER_RTT_Init
 .text.errata_12
                0x0000000000002c40       0x40 Output/spi_pca10040 Release/Obj/system_nrf52.o
 .text.errata_16
                0x0000000000002c80       0x34 Output/spi_pca10040 Release/Obj/system_nrf52.o
 .text.SystemInit
                0x0000000000002cb4      0x25c Output/spi_pca10040 Release/Obj/system_nrf52.o
                0x0000000000002cb4                SystemInit
 .text.libc.__RAL_ascii_isctype
                0x0000000000002f10       0x1c C:/SEGGER_EmbS/lib/libc_v7em_fpv4_sp_d16_hard_t_le_eabi.a(libc2.o)
 .text.libc.__RAL_ascii_toupper
                0x0000000000002f2c        0xc C:/SEGGER_EmbS/lib/libc_v7em_fpv4_sp_d16_hard_t_le_eabi.a(libc2.o)
 .text.libc.__RAL_ascii_tolower
                0x0000000000002f38        0xc C:/SEGGER_EmbS/lib/libc_v7em_fpv4_sp_d16_hard_t_le_eabi.a(libc2.o)
 .text.libc.__RAL_ascii_iswctype
                0x0000000000002f44       0x1c C:/SEGGER_EmbS/lib/libc_v7em_fpv4_sp_d16_hard_t_le_eabi.a(libc2.o)
 .text.libc.__RAL_ascii_towupper
                0x0000000000002f60        0xc C:/SEGGER_EmbS/lib/libc_v7em_fpv4_sp_d16_hard_t_le_eabi.a(libc2.o)
 .text.libc.__RAL_ascii_towlower
                0x0000000000002f6c        0xc C:/SEGGER_EmbS/lib/libc_v7em_fpv4_sp_d16_hard_t_le_eabi.a(libc2.o)
 .text.libc.__RAL_ascii_wctomb
                0x0000000000002f78        0xe C:/SEGGER_EmbS/lib/libc_v7em_fpv4_sp_d16_hard_t_le_eabi.a(libc2.o)
                0x0000000000002f78                __RAL_ascii_wctomb
 .text.libc.__RAL_ascii_mbtowc
                0x0000000000002f86       0x24 C:/SEGGER_EmbS/lib/libc_v7em_fpv4_sp_d16_hard_t_le_eabi.a(libc2.o)
                0x0000000000002f86                __RAL_ascii_mbtowc
 *fill*         0x0000000000002faa        0x2 
 .text.libc.__RAL_isctype
                0x0000000000002fac       0x14 C:/SEGGER_EmbS/lib/libc_v7em_fpv4_sp_d16_hard_t_le_eabi.a(libc2.o)
                0x0000000000002fac                __RAL_isctype
 .text.libc.isprint
                0x0000000000002fc0        0xa C:/SEGGER_EmbS/lib/libc_v7em_fpv4_sp_d16_hard_t_le_eabi.a(libc2.o)
                0x0000000000002fc0                isprint
 .text.libc.memcpy
                0x0000000000002fca       0x52 C:/SEGGER_EmbS/lib/libc_v7em_fpv4_sp_d16_hard_t_le_eabi.a(libc2_asm.o)
                0x0000000000002fca                __aeabi_memcpy
                0x0000000000002fca                memcpy
                0x0000000000002fd6                __aeabi_memcpy8
                0x0000000000002fd6                __aeabi_memcpy4
 .text.libc.memset
                0x000000000000301c       0x66 C:/SEGGER_EmbS/lib/libc_v7em_fpv4_sp_d16_hard_t_le_eabi.a(libc2_asm.o)
                0x000000000000301c                memset
 .text.libc.strcpy
                0x0000000000003082       0x44 C:/SEGGER_EmbS/lib/libc_v7em_fpv4_sp_d16_hard_t_le_eabi.a(libc2_asm.o)
                0x0000000000003082                strcpy
 .text.libc.strlen
                0x00000000000030c6       0x60 C:/SEGGER_EmbS/lib/libc_v7em_fpv4_sp_d16_hard_t_le_eabi.a(libc2_asm.o)
                0x00000000000030c6                strlen
                0x0000000000003126                __text_end__ = (__text_start__ + SIZEOF (.text))
                0x0000000000002d4e                __text_size__ = SIZEOF (.text)
                0x0000000000003126                __text_load_end__ = __text_end__

.vfp11_veneer   0x0000000100000000        0x0
 .vfp11_veneer  0x0000000100000000        0x0 linker stubs

.v4_bx          0x0000000100000000        0x0
 .v4_bx         0x0000000100000000        0x0 linker stubs

.iplt           0x0000000100000000        0x0
 .iplt          0x0000000100000000        0x0 Output/spi_pca10040 Release/Obj/thumb_crt0.o
                0x0000000000000001                . = ASSERT (((__text_start__ == __text_end__) || ((__text_end__ >= __FLASH_segment_start__) && (__text_end__ <= __FLASH_segment_end__))), error: .text is too large to fit in FLASH memory segment)
                0x0000000000003128                __log_const_data_load_start__ = ALIGN (__text_end__, 0x4)

.log_const_data
                0x0000000000003128       0x30
                0x0000000000003128                __log_const_data_start__ = .
                0x0000000000003128                __start_log_const_data = __log_const_data_start__
 *(SORT_BY_NAME(.log_const_data*))
 .log_const_data_GPIOTE
                0x0000000000003128        0x8 Output/spi_pca10040 Release/Obj/nrfx_gpiote.o
                0x0000000000003128                m_nrf_log_GPIOTE_logs_data_const
 .log_const_data_PRS
                0x0000000000003130        0x8 Output/spi_pca10040 Release/Obj/nrfx_prs.o
                0x0000000000003130                m_nrf_log_PRS_logs_data_const
 .log_const_data_SPIM
                0x0000000000003138        0x8 Output/spi_pca10040 Release/Obj/nrfx_spim.o
                0x0000000000003138                m_nrf_log_SPIM_logs_data_const
 .log_const_data_UART
                0x0000000000003140        0x8 Output/spi_pca10040 Release/Obj/nrfx_uart.o
                0x0000000000003140                m_nrf_log_UART_logs_data_const
 .log_const_data_UARTE
                0x0000000000003148        0x8 Output/spi_pca10040 Release/Obj/nrfx_uarte.o
                0x0000000000003148                m_nrf_log_UARTE_logs_data_const
 .log_const_data_app
                0x0000000000003150        0x8 Output/spi_pca10040 Release/Obj/nrf_log_frontend.o
                0x0000000000003150                m_nrf_log_app_logs_data_const
                0x0000000000003158                __log_const_data_end__ = (__log_const_data_start__ + SIZEOF (.log_const_data))
                0x0000000000000030                __log_const_data_size__ = SIZEOF (.log_const_data)
                0x0000000000003158                __stop_log_const_data = __log_const_data_end__
                0x0000000000003158                __log_const_data_load_end__ = __log_const_data_end__
                0x0000000000000001                . = ASSERT (((__log_const_data_start__ == __log_const_data_end__) || ((__log_const_data_end__ >= __FLASH_segment_start__) && (__log_const_data_end__ <= __FLASH_segment_end__))), error: .log_const_data is too large to fit in FLASH memory segment)
                0x0000000000003158                __log_backends_load_start__ = ALIGN (__log_const_data_end__, 0x4)

.log_backends   0x0000000000003158       0x20
                0x0000000000003158                __log_backends_start__ = .
                0x0000000000003158                __start_log_backends = __log_backends_start__
 *(SORT_BY_NAME(.log_backends*))
 .log_backends  0x0000000000003158       0x20 Output/spi_pca10040 Release/Obj/nrf_log_default_backends.o
                0x0000000000003178                __log_backends_end__ = (__log_backends_start__ + SIZEOF (.log_backends))
                0x0000000000000020                __log_backends_size__ = SIZEOF (.log_backends)
                0x0000000000003178                __stop_log_backends = __log_backends_end__
                0x0000000000003178                __log_backends_load_end__ = __log_backends_end__
                0x0000000000000001                . = ASSERT (((__log_backends_start__ == __log_backends_end__) || ((__log_backends_end__ >= __FLASH_segment_start__) && (__log_backends_end__ <= __FLASH_segment_end__))), error: .log_backends is too large to fit in FLASH memory segment)
                0x0000000000003178                __nrf_balloc_load_start__ = ALIGN (__log_backends_end__, 0x4)

.nrf_balloc     0x0000000000003178       0x14
                0x0000000000003178                __nrf_balloc_start__ = .
                0x0000000000003178                __start_nrf_balloc = __nrf_balloc_start__
 *(.nrf_balloc*)
 .nrf_balloc    0x0000000000003178       0x14 Output/spi_pca10040 Release/Obj/nrf_log_frontend.o
                0x0000000000003178                log_mempool
                0x000000000000318c                __nrf_balloc_end__ = (__nrf_balloc_start__ + SIZEOF (.nrf_balloc))
                0x0000000000000014                __nrf_balloc_size__ = SIZEOF (.nrf_balloc)
                0x000000000000318c                __stop_nrf_balloc = __nrf_balloc_end__
                0x000000000000318c                __nrf_balloc_load_end__ = __nrf_balloc_end__
                0x0000000000000001                . = ASSERT (((__nrf_balloc_start__ == __nrf_balloc_end__) || ((__nrf_balloc_end__ >= __FLASH_segment_start__) && (__nrf_balloc_end__ <= __FLASH_segment_end__))), error: .nrf_balloc is too large to fit in FLASH memory segment)
                0x000000000000318c                __nrf_sections_load_start__ = ALIGN (__nrf_balloc_end__, 0x4)

.nrf_sections   0x000000000000318c        0x0
                0x000000000000318c                __nrf_sections_start__ = .
                0x000000000000318c                __start_nrf_sections = __nrf_sections_start__
 *(.nrf_sections .nrf_sections.*)
                0x000000000000318c                __nrf_sections_end__ = (__nrf_sections_start__ + SIZEOF (.nrf_sections))
                0x0000000000000000                __nrf_sections_size__ = SIZEOF (.nrf_sections)
                0x000000000000318c                __nrf_sections_load_end__ = __nrf_sections_end__
                0x0000000000000001                . = ASSERT (((__nrf_sections_start__ == __nrf_sections_end__) || ((__nrf_sections_end__ >= __FLASH_segment_start__) && (__nrf_sections_end__ <= __FLASH_segment_end__))), error: .nrf_sections is too large to fit in FLASH memory segment)
                0x000000000000318c                __log_dynamic_data_load_start__ = ALIGN (__nrf_sections_end__, 0x4)

.log_dynamic_data
                0x0000000020000000        0x0 load address 0x000000000000318c
                0x0000000020000000                __log_dynamic_data_start__ = .
 *(SORT_BY_NAME(.log_dynamic_data*))
                0x0000000020000000                __log_dynamic_data_end__ = (__log_dynamic_data_start__ + SIZEOF (.log_dynamic_data))
                0x0000000000000000                __log_dynamic_data_size__ = SIZEOF (.log_dynamic_data)
                0x000000000000318c                __log_dynamic_data_load_end__ = (__log_dynamic_data_load_start__ + SIZEOF (.log_dynamic_data))
                0x0000000000000001                . = ASSERT (((__log_dynamic_data_load_start__ == __log_dynamic_data_load_end__) || ((__log_dynamic_data_load_end__ >= __FLASH_segment_start__) && (__log_dynamic_data_load_end__ <= __FLASH_segment_end__))), error: .log_dynamic_data is too large to fit in FLASH memory segment)

.log_dynamic_data_run
                0x0000000020000000        0x0
                0x0000000020000000                __log_dynamic_data_run_start__ = .
                0x0000000020000000                __start_log_dynamic_data = __log_dynamic_data_run_start__
                0x0000000020000000                . = MAX ((__log_dynamic_data_run_start__ + SIZEOF (.log_dynamic_data)), .)
                0x0000000020000000                __log_dynamic_data_run_end__ = (__log_dynamic_data_run_start__ + SIZEOF (.log_dynamic_data_run))
                0x0000000000000000                __log_dynamic_data_run_size__ = SIZEOF (.log_dynamic_data_run)
                0x0000000020000000                __stop_log_dynamic_data = __log_dynamic_data_run_end__
                0x0000000020000000                __log_dynamic_data_run_load_end__ = __log_dynamic_data_run_end__
                0x0000000000000001                . = ASSERT (((__log_dynamic_data_run_start__ == __log_dynamic_data_run_end__) || ((__log_dynamic_data_run_end__ >= __RAM_segment_start__) && (__log_dynamic_data_run_end__ <= __RAM_segment_end__))), error: .log_dynamic_data_run is too large to fit in RAM memory segment)
                0x000000000000318c                __log_filter_data_load_start__ = ALIGN ((__log_dynamic_data_load_start__ + SIZEOF (.log_dynamic_data)), 0x4)

.log_filter_data
                0x0000000020000000        0x0 load address 0x000000000000318c
                0x0000000020000000                __log_filter_data_start__ = .
 *(SORT_BY_NAME(.log_filter_data*))
                0x0000000020000000                __log_filter_data_end__ = (__log_filter_data_start__ + SIZEOF (.log_filter_data))
                0x0000000000000000                __log_filter_data_size__ = SIZEOF (.log_filter_data)
                0x000000000000318c                __log_filter_data_load_end__ = (__log_filter_data_load_start__ + SIZEOF (.log_filter_data))
                0x0000000000000001                . = ASSERT (((__log_filter_data_load_start__ == __log_filter_data_load_end__) || ((__log_filter_data_load_end__ >= __FLASH_segment_start__) && (__log_filter_data_load_end__ <= __FLASH_segment_end__))), error: .log_filter_data is too large to fit in FLASH memory segment)

.log_filter_data_run
                0x0000000020000000        0x0
                0x0000000020000000                __log_filter_data_run_start__ = .
                0x0000000020000000                __start_log_filter_data = __log_filter_data_run_start__
                0x0000000020000000                . = MAX ((__log_filter_data_run_start__ + SIZEOF (.log_filter_data)), .)
                0x0000000020000000                __log_filter_data_run_end__ = (__log_filter_data_run_start__ + SIZEOF (.log_filter_data_run))
                0x0000000000000000                __log_filter_data_run_size__ = SIZEOF (.log_filter_data_run)
                0x0000000020000000                __stop_log_filter_data = __log_filter_data_run_end__
                0x0000000020000000                __log_filter_data_run_load_end__ = __log_filter_data_run_end__
                0x0000000000000001                . = ASSERT (((__log_filter_data_run_start__ == __log_filter_data_run_end__) || ((__log_filter_data_run_end__ >= __RAM_segment_start__) && (__log_filter_data_run_end__ <= __RAM_segment_end__))), error: .log_filter_data_run is too large to fit in RAM memory segment)
                0x0000000020000000                __nrf_sections_run_end_load_start__ = ALIGN (__log_filter_data_run_end__, 0x4)

.nrf_sections_run_end
                0x0000000020000000        0x0
                0x0000000020000000                __nrf_sections_run_end_start__ = .
                0x0000000020000000                __end_nrf_sections_run = __nrf_sections_run_end_start__
 *(.nrf_sections_run_end .nrf_sections_run_end.*)
                0x0000000020000000                __nrf_sections_run_end_end__ = (__nrf_sections_run_end_start__ + SIZEOF (.nrf_sections_run_end))
                0x0000000000000000                __nrf_sections_run_end_size__ = SIZEOF (.nrf_sections_run_end)
                0x0000000020000000                __nrf_sections_run_end_load_end__ = __nrf_sections_run_end_end__
                0x0000000000000001                . = ASSERT (((__nrf_sections_run_end_start__ == __nrf_sections_run_end_end__) || ((__nrf_sections_run_end_end__ >= __RAM_segment_start__) && (__nrf_sections_run_end_end__ <= __RAM_segment_end__))), error: .nrf_sections_run_end is too large to fit in RAM memory segment)
                0x000000000000318c                __dtors_load_start__ = ALIGN ((__log_filter_data_load_start__ + SIZEOF (.log_filter_data)), 0x4)

.dtors          0x000000000000318c        0x0
                0x000000000000318c                __dtors_start__ = .
 *(SORT_BY_NAME(.dtors.*))
 *(.dtors)
 *(.fini_array)
 *(SORT_BY_NAME(.fini_array.*))
                0x000000000000318c                __dtors_end__ = (__dtors_start__ + SIZEOF (.dtors))
                0x0000000000000000                __dtors_size__ = SIZEOF (.dtors)
                0x000000000000318c                __dtors_load_end__ = __dtors_end__
                0x0000000000000001                . = ASSERT (((__dtors_start__ == __dtors_end__) || ((__dtors_end__ >= __FLASH_segment_start__) && (__dtors_end__ <= __FLASH_segment_end__))), error: .dtors is too large to fit in FLASH memory segment)
                0x000000000000318c                __ctors_load_start__ = ALIGN (__dtors_end__, 0x4)

.ctors          0x000000000000318c        0x0
                0x000000000000318c                __ctors_start__ = .
 *(SORT_BY_NAME(.ctors.*))
 *(.ctors)
 *(.init_array)
 *(SORT_BY_NAME(.init_array.*))
                0x000000000000318c                __ctors_end__ = (__ctors_start__ + SIZEOF (.ctors))
                0x0000000000000000                __ctors_size__ = SIZEOF (.ctors)
                0x000000000000318c                __ctors_load_end__ = __ctors_end__
                0x0000000000000001                . = ASSERT (((__ctors_start__ == __ctors_end__) || ((__ctors_end__ >= __FLASH_segment_start__) && (__ctors_end__ <= __FLASH_segment_end__))), error: .ctors is too large to fit in FLASH memory segment)
                0x000000000000318c                __rodata_load_start__ = ALIGN (__ctors_end__, 0x4)

.rodata         0x000000000000318c      0x520
                0x000000000000318c                __rodata_start__ = .
 *(.rodata .rodata.* .gnu.linkonce.r.*)
 *fill*         0x000000000000318c        0x4 
 .rodata.delay_bytecode.8101
                0x0000000000003190        0x6 Output/spi_pca10040 Release/Obj/nrf_log_backend_rtt.o
 *fill*         0x0000000000003196        0x2 
 .rodata.nrf_log_backend_rtt_api
                0x0000000000003198        0xc Output/spi_pca10040 Release/Obj/nrf_log_backend_rtt.o
                0x0000000000003198                nrf_log_backend_rtt_api
 .rodata        0x00000000000031a4       0x20 Output/spi_pca10040 Release/Obj/nrf_log_backend_uart.o
 .rodata.nrf_log_backend_uart_api
                0x00000000000031c4        0xc Output/spi_pca10040 Release/Obj/nrf_log_backend_uart.o
                0x00000000000031c4                nrf_log_backend_uart_api
 .rodata.str1.1
                0x00000000000031d0       0x21 Output/spi_pca10040 Release/Obj/nrf_log_default_backends.o
 *fill*         0x00000000000031f1        0x3 
 .rodata.m_log_push_ringbuf
                0x00000000000031f4        0xc Output/spi_pca10040 Release/Obj/nrf_log_frontend.o
 .rodata.nrf_log_frontend_dequeue.str1.1
                0x0000000000003200       0x11 Output/spi_pca10040 Release/Obj/nrf_log_frontend.o
 .rodata.str1.1
                0x0000000000003211        0x4 Output/spi_pca10040 Release/Obj/nrf_log_frontend.o
 *fill*         0x0000000000003215        0x3 
 .rodata.m_colors
                0x0000000000003218       0x24 Output/spi_pca10040 Release/Obj/nrf_log_str_formatter.o
 .rodata.nrf_log_hexdump_entry_process.str1.1
                0x000000000000323c        0xc Output/spi_pca10040 Release/Obj/nrf_log_str_formatter.o
                                         0x11 (size before relaxing)
 .rodata.postfix_process.str1.1
                0x0000000000003248        0x8 Output/spi_pca10040 Release/Obj/nrf_log_str_formatter.o
                                          0xb (size before relaxing)
 .rodata.prefix_process.str1.1
                0x0000000000003250       0x2a Output/spi_pca10040 Release/Obj/nrf_log_str_formatter.o
 *fill*         0x000000000000327a        0x2 
 .rodata.severity_names
                0x000000000000327c       0x14 Output/spi_pca10040 Release/Obj/nrf_log_str_formatter.o
 .rodata.str1.1
                0x0000000000003290       0x4b Output/spi_pca10040 Release/Obj/nrf_log_str_formatter.o
                                         0x51 (size before relaxing)
 .rodata.app_error_fault_handler.str1.1
                0x00000000000032db        0xc Output/spi_pca10040 Release/Obj/app_error_weak.o
 *fill*         0x00000000000032e7        0x9 
 .rodata.delay_bytecode.7827
                0x00000000000032f0        0x6 Output/spi_pca10040 Release/Obj/app_timer.o
 .rodata._aV2C.7427
                0x00000000000032f6       0x10 Output/spi_pca10040 Release/Obj/nrf_fprintf_format.o
 *fill*         0x0000000000003306        0x2 
 .rodata        0x0000000000003308       0x10 Output/spi_pca10040 Release/Obj/nrf_drv_spi.o
 .rodata.str1.1
                0x0000000000003318        0x7 Output/spi_pca10040 Release/Obj/nrfx_gpiote.o
 .rodata.str1.1
                0x000000000000331f        0x4 Output/spi_pca10040 Release/Obj/nrfx_prs.o
 .rodata.str1.1
                0x0000000000003323        0x5 Output/spi_pca10040 Release/Obj/nrfx_spim.o
 .rodata.str1.1
                0x0000000000003328        0x5 Output/spi_pca10040 Release/Obj/nrfx_uart.o
 .rodata.str1.1
                0x000000000000332d        0x6 Output/spi_pca10040 Release/Obj/nrfx_uarte.o
 *fill*         0x0000000000003333        0x1 
 .rodata        0x0000000000003334       0x10 Output/spi_pca10040 Release/Obj/main.o
 *fill*         0x0000000000003344        0xc 
 .rodata.delay_bytecode.7493
                0x0000000000003350        0x6 Output/spi_pca10040 Release/Obj/main.o
 .rodata.gps_init.str1.1
                0x0000000000003356       0x94 Output/spi_pca10040 Release/Obj/main.o
 .rodata.gps_spi_event_handler.str1.1
                0x00000000000033ea       0x2d Output/spi_pca10040 Release/Obj/main.o
 .rodata.gps_spi_init.str1.1
                0x0000000000003417        0xf Output/spi_pca10040 Release/Obj/main.o
 .rodata.main.str1.1
                0x0000000000003426       0x21 Output/spi_pca10040 Release/Obj/main.o
 *fill*         0x0000000000003447        0x1 
 .rodata.spi    0x0000000000003448       0x10 Output/spi_pca10040 Release/Obj/main.o
 .rodata._DoInit.str1.1
                0x0000000000003458       0x14 Output/spi_pca10040 Release/Obj/SEGGER_RTT.o
 .rodata.libc.__RAL_ascii_ctype_map
                0x000000000000346c       0x80 C:/SEGGER_EmbS/lib/libc_v7em_fpv4_sp_d16_hard_t_le_eabi.a(libc2.o)
                0x000000000000346c                __RAL_ascii_ctype_map
 .rodata.libc.__RAL_ascii_ctype_mask
                0x00000000000034ec        0xd C:/SEGGER_EmbS/lib/libc_v7em_fpv4_sp_d16_hard_t_le_eabi.a(libc2.o)
 *fill*         0x00000000000034f9        0x3 
 .rodata.libc.__RAL_c_locale
                0x00000000000034fc        0xc C:/SEGGER_EmbS/lib/libc_v7em_fpv4_sp_d16_hard_t_le_eabi.a(libc2.o)
                0x00000000000034fc                __RAL_c_locale
 .rodata.libc.__RAL_c_locale_abbrev_day_names
                0x0000000000003508       0x1d C:/SEGGER_EmbS/lib/libc_v7em_fpv4_sp_d16_hard_t_le_eabi.a(libc2.o)
                0x0000000000003508                __RAL_c_locale_abbrev_day_names
 *fill*         0x0000000000003525        0x3 
 .rodata.libc.__RAL_c_locale_abbrev_month_names
                0x0000000000003528       0x31 C:/SEGGER_EmbS/lib/libc_v7em_fpv4_sp_d16_hard_t_le_eabi.a(libc2.o)
                0x0000000000003528                __RAL_c_locale_abbrev_month_names
 *fill*         0x0000000000003559        0x3 
 .rodata.libc.__RAL_c_locale_am_pm_indicator
                0x000000000000355c        0x7 C:/SEGGER_EmbS/lib/libc_v7em_fpv4_sp_d16_hard_t_le_eabi.a(libc2.o)
                0x000000000000355c                __RAL_c_locale_am_pm_indicator
 *fill*         0x0000000000003563        0x1 
 .rodata.libc.__RAL_c_locale_data
                0x0000000000003564       0x58 C:/SEGGER_EmbS/lib/libc_v7em_fpv4_sp_d16_hard_t_le_eabi.a(libc2.o)
                0x0000000000003564                __RAL_c_locale_data
 .rodata.libc.__RAL_c_locale_date_format
                0x00000000000035bc        0x9 C:/SEGGER_EmbS/lib/libc_v7em_fpv4_sp_d16_hard_t_le_eabi.a(libc2.o)
                0x00000000000035bc                __RAL_c_locale_date_format
 *fill*         0x00000000000035c5        0x3 
 .rodata.libc.__RAL_c_locale_date_time_format
                0x00000000000035c8        0xf C:/SEGGER_EmbS/lib/libc_v7em_fpv4_sp_d16_hard_t_le_eabi.a(libc2.o)
                0x00000000000035c8                __RAL_c_locale_date_time_format
 *fill*         0x00000000000035d7        0x1 
 .rodata.libc.__RAL_c_locale_day_names
                0x00000000000035d8       0x3a C:/SEGGER_EmbS/lib/libc_v7em_fpv4_sp_d16_hard_t_le_eabi.a(libc2.o)
                0x00000000000035d8                __RAL_c_locale_day_names
 *fill*         0x0000000000003612        0x2 
 .rodata.libc.__RAL_c_locale_month_names
                0x0000000000003614       0x57 C:/SEGGER_EmbS/lib/libc_v7em_fpv4_sp_d16_hard_t_le_eabi.a(libc2.o)
                0x0000000000003614                __RAL_c_locale_month_names
 *fill*         0x000000000000366b        0x1 
 .rodata.libc.__RAL_c_locale_time_format
                0x000000000000366c        0x9 C:/SEGGER_EmbS/lib/libc_v7em_fpv4_sp_d16_hard_t_le_eabi.a(libc2.o)
                0x000000000000366c                __RAL_c_locale_time_format
 *fill*         0x0000000000003675        0x3 
 .rodata.libc.__RAL_codeset_ascii
                0x0000000000003678       0x20 C:/SEGGER_EmbS/lib/libc_v7em_fpv4_sp_d16_hard_t_le_eabi.a(libc2.o)
                0x0000000000003678                __RAL_codeset_ascii
 .rodata.libc.__RAL_data_empty_string
                0x0000000000003698        0x1 C:/SEGGER_EmbS/lib/libc_v7em_fpv4_sp_d16_hard_t_le_eabi.a(libc2.o)
                0x0000000000003698                __RAL_data_empty_string
 *fill*         0x0000000000003699        0x3 
 .rodata.libc.__RAL_data_utf8_period
                0x000000000000369c        0x2 C:/SEGGER_EmbS/lib/libc_v7em_fpv4_sp_d16_hard_t_le_eabi.a(libc2.o)
                0x000000000000369c                __RAL_data_utf8_period
 *fill*         0x000000000000369e        0x2 
 .rodata.libc.__RAL_find_locale.str1.4
                0x00000000000036a0        0xc C:/SEGGER_EmbS/lib/libc_v7em_fpv4_sp_d16_hard_t_le_eabi.a(libc2.o)
                                          0xa (size before relaxing)
                0x00000000000036ac                __rodata_end__ = (__rodata_start__ + SIZEOF (.rodata))
                0x0000000000000520                __rodata_size__ = SIZEOF (.rodata)
                0x00000000000036ac                __rodata_load_end__ = __rodata_end__

.rel.dyn        0x00000000000036ac        0x0
 .rel.iplt      0x00000000000036ac        0x0 Output/spi_pca10040 Release/Obj/thumb_crt0.o
                0x0000000000000001                . = ASSERT (((__rodata_start__ == __rodata_end__) || ((__rodata_end__ >= __FLASH_segment_start__) && (__rodata_end__ <= __FLASH_segment_end__))), error: .rodata is too large to fit in FLASH memory segment)
                0x00000000000036ac                __ARM.exidx_load_start__ = ALIGN (__rodata_end__, 0x4)

.ARM.exidx      0x00000000000036ac        0x0
                0x00000000000036ac                __ARM.exidx_start__ = .
                0x00000000000036ac                __exidx_start = __ARM.exidx_start__
 *(.ARM.exidx .ARM.exidx.*)
                0x00000000000036ac                __ARM.exidx_end__ = (__ARM.exidx_start__ + SIZEOF (.ARM.exidx))
                0x0000000000000000                __ARM.exidx_size__ = SIZEOF (.ARM.exidx)
                0x00000000000036ac                __exidx_end = __ARM.exidx_end__
                0x00000000000036ac                __ARM.exidx_load_end__ = __ARM.exidx_end__
                0x0000000000000001                . = ASSERT (((__ARM.exidx_start__ == __ARM.exidx_end__) || ((__ARM.exidx_end__ >= __FLASH_segment_start__) && (__ARM.exidx_end__ <= __FLASH_segment_end__))), error: .ARM.exidx is too large to fit in FLASH memory segment)
                0x00000000000036ac                __fast_load_start__ = ALIGN (__ARM.exidx_end__, 0x4)

.fast           0x0000000020000000        0x0 load address 0x00000000000036ac
                0x0000000020000000                __fast_start__ = .
 *(.fast .fast.*)
                0x0000000020000000                __fast_end__ = (__fast_start__ + SIZEOF (.fast))
                0x0000000000000000                __fast_size__ = SIZEOF (.fast)
                0x00000000000036ac                __fast_load_end__ = (__fast_load_start__ + SIZEOF (.fast))
                0x0000000000000001                . = ASSERT (((__fast_load_start__ == __fast_load_end__) || ((__fast_load_end__ >= __FLASH_segment_start__) && (__fast_load_end__ <= __FLASH_segment_end__))), error: .fast is too large to fit in FLASH memory segment)

.fast_run       0x0000000020000000        0x0
                0x0000000020000000                __fast_run_start__ = .
                0x0000000020000000                . = MAX ((__fast_run_start__ + SIZEOF (.fast)), .)
                0x0000000020000000                __fast_run_end__ = (__fast_run_start__ + SIZEOF (.fast_run))
                0x0000000000000000                __fast_run_size__ = SIZEOF (.fast_run)
                0x0000000020000000                __fast_run_load_end__ = __fast_run_end__
                0x0000000000000001                . = ASSERT (((__fast_run_start__ == __fast_run_end__) || ((__fast_run_end__ >= __RAM_segment_start__) && (__fast_run_end__ <= __RAM_segment_end__))), error: .fast_run is too large to fit in RAM memory segment)
                0x00000000000036ac                __data_load_start__ = ALIGN ((__fast_load_start__ + SIZEOF (.fast)), 0x4)

.data           0x0000000020000000       0x44 load address 0x00000000000036ac
                0x0000000020000000                __data_start__ = .
 *(.data .data.* .gnu.linkonce.d.*)
 .data.m_uart   0x0000000020000000       0x14 Output/spi_pca10040 Release/Obj/nrf_log_backend_uart.o
                0x0000000020000000                m_uart
 .data.log_backend_cb_rtt_log_backend
                0x0000000020000014        0x8 Output/spi_pca10040 Release/Obj/nrf_log_default_backends.o
 .data.log_backend_cb_uart_log_backend
                0x000000002000001c        0x8 Output/spi_pca10040 Release/Obj/nrf_log_default_backends.o
 .data.m_tx_buf
                0x0000000020000024        0x7 Output/spi_pca10040 Release/Obj/main.o
 *fill*         0x000000002000002b        0x1 
 .data.SystemCoreClock
                0x000000002000002c        0x4 Output/spi_pca10040 Release/Obj/system_nrf52.o
                0x000000002000002c                SystemCoreClock
 .data.libc.__RAL_global_locale
                0x0000000020000030       0x14 C:/SEGGER_EmbS/lib/libc_v7em_fpv4_sp_d16_hard_t_le_eabi.a(libc2.o)
                0x0000000020000030                __RAL_global_locale
                0x0000000020000044                __data_end__ = (__data_start__ + SIZEOF (.data))
                0x0000000000000044                __data_size__ = SIZEOF (.data)
                0x00000000000036f0                __data_load_end__ = (__data_load_start__ + SIZEOF (.data))

.igot.plt       0x0000000100000000        0x0
 .igot.plt      0x0000000100000000        0x0 Output/spi_pca10040 Release/Obj/thumb_crt0.o
                0x0000000000000001                . = ASSERT (((__data_load_start__ == __data_load_end__) || ((__data_load_end__ >= __FLASH_segment_start__) && (__data_load_end__ <= __FLASH_segment_end__))), error: .data is too large to fit in FLASH memory segment)

.data_run       0x0000000020000000       0x44 load address 0x00000000000036ac
                0x0000000020000000                __data_run_start__ = .
                0x0000000020000044                . = MAX ((__data_run_start__ + SIZEOF (.data)), .)
 *fill*         0x0000000020000000       0x44 
                0x0000000020000044                __data_run_end__ = (__data_run_start__ + SIZEOF (.data_run))
                0x0000000000000044                __data_run_size__ = SIZEOF (.data_run)
                0x0000000020000044                __data_run_load_end__ = __data_run_end__
                0x0000000000000001                . = ASSERT (((__data_run_start__ == __data_run_end__) || ((__data_run_end__ >= __RAM_segment_start__) && (__data_run_end__ <= __RAM_segment_end__))), error: .data_run is too large to fit in RAM memory segment)
                0x00000000000036f0                __tdata_load_start__ = ALIGN ((__data_load_start__ + SIZEOF (.data)), 0x4)

.tdata          0x0000000020000044        0x0 load address 0x00000000000036f0
                0x0000000020000044                __tdata_start__ = .
 *(.tdata .tdata.*)
                0x0000000020000044                __tdata_end__ = (__tdata_start__ + SIZEOF (.tdata))
                0x0000000000000000                __tdata_size__ = SIZEOF (.tdata)
                0x00000000000036f0                __tdata_load_end__ = (__tdata_load_start__ + SIZEOF (.tdata))
                0x00000000000036f0                __FLASH_segment_used_end__ = (ALIGN ((__data_load_start__ + SIZEOF (.data)), 0x4) + SIZEOF (.tdata))
                0x00000000000036f0                __FLASH_segment_used_size__ = (__FLASH_segment_used_end__ - __FLASH_segment_start__)
                0x0000000000000001                . = ASSERT (((__tdata_load_start__ == __tdata_load_end__) || ((__tdata_load_end__ >= __FLASH_segment_start__) && (__tdata_load_end__ <= __FLASH_segment_end__))), error: .tdata is too large to fit in FLASH memory segment)

.tdata_run      0x0000000020000044        0x0
                0x0000000020000044                __tdata_run_start__ = .
                0x0000000020000044                . = MAX ((__tdata_run_start__ + SIZEOF (.tdata)), .)
                0x0000000020000044                __tdata_run_end__ = (__tdata_run_start__ + SIZEOF (.tdata_run))
                0x0000000000000000                __tdata_run_size__ = SIZEOF (.tdata_run)
                0x0000000020000044                __tdata_run_load_end__ = __tdata_run_end__
                0x0000000000000001                . = ASSERT (((__tdata_run_start__ == __tdata_run_end__) || ((__tdata_run_end__ >= __RAM_segment_start__) && (__tdata_run_end__ <= __RAM_segment_end__))), error: .tdata_run is too large to fit in RAM memory segment)
                0x0000000020000044                __bss_load_start__ = ALIGN (__tdata_run_end__, 0x4)

.bss            0x0000000020000044      0xb38
                0x0000000020000044                __bss_start__ = .
 *(.bss .bss.* .gnu.linkonce.b.*)
 .bss.m_host_present
                0x0000000020000044        0x1 Output/spi_pca10040 Release/Obj/nrf_log_backend_rtt.o
 .bss.m_string_buff
                0x0000000020000045       0x40 Output/spi_pca10040 Release/Obj/nrf_log_backend_rtt.o
 .bss.m_async_mode
                0x0000000020000085        0x1 Output/spi_pca10040 Release/Obj/nrf_log_backend_uart.o
 .bss.m_string_buff
                0x0000000020000086       0x40 Output/spi_pca10040 Release/Obj/nrf_log_backend_uart.o
 .bss.m_xfer_done
                0x00000000200000c6        0x1 Output/spi_pca10040 Release/Obj/nrf_log_backend_uart.o
 *fill*         0x00000000200000c7        0x1 
 .bss.log_mempool_nrf_balloc_cb
                0x00000000200000c8        0x8 Output/spi_pca10040 Release/Obj/nrf_log_frontend.o
 .bss.log_mempool_nrf_balloc_pool_mem
                0x00000000200000d0       0xc0 Output/spi_pca10040 Release/Obj/nrf_log_frontend.o
 .bss.log_mempool_nrf_balloc_pool_stack
                0x0000000020000190        0x8 Output/spi_pca10040 Release/Obj/nrf_log_frontend.o
 .bss.m_log_data
                0x0000000020000198      0x424 Output/spi_pca10040 Release/Obj/nrf_log_frontend.o
 .bss.m_log_push_ringbuf_buf
                0x00000000200005bc       0x80 Output/spi_pca10040 Release/Obj/nrf_log_frontend.o
 .bss.m_log_push_ringbuf_cb
                0x000000002000063c       0x18 Output/spi_pca10040 Release/Obj/nrf_log_frontend.o
 .bss.m_op_queue
                0x0000000020000654      0x10c Output/spi_pca10040 Release/Obj/app_timer.o
 .bss.m_rtc1_reset
                0x0000000020000760        0x1 Output/spi_pca10040 Release/Obj/app_timer.o
 .bss.m_rtc1_running
                0x0000000020000761        0x1 Output/spi_pca10040 Release/Obj/app_timer.o
 *fill*         0x0000000020000762        0x2 
 .bss.m_ticks_elapsed
                0x0000000020000764        0x8 Output/spi_pca10040 Release/Obj/app_timer.o
 .bss.m_ticks_elapsed_q_read_ind
                0x000000002000076c        0x1 Output/spi_pca10040 Release/Obj/app_timer.o
 .bss.m_ticks_elapsed_q_write_ind
                0x000000002000076d        0x1 Output/spi_pca10040 Release/Obj/app_timer.o
 *fill*         0x000000002000076e        0x2 
 .bss.m_ticks_latest
                0x0000000020000770        0x4 Output/spi_pca10040 Release/Obj/app_timer.o
 .bss.mp_timer_id_head
                0x0000000020000774        0x4 Output/spi_pca10040 Release/Obj/app_timer.o
 .bss.m_in_critical_region
                0x0000000020000778        0x4 Output/spi_pca10040 Release/Obj/app_util_platform.o
 .bss.m_contexts
                0x000000002000077c        0xc Output/spi_pca10040 Release/Obj/nrf_drv_spi.o
 .bss.m_handlers
                0x0000000020000788        0xc Output/spi_pca10040 Release/Obj/nrf_drv_spi.o
 .bss.m_contexts
                0x0000000020000794        0x4 Output/spi_pca10040 Release/Obj/nrf_drv_uart.o
 .bss.m_handlers
                0x0000000020000798        0x4 Output/spi_pca10040 Release/Obj/nrf_drv_uart.o
 .bss.nrf_drv_uart_use_easy_dma
                0x000000002000079c        0x1 Output/spi_pca10040 Release/Obj/nrf_drv_uart.o
                0x000000002000079c                nrf_drv_uart_use_easy_dma
 *fill*         0x000000002000079d        0x3 
 .bss.m_cb      0x00000000200007a0       0x5c Output/spi_pca10040 Release/Obj/nrfx_gpiote.o
 .bss.m_prs_box_4
                0x00000000200007fc        0x8 Output/spi_pca10040 Release/Obj/nrfx_prs.o
 .bss.m_cb      0x0000000020000804       0x24 Output/spi_pca10040 Release/Obj/nrfx_spim.o
 .bss.m_cb      0x0000000020000828       0x2c Output/spi_pca10040 Release/Obj/nrfx_uart.o
 .bss.m_cb      0x0000000020000854       0x24 Output/spi_pca10040 Release/Obj/nrfx_uarte.o
 .bss.m_rx_buf  0x0000000020000878       0x78 Output/spi_pca10040 Release/Obj/main.o
 .bss.spi_xfer_done
                0x00000000200008f0        0x1 Output/spi_pca10040 Release/Obj/main.o
 *fill*         0x00000000200008f1        0x3 
 .bss._SEGGER_RTT
                0x00000000200008f4       0x78 Output/spi_pca10040 Release/Obj/SEGGER_RTT.o
                0x00000000200008f4                _SEGGER_RTT
 .bss._acDownBuffer
                0x000000002000096c       0x10 Output/spi_pca10040 Release/Obj/SEGGER_RTT.o
 .bss._acUpBuffer
                0x000000002000097c      0x200 Output/spi_pca10040 Release/Obj/SEGGER_RTT.o
 *(COMMON)
                0x0000000020000b7c                __bss_end__ = (__bss_start__ + SIZEOF (.bss))
                0x0000000000000b38                __bss_size__ = SIZEOF (.bss)
                0x0000000020000b7c                __bss_load_end__ = __bss_end__
                0x0000000000000001                . = ASSERT (((__bss_start__ == __bss_end__) || ((__bss_end__ >= __RAM_segment_start__) && (__bss_end__ <= __RAM_segment_end__))), error: .bss is too large to fit in RAM memory segment)
                0x0000000020000b7c                __tbss_load_start__ = ALIGN (__bss_end__, 0x4)

.tbss           0x0000000020000b7c        0x0
                0x0000000020000b7c                __tbss_start__ = .
 *(.tbss .tbss.*)
                0x0000000020000b7c                __tbss_end__ = (__tbss_start__ + SIZEOF (.tbss))
                0x0000000000000000                __tbss_size__ = SIZEOF (.tbss)
                0x0000000020000b7c                __tbss_load_end__ = __tbss_end__
                0x0000000000000001                . = ASSERT (((__tbss_start__ == __tbss_end__) || ((__tbss_end__ >= __RAM_segment_start__) && (__tbss_end__ <= __RAM_segment_end__))), error: .tbss is too large to fit in RAM memory segment)
                0x0000000020000b7c                __non_init_load_start__ = ALIGN (__tbss_end__, 0x4)

.non_init       0x0000000020000b7c        0x0
                0x0000000020000b7c                __non_init_start__ = .
 *(.non_init .non_init.*)
                0x0000000020000b7c                __non_init_end__ = (__non_init_start__ + SIZEOF (.non_init))
                0x0000000000000000                __non_init_size__ = SIZEOF (.non_init)
                0x0000000020000b7c                __non_init_load_end__ = __non_init_end__
                0x0000000000000001                . = ASSERT (((__non_init_start__ == __non_init_end__) || ((__non_init_end__ >= __RAM_segment_start__) && (__non_init_end__ <= __RAM_segment_end__))), error: .non_init is too large to fit in RAM memory segment)
                0x0000000020000b7c                __heap_load_start__ = ALIGN (__non_init_end__, 0x4)

.heap           0x0000000020000b7c     0x2000
                0x0000000020000b7c                __heap_start__ = .
 *(.heap .heap.*)
                0x0000000020002b7c                . = ALIGN (MAX ((__heap_start__ + __HEAPSIZE__), .), 0x4)
 *fill*         0x0000000020000b7c     0x2000 
                0x0000000020002b7c                __heap_end__ = (__heap_start__ + SIZEOF (.heap))
                0x0000000000002000                __heap_size__ = SIZEOF (.heap)
                0x0000000020002b7c                __heap_load_end__ = __heap_end__
                0x0000000000000001                . = ASSERT (((__heap_start__ == __heap_end__) || ((__heap_end__ >= __RAM_segment_start__) && (__heap_end__ <= __RAM_segment_end__))), error: .heap is too large to fit in RAM memory segment)
                0x000000002000e000                __stack_load_start__ = (__RAM_segment_end__ - 0x2000)

.stack          0x000000002000e000     0x2000
                0x000000002000e000                __stack_start__ = .
                0x000000002000e000                __StackLimit = __stack_start__
 *(.stack .stack.*)
                0x0000000020010000                . = ALIGN (MAX ((__stack_start__ + __STACKSIZE__), .), 0x8)
 *fill*         0x000000002000e000     0x2000 
                0x0000000020010000                __stack_end__ = (__stack_start__ + SIZEOF (.stack))
                0x0000000000002000                __stack_size__ = SIZEOF (.stack)
                0x0000000020010000                __StackTop = __stack_end__
                0x0000000020010000                __stack_load_end__ = __stack_end__
                0x0000000000000001                . = ASSERT (((__stack_start__ == __stack_end__) || ((__stack_end__ >= __RAM_segment_start__) && (__stack_end__ <= __RAM_segment_end__))), error: .stack is too large to fit in RAM memory segment)
                0x0000000000000001                . = ASSERT ((__heap_end__ <= __stack_start__), error: section .heap overlaps absolute placed section .stack)
                0x0000000020010000                __stack_process_load_start__ = ALIGN (__stack_end__, 0x8)

.stack_process  0x0000000020010000        0x0
                0x0000000020010000                __stack_process_start__ = .
 *(.stack_process .stack_process.*)
                0x0000000020010000                . = ALIGN (MAX ((__stack_process_start__ + __STACKSIZE_PROCESS__), .), 0x8)
                0x0000000020010000                __stack_process_end__ = (__stack_process_start__ + SIZEOF (.stack_process))
                0x0000000000000000                __stack_process_size__ = SIZEOF (.stack_process)
                0x0000000020010000                __stack_process_load_end__ = __stack_process_end__
                0x0000000020010000                __RAM_segment_used_end__ = (ALIGN (__stack_end__, 0x8) + SIZEOF (.stack_process))
                0x0000000000010000                __RAM_segment_used_size__ = (__RAM_segment_used_end__ - __RAM_segment_start__)
                0x0000000000000001                . = ASSERT (((__stack_process_start__ == __stack_process_end__) || ((__stack_process_end__ >= __RAM_segment_start__) && (__stack_process_end__ <= __RAM_segment_end__))), error: .stack_process is too large to fit in RAM memory segment)
START GROUP
LOAD Output/spi_pca10040 Release/Obj/thumb_crt0.o
LOAD Output/spi_pca10040 Release/Obj/nrf_log_backend_rtt.o
LOAD Output/spi_pca10040 Release/Obj/nrf_log_backend_serial.o
LOAD Output/spi_pca10040 Release/Obj/nrf_log_backend_uart.o
LOAD Output/spi_pca10040 Release/Obj/nrf_log_default_backends.o
LOAD Output/spi_pca10040 Release/Obj/nrf_log_frontend.o
LOAD Output/spi_pca10040 Release/Obj/nrf_log_str_formatter.o
LOAD Output/spi_pca10040 Release/Obj/boards.o
LOAD Output/spi_pca10040 Release/Obj/app_button.o
LOAD Output/spi_pca10040 Release/Obj/app_error.o
LOAD Output/spi_pca10040 Release/Obj/app_error_handler_gcc.o
LOAD Output/spi_pca10040 Release/Obj/app_error_weak.o
LOAD Output/spi_pca10040 Release/Obj/app_scheduler.o
LOAD Output/spi_pca10040 Release/Obj/app_timer.o
LOAD Output/spi_pca10040 Release/Obj/app_util_platform.o
LOAD Output/spi_pca10040 Release/Obj/nrf_assert.o
LOAD Output/spi_pca10040 Release/Obj/nrf_atomic.o
LOAD Output/spi_pca10040 Release/Obj/nrf_balloc.o
LOAD Output/spi_pca10040 Release/Obj/nrf_fprintf.o
LOAD Output/spi_pca10040 Release/Obj/nrf_fprintf_format.o
LOAD Output/spi_pca10040 Release/Obj/nrf_memobj.o
LOAD Output/spi_pca10040 Release/Obj/nrf_ringbuf.o
LOAD Output/spi_pca10040 Release/Obj/nrf_strerror.o
LOAD Output/spi_pca10040 Release/Obj/nrf_drv_spi.o
LOAD Output/spi_pca10040 Release/Obj/nrf_drv_uart.o
LOAD Output/spi_pca10040 Release/Obj/nrfx_gpiote.o
LOAD Output/spi_pca10040 Release/Obj/nrfx_prs.o
LOAD Output/spi_pca10040 Release/Obj/nrfx_spi.o
LOAD Output/spi_pca10040 Release/Obj/nrfx_spim.o
LOAD Output/spi_pca10040 Release/Obj/nrfx_uart.o
LOAD Output/spi_pca10040 Release/Obj/nrfx_uarte.o
LOAD Output/spi_pca10040 Release/Obj/bsp.o
LOAD Output/spi_pca10040 Release/Obj/main.o
LOAD Output/spi_pca10040 Release/Obj/SEGGER_RTT.o
LOAD Output/spi_pca10040 Release/Obj/SEGGER_RTT_Syscalls_SES.o
LOAD Output/spi_pca10040 Release/Obj/SEGGER_RTT_printf.o
LOAD Output/spi_pca10040 Release/Obj/ses_startup_nrf52.o
LOAD Output/spi_pca10040 Release/Obj/ses_startup_nrf_common.o
LOAD Output/spi_pca10040 Release/Obj/system_nrf52.o
LOAD C:/SEGGER_EmbS/lib/libdebugio_mempoll_v7em_fpv4_sp_d16_hard_t_le_eabi.a
LOAD C:/SEGGER_EmbS/lib/libm_v7em_fpv4_sp_d16_hard_t_le_eabi.a
LOAD C:/SEGGER_EmbS/lib/libc_v7em_fpv4_sp_d16_hard_t_le_eabi.a
LOAD C:/SEGGER_EmbS/lib/libcpp_v7em_fpv4_sp_d16_hard_t_le_eabi.a
LOAD C:/SEGGER_EmbS/lib/libdebugio_v7em_fpv4_sp_d16_hard_t_le_eabi.a
LOAD C:/SEGGER_EmbS/lib/libvfprintf_v7em_fpv4_sp_d16_hard_t_le_eabi.o
LOAD C:/SEGGER_EmbS/lib/libvfscanf_v7em_fpv4_sp_d16_hard_t_le_eabi.o
END GROUP
OUTPUT(Output/Release/Exe/spi_pca10040.elf elf32-littlearm)

.ARM.attributes
                0x0000000000000000       0x35
 .ARM.attributes
                0x0000000000000000       0x25 Output/spi_pca10040 Release/Obj/thumb_crt0.o
 .ARM.attributes
                0x0000000000000025       0x39 Output/spi_pca10040 Release/Obj/nrf_log_backend_rtt.o
 .ARM.attributes
                0x000000000000005e       0x39 Output/spi_pca10040 Release/Obj/nrf_log_backend_serial.o
 .ARM.attributes
                0x0000000000000097       0x39 Output/spi_pca10040 Release/Obj/nrf_log_backend_uart.o
 .ARM.attributes
                0x00000000000000d0       0x39 Output/spi_pca10040 Release/Obj/nrf_log_default_backends.o
 .ARM.attributes
                0x0000000000000109       0x39 Output/spi_pca10040 Release/Obj/nrf_log_frontend.o
 .ARM.attributes
                0x0000000000000142       0x39 Output/spi_pca10040 Release/Obj/nrf_log_str_formatter.o
 .ARM.attributes
                0x000000000000017b       0x39 Output/spi_pca10040 Release/Obj/app_error.o
 .ARM.attributes
                0x00000000000001b4       0x39 Output/spi_pca10040 Release/Obj/app_error_weak.o
 .ARM.attributes
                0x00000000000001ed       0x39 Output/spi_pca10040 Release/Obj/app_timer.o
 .ARM.attributes
                0x0000000000000226       0x39 Output/spi_pca10040 Release/Obj/app_util_platform.o
 .ARM.attributes
                0x000000000000025f       0x39 Output/spi_pca10040 Release/Obj/nrf_atomic.o
 .ARM.attributes
                0x0000000000000298       0x39 Output/spi_pca10040 Release/Obj/nrf_balloc.o
 .ARM.attributes
                0x00000000000002d1       0x39 Output/spi_pca10040 Release/Obj/nrf_fprintf.o
 .ARM.attributes
                0x000000000000030a       0x39 Output/spi_pca10040 Release/Obj/nrf_fprintf_format.o
 .ARM.attributes
                0x0000000000000343       0x39 Output/spi_pca10040 Release/Obj/nrf_memobj.o
 .ARM.attributes
                0x000000000000037c       0x39 Output/spi_pca10040 Release/Obj/nrf_ringbuf.o
 .ARM.attributes
                0x00000000000003b5       0x39 Output/spi_pca10040 Release/Obj/nrf_drv_spi.o
 .ARM.attributes
                0x00000000000003ee       0x39 Output/spi_pca10040 Release/Obj/nrf_drv_uart.o
 .ARM.attributes
                0x0000000000000427       0x39 Output/spi_pca10040 Release/Obj/nrfx_gpiote.o
 .ARM.attributes
                0x0000000000000460       0x39 Output/spi_pca10040 Release/Obj/nrfx_prs.o
 .ARM.attributes
                0x0000000000000499       0x39 Output/spi_pca10040 Release/Obj/nrfx_spim.o
 .ARM.attributes
                0x00000000000004d2       0x39 Output/spi_pca10040 Release/Obj/nrfx_uart.o
 .ARM.attributes
                0x000000000000050b       0x39 Output/spi_pca10040 Release/Obj/nrfx_uarte.o
 .ARM.attributes
                0x0000000000000544       0x39 Output/spi_pca10040 Release/Obj/main.o
 .ARM.attributes
                0x000000000000057d       0x39 Output/spi_pca10040 Release/Obj/SEGGER_RTT.o
 .ARM.attributes
                0x00000000000005b6       0x25 Output/spi_pca10040 Release/Obj/ses_startup_nrf52.o
 .ARM.attributes
                0x00000000000005db       0x25 Output/spi_pca10040 Release/Obj/ses_startup_nrf_common.o
 .ARM.attributes
                0x0000000000000600       0x39 Output/spi_pca10040 Release/Obj/system_nrf52.o
 .ARM.attributes
                0x0000000000000639       0x34 C:/SEGGER_EmbS/lib/libc_v7em_fpv4_sp_d16_hard_t_le_eabi.a(libc2.o)
 .ARM.attributes
                0x000000000000066d       0x20 C:/SEGGER_EmbS/lib/libc_v7em_fpv4_sp_d16_hard_t_le_eabi.a(libc2_asm.o)

.comment        0x0000000000000000       0x4c
 .comment       0x0000000000000000       0x4c Output/spi_pca10040 Release/Obj/nrf_log_backend_rtt.o
                                         0x4d (size before relaxing)
 .comment       0x000000000000004c       0x4d Output/spi_pca10040 Release/Obj/nrf_log_backend_serial.o
 .comment       0x000000000000004c       0x4d Output/spi_pca10040 Release/Obj/nrf_log_backend_uart.o
 .comment       0x000000000000004c       0x4d Output/spi_pca10040 Release/Obj/nrf_log_default_backends.o
 .comment       0x000000000000004c       0x4d Output/spi_pca10040 Release/Obj/nrf_log_frontend.o
 .comment       0x000000000000004c       0x4d Output/spi_pca10040 Release/Obj/nrf_log_str_formatter.o
 .comment       0x000000000000004c       0x4d Output/spi_pca10040 Release/Obj/app_error.o
 .comment       0x000000000000004c       0x4d Output/spi_pca10040 Release/Obj/app_error_weak.o
 .comment       0x000000000000004c       0x4d Output/spi_pca10040 Release/Obj/app_timer.o
 .comment       0x000000000000004c       0x4d Output/spi_pca10040 Release/Obj/app_util_platform.o
 .comment       0x000000000000004c       0x4d Output/spi_pca10040 Release/Obj/nrf_atomic.o
 .comment       0x000000000000004c       0x4d Output/spi_pca10040 Release/Obj/nrf_balloc.o
 .comment       0x000000000000004c       0x4d Output/spi_pca10040 Release/Obj/nrf_fprintf.o
 .comment       0x000000000000004c       0x4d Output/spi_pca10040 Release/Obj/nrf_fprintf_format.o
 .comment       0x000000000000004c       0x4d Output/spi_pca10040 Release/Obj/nrf_memobj.o
 .comment       0x000000000000004c       0x4d Output/spi_pca10040 Release/Obj/nrf_ringbuf.o
 .comment       0x000000000000004c       0x4d Output/spi_pca10040 Release/Obj/nrf_drv_spi.o
 .comment       0x000000000000004c       0x4d Output/spi_pca10040 Release/Obj/nrf_drv_uart.o
 .comment       0x000000000000004c       0x4d Output/spi_pca10040 Release/Obj/nrfx_gpiote.o
 .comment       0x000000000000004c       0x4d Output/spi_pca10040 Release/Obj/nrfx_prs.o
 .comment       0x000000000000004c       0x4d Output/spi_pca10040 Release/Obj/nrfx_spim.o
 .comment       0x000000000000004c       0x4d Output/spi_pca10040 Release/Obj/nrfx_uart.o
 .comment       0x000000000000004c       0x4d Output/spi_pca10040 Release/Obj/nrfx_uarte.o
 .comment       0x000000000000004c       0x4d Output/spi_pca10040 Release/Obj/main.o
 .comment       0x000000000000004c       0x4d Output/spi_pca10040 Release/Obj/SEGGER_RTT.o
 .comment       0x000000000000004c       0x4d Output/spi_pca10040 Release/Obj/system_nrf52.o
 .comment       0x000000000000004c       0x4d C:/SEGGER_EmbS/lib/libc_v7em_fpv4_sp_d16_hard_t_le_eabi.a(libc2.o)

.debug_line     0x0000000000000000     0xb1da
 .debug_line    0x0000000000000000      0x1bf Output/spi_pca10040 Release/Obj/thumb_crt0.o
 .debug_line    0x00000000000001bf      0x811 Output/spi_pca10040 Release/Obj/nrf_log_backend_rtt.o
 .debug_line    0x00000000000009d0      0x5cc Output/spi_pca10040 Release/Obj/nrf_log_backend_serial.o
 .debug_line    0x0000000000000f9c      0x814 Output/spi_pca10040 Release/Obj/nrf_log_backend_uart.o
 .debug_line    0x00000000000017b0      0x581 Output/spi_pca10040 Release/Obj/nrf_log_default_backends.o
 .debug_line    0x0000000000001d31      0x9d4 Output/spi_pca10040 Release/Obj/nrf_log_frontend.o
 .debug_line    0x0000000000002705      0x616 Output/spi_pca10040 Release/Obj/nrf_log_str_formatter.o
 .debug_line    0x0000000000002d1b      0x2c8 Output/spi_pca10040 Release/Obj/app_error.o
 .debug_line    0x0000000000002fe3      0x5c6 Output/spi_pca10040 Release/Obj/app_error_weak.o
 .debug_line    0x00000000000035a9      0x8db Output/spi_pca10040 Release/Obj/app_timer.o
 .debug_line    0x0000000000003e84      0x350 Output/spi_pca10040 Release/Obj/app_util_platform.o
 .debug_line    0x00000000000041d4      0x49f Output/spi_pca10040 Release/Obj/nrf_atomic.o
 .debug_line    0x0000000000004673      0x4f3 Output/spi_pca10040 Release/Obj/nrf_balloc.o
 .debug_line    0x0000000000004b66      0x356 Output/spi_pca10040 Release/Obj/nrf_fprintf.o
 .debug_line    0x0000000000004ebc      0x49a Output/spi_pca10040 Release/Obj/nrf_fprintf_format.o
 .debug_line    0x0000000000005356      0x59a Output/spi_pca10040 Release/Obj/nrf_memobj.o
 .debug_line    0x00000000000058f0      0x492 Output/spi_pca10040 Release/Obj/nrf_ringbuf.o
 .debug_line    0x0000000000005d82      0x56e Output/spi_pca10040 Release/Obj/nrf_drv_spi.o
 .debug_line    0x00000000000062f0      0x58c Output/spi_pca10040 Release/Obj/nrf_drv_uart.o
 .debug_line    0x000000000000687c      0xd28 Output/spi_pca10040 Release/Obj/nrfx_gpiote.o
 .debug_line    0x00000000000075a4      0x671 Output/spi_pca10040 Release/Obj/nrfx_prs.o
 .debug_line    0x0000000000007c15      0x9d7 Output/spi_pca10040 Release/Obj/nrfx_spim.o
 .debug_line    0x00000000000085ec      0xbdc Output/spi_pca10040 Release/Obj/nrfx_uart.o
 .debug_line    0x00000000000091c8      0xad6 Output/spi_pca10040 Release/Obj/nrfx_uarte.o
 .debug_line    0x0000000000009c9e      0x987 Output/spi_pca10040 Release/Obj/main.o
 .debug_line    0x000000000000a625      0x7e0 Output/spi_pca10040 Release/Obj/SEGGER_RTT.o
 .debug_line    0x000000000000ae05       0x90 Output/spi_pca10040 Release/Obj/ses_startup_nrf52.o
 .debug_line    0x000000000000ae95       0xb4 Output/spi_pca10040 Release/Obj/ses_startup_nrf_common.o
 .debug_line    0x000000000000af49      0x291 Output/spi_pca10040 Release/Obj/system_nrf52.o

.debug_info     0x0000000000000000    0x22a4e
 .debug_info    0x0000000000000000       0x22 Output/spi_pca10040 Release/Obj/thumb_crt0.o
 .debug_info    0x0000000000000022      0xd1c Output/spi_pca10040 Release/Obj/nrf_log_backend_rtt.o
 .debug_info    0x0000000000000d3e      0xdad Output/spi_pca10040 Release/Obj/nrf_log_backend_serial.o
 .debug_info    0x0000000000001aeb     0x170e Output/spi_pca10040 Release/Obj/nrf_log_backend_uart.o
 .debug_info    0x00000000000031f9      0x9f4 Output/spi_pca10040 Release/Obj/nrf_log_default_backends.o
 .debug_info    0x0000000000003bed     0x2509 Output/spi_pca10040 Release/Obj/nrf_log_frontend.o
 .debug_info    0x00000000000060f6      0xf17 Output/spi_pca10040 Release/Obj/nrf_log_str_formatter.o
 .debug_info    0x000000000000700d      0x7e8 Output/spi_pca10040 Release/Obj/app_error.o
 .debug_info    0x00000000000077f5      0x9a8 Output/spi_pca10040 Release/Obj/app_error_weak.o
 .debug_info    0x000000000000819d     0x1d76 Output/spi_pca10040 Release/Obj/app_timer.o
 .debug_info    0x0000000000009f13      0xc6f Output/spi_pca10040 Release/Obj/app_util_platform.o
 .debug_info    0x000000000000ab82      0xd9e Output/spi_pca10040 Release/Obj/nrf_atomic.o
 .debug_info    0x000000000000b920      0xa0f Output/spi_pca10040 Release/Obj/nrf_balloc.o
 .debug_info    0x000000000000c32f      0x772 Output/spi_pca10040 Release/Obj/nrf_fprintf.o
 .debug_info    0x000000000000caa1      0xb91 Output/spi_pca10040 Release/Obj/nrf_fprintf_format.o
 .debug_info    0x000000000000d632      0xe67 Output/spi_pca10040 Release/Obj/nrf_memobj.o
 .debug_info    0x000000000000e499      0xaf5 Output/spi_pca10040 Release/Obj/nrf_ringbuf.o
 .debug_info    0x000000000000ef8e     0x12de Output/spi_pca10040 Release/Obj/nrf_drv_spi.o
 .debug_info    0x000000000001026c     0x15f6 Output/spi_pca10040 Release/Obj/nrf_drv_uart.o
 .debug_info    0x0000000000011862     0x3103 Output/spi_pca10040 Release/Obj/nrfx_gpiote.o
 .debug_info    0x0000000000014965      0xd77 Output/spi_pca10040 Release/Obj/nrfx_prs.o
 .debug_info    0x00000000000156dc     0x29c5 Output/spi_pca10040 Release/Obj/nrfx_spim.o
 .debug_info    0x00000000000180a1     0x30f8 Output/spi_pca10040 Release/Obj/nrfx_uart.o
 .debug_info    0x000000000001b199     0x3035 Output/spi_pca10040 Release/Obj/nrfx_uarte.o
 .debug_info    0x000000000001e1ce     0x1e70 Output/spi_pca10040 Release/Obj/main.o
 .debug_info    0x000000000002003e     0x18e1 Output/spi_pca10040 Release/Obj/SEGGER_RTT.o
 .debug_info    0x000000000002191f       0x26 Output/spi_pca10040 Release/Obj/ses_startup_nrf52.o
 .debug_info    0x0000000000021945       0x26 Output/spi_pca10040 Release/Obj/ses_startup_nrf_common.o
 .debug_info    0x000000000002196b     0x10e3 Output/spi_pca10040 Release/Obj/system_nrf52.o

.debug_abbrev   0x0000000000000000     0x4d83
 .debug_abbrev  0x0000000000000000       0x12 Output/spi_pca10040 Release/Obj/thumb_crt0.o
 .debug_abbrev  0x0000000000000012      0x2a7 Output/spi_pca10040 Release/Obj/nrf_log_backend_rtt.o
 .debug_abbrev  0x00000000000002b9      0x237 Output/spi_pca10040 Release/Obj/nrf_log_backend_serial.o
 .debug_abbrev  0x00000000000004f0      0x33e Output/spi_pca10040 Release/Obj/nrf_log_backend_uart.o
 .debug_abbrev  0x000000000000082e      0x1f0 Output/spi_pca10040 Release/Obj/nrf_log_default_backends.o
 .debug_abbrev  0x0000000000000a1e      0x549 Output/spi_pca10040 Release/Obj/nrf_log_frontend.o
 .debug_abbrev  0x0000000000000f67      0x264 Output/spi_pca10040 Release/Obj/nrf_log_str_formatter.o
 .debug_abbrev  0x00000000000011cb      0x1a9 Output/spi_pca10040 Release/Obj/app_error.o
 .debug_abbrev  0x0000000000001374      0x1de Output/spi_pca10040 Release/Obj/app_error_weak.o
 .debug_abbrev  0x0000000000001552      0x4cf Output/spi_pca10040 Release/Obj/app_timer.o
 .debug_abbrev  0x0000000000001a21      0x273 Output/spi_pca10040 Release/Obj/app_util_platform.o
 .debug_abbrev  0x0000000000001c94      0x220 Output/spi_pca10040 Release/Obj/nrf_atomic.o
 .debug_abbrev  0x0000000000001eb4      0x25d Output/spi_pca10040 Release/Obj/nrf_balloc.o
 .debug_abbrev  0x0000000000002111      0x1ae Output/spi_pca10040 Release/Obj/nrf_fprintf.o
 .debug_abbrev  0x00000000000022bf      0x2da Output/spi_pca10040 Release/Obj/nrf_fprintf_format.o
 .debug_abbrev  0x0000000000002599      0x247 Output/spi_pca10040 Release/Obj/nrf_memobj.o
 .debug_abbrev  0x00000000000027e0      0x1bf Output/spi_pca10040 Release/Obj/nrf_ringbuf.o
 .debug_abbrev  0x000000000000299f      0x27b Output/spi_pca10040 Release/Obj/nrf_drv_spi.o
 .debug_abbrev  0x0000000000002c1a      0x23e Output/spi_pca10040 Release/Obj/nrf_drv_uart.o
 .debug_abbrev  0x0000000000002e58      0x4ee Output/spi_pca10040 Release/Obj/nrfx_gpiote.o
 .debug_abbrev  0x0000000000003346      0x2a3 Output/spi_pca10040 Release/Obj/nrfx_prs.o
 .debug_abbrev  0x00000000000035e9      0x437 Output/spi_pca10040 Release/Obj/nrfx_spim.o
 .debug_abbrev  0x0000000000003a20      0x51d Output/spi_pca10040 Release/Obj/nrfx_uart.o
 .debug_abbrev  0x0000000000003f3d      0x4cf Output/spi_pca10040 Release/Obj/nrfx_uarte.o
 .debug_abbrev  0x000000000000440c      0x464 Output/spi_pca10040 Release/Obj/main.o
 .debug_abbrev  0x0000000000004870      0x2e3 Output/spi_pca10040 Release/Obj/SEGGER_RTT.o
 .debug_abbrev  0x0000000000004b53       0x14 Output/spi_pca10040 Release/Obj/ses_startup_nrf52.o
 .debug_abbrev  0x0000000000004b67       0x14 Output/spi_pca10040 Release/Obj/ses_startup_nrf_common.o
 .debug_abbrev  0x0000000000004b7b      0x208 Output/spi_pca10040 Release/Obj/system_nrf52.o

.debug_aranges  0x0000000000000000      0xa10
 .debug_aranges
                0x0000000000000000       0x80 Output/spi_pca10040 Release/Obj/thumb_crt0.o
 .debug_aranges
                0x0000000000000080       0x38 Output/spi_pca10040 Release/Obj/nrf_log_backend_rtt.o
 .debug_aranges
                0x00000000000000b8       0x20 Output/spi_pca10040 Release/Obj/nrf_log_backend_serial.o
 .debug_aranges
                0x00000000000000d8       0x50 Output/spi_pca10040 Release/Obj/nrf_log_backend_uart.o
 .debug_aranges
                0x0000000000000128       0x20 Output/spi_pca10040 Release/Obj/nrf_log_default_backends.o
 .debug_aranges
                0x0000000000000148       0xd0 Output/spi_pca10040 Release/Obj/nrf_log_frontend.o
 .debug_aranges
                0x0000000000000218       0x40 Output/spi_pca10040 Release/Obj/nrf_log_str_formatter.o
 .debug_aranges
                0x0000000000000258       0x28 Output/spi_pca10040 Release/Obj/app_error.o
 .debug_aranges
                0x0000000000000280       0x20 Output/spi_pca10040 Release/Obj/app_error_weak.o
 .debug_aranges
                0x00000000000002a0       0x90 Output/spi_pca10040 Release/Obj/app_timer.o
 .debug_aranges
                0x0000000000000330       0x48 Output/spi_pca10040 Release/Obj/app_util_platform.o
 .debug_aranges
                0x0000000000000378       0xb0 Output/spi_pca10040 Release/Obj/nrf_atomic.o
 .debug_aranges
                0x0000000000000428       0x30 Output/spi_pca10040 Release/Obj/nrf_balloc.o
 .debug_aranges
                0x0000000000000458       0x28 Output/spi_pca10040 Release/Obj/nrf_fprintf.o
 .debug_aranges
                0x0000000000000480       0x30 Output/spi_pca10040 Release/Obj/nrf_fprintf_format.o
 .debug_aranges
                0x00000000000004b0       0x58 Output/spi_pca10040 Release/Obj/nrf_memobj.o
 .debug_aranges
                0x0000000000000508       0x50 Output/spi_pca10040 Release/Obj/nrf_ringbuf.o
 .debug_aranges
                0x0000000000000558       0x28 Output/spi_pca10040 Release/Obj/nrf_drv_spi.o
 .debug_aranges
                0x0000000000000580       0x30 Output/spi_pca10040 Release/Obj/nrf_drv_uart.o
 .debug_aranges
                0x00000000000005b0       0xf8 Output/spi_pca10040 Release/Obj/nrfx_gpiote.o
 .debug_aranges
                0x00000000000006a8       0x30 Output/spi_pca10040 Release/Obj/nrfx_prs.o
 .debug_aranges
                0x00000000000006d8       0x50 Output/spi_pca10040 Release/Obj/nrfx_spim.o
 .debug_aranges
                0x0000000000000728       0xa0 Output/spi_pca10040 Release/Obj/nrfx_uart.o
 .debug_aranges
                0x00000000000007c8       0x78 Output/spi_pca10040 Release/Obj/nrfx_uarte.o
 .debug_aranges
                0x0000000000000840       0x50 Output/spi_pca10040 Release/Obj/main.o
 .debug_aranges
                0x0000000000000890      0x108 Output/spi_pca10040 Release/Obj/SEGGER_RTT.o
 .debug_aranges
                0x0000000000000998       0x20 Output/spi_pca10040 Release/Obj/ses_startup_nrf52.o
 .debug_aranges
                0x00000000000009b8       0x20 Output/spi_pca10040 Release/Obj/ses_startup_nrf_common.o
 .debug_aranges
                0x00000000000009d8       0x38 Output/spi_pca10040 Release/Obj/system_nrf52.o

.debug_str      0x0000000000000000    0x7988b
 .debug_str     0x0000000000000000       0x8a Output/spi_pca10040 Release/Obj/thumb_crt0.o
 .debug_str     0x000000000000008a    0x6dd4f Output/spi_pca10040 Release/Obj/nrf_log_backend_rtt.o
                                      0x6ec10 (size before relaxing)
 .debug_str     0x000000000006ddd9      0x24b Output/spi_pca10040 Release/Obj/nrf_log_backend_serial.o
                                      0x6b484 (size before relaxing)
 .debug_str     0x000000000006e024     0x1212 Output/spi_pca10040 Release/Obj/nrf_log_backend_uart.o
                                      0x6f145 (size before relaxing)
 .debug_str     0x000000000006f236      0x157 Output/spi_pca10040 Release/Obj/nrf_log_default_backends.o
                                      0x6b310 (size before relaxing)
 .debug_str     0x000000000006f38d     0x1382 Output/spi_pca10040 Release/Obj/nrf_log_frontend.o
                                      0x6c6e6 (size before relaxing)
 .debug_str     0x000000000007070f      0x2da Output/spi_pca10040 Release/Obj/nrf_log_str_formatter.o
                                      0x6b5bb (size before relaxing)
 .debug_str     0x00000000000709e9      0x110 Output/spi_pca10040 Release/Obj/app_error.o
                                      0x5d17a (size before relaxing)
 .debug_str     0x0000000000070af9       0x80 Output/spi_pca10040 Release/Obj/app_error_weak.o
                                      0x6b88e (size before relaxing)
 .debug_str     0x0000000000070b79      0xdff Output/spi_pca10040 Release/Obj/app_timer.o
                                      0x6ba92 (size before relaxing)
 .debug_str     0x0000000000071978      0x1cf Output/spi_pca10040 Release/Obj/app_util_platform.o
                                      0x5d96c (size before relaxing)
 .debug_str     0x0000000000071b47      0x6d5 Output/spi_pca10040 Release/Obj/nrf_atomic.o
                                      0x67930 (size before relaxing)
 .debug_str     0x000000000007221c      0x180 Output/spi_pca10040 Release/Obj/nrf_balloc.o
                                      0x6b265 (size before relaxing)
 .debug_str     0x000000000007239c      0x11e Output/spi_pca10040 Release/Obj/nrf_fprintf.o
                                      0x674ca (size before relaxing)
 .debug_str     0x00000000000724ba      0x139 Output/spi_pca10040 Release/Obj/nrf_fprintf_format.o
                                      0x675bf (size before relaxing)
 .debug_str     0x00000000000725f3      0x1c1 Output/spi_pca10040 Release/Obj/nrf_memobj.o
                                      0x695fb (size before relaxing)
 .debug_str     0x00000000000727b4       0xf8 Output/spi_pca10040 Release/Obj/nrf_ringbuf.o
                                      0x67d21 (size before relaxing)
 .debug_str     0x00000000000728ac     0x158c Output/spi_pca10040 Release/Obj/nrf_drv_spi.o
                                      0x6bc22 (size before relaxing)
 .debug_str     0x0000000000073e38      0x46d Output/spi_pca10040 Release/Obj/nrf_drv_uart.o
                                      0x6b999 (size before relaxing)
 .debug_str     0x00000000000742a5     0x1f90 Output/spi_pca10040 Release/Obj/nrfx_gpiote.o
                                      0x6f6e3 (size before relaxing)
 .debug_str     0x0000000000076235      0x362 Output/spi_pca10040 Release/Obj/nrfx_prs.o
                                      0x6dbb7 (size before relaxing)