Archive member included to satisfy reference by file (symbol)

C:/SEGGER_EmbS/lib/libc_v7em_fpv4_sp_d16_hard_t_le_eabi.a(libc2.o)
                              Output/uart_pca10040 Release/Obj/SEGGER_RTT_SES.o (vsnprintf)
C:/SEGGER_EmbS/lib/libc_v7em_fpv4_sp_d16_hard_t_le_eabi.a(libc2_asm.o)
                              Output/uart_pca10040 Release/Obj/nrf_memobj.o (memcpy)
C:/SEGGER_EmbS/lib/libc_v7em_fpv4_sp_d16_hard_t_le_eabi.a(libc.o)
                              C:/SEGGER_EmbS/lib/libc_v7em_fpv4_sp_d16_hard_t_le_eabi.a(libc2.o) (__heap_lock)
C:/SEGGER_EmbS/lib/libc_v7em_fpv4_sp_d16_hard_t_le_eabi.a(libc_asm.o)
                              C:/SEGGER_EmbS/lib/libc_v7em_fpv4_sp_d16_hard_t_le_eabi.a(libc2.o) (__aeabi_uldivmod)
C:/SEGGER_EmbS/lib/libdebugio_v7em_fpv4_sp_d16_hard_t_le_eabi.a(libdebugio.o)
                              Output/uart_pca10040 Release/Obj/thumb_crt0.o (debug_fopen)
C:/SEGGER_EmbS/lib/libdebugio_mempoll_v7em_fpv4_sp_d16_hard_t_le_eabi.a(mempoll_debug_operations.o)
                              C:/SEGGER_EmbS/lib/libdebugio_v7em_fpv4_sp_d16_hard_t_le_eabi.a(libdebugio.o) (__do_debug_operation)
C:/SEGGER_EmbS/lib/libdebugio_mempoll_v7em_fpv4_sp_d16_hard_t_le_eabi.a(do_nv_debug_operation.o)
                              C:/SEGGER_EmbS/lib/libdebugio_v7em_fpv4_sp_d16_hard_t_le_eabi.a(libdebugio.o) (__do_nvdebug_operation)
C:/SEGGER_EmbS/lib/libm_v7em_fpv4_sp_d16_hard_t_le_eabi.a(libm_asm.o)
                              C:/SEGGER_EmbS/lib/libc_v7em_fpv4_sp_d16_hard_t_le_eabi.a(libc2.o) (__aeabi_i2d)
C:/SEGGER_EmbS/lib/libm_v7em_fpv4_sp_d16_hard_t_le_eabi.a(libm2.o)
                              C:/SEGGER_EmbS/lib/libvfprintf_v7em_fpv4_sp_d16_hard_t_le_eabi.o (frexp)
C:/SEGGER_EmbS/lib/libm_v7em_fpv4_sp_d16_hard_t_le_eabi.a(libm2_asm.o)
                              C:/SEGGER_EmbS/lib/libm_v7em_fpv4_sp_d16_hard_t_le_eabi.a(libm2.o) (fabs)

Discarded input sections

 .text          0x0000000000000000        0x0 Output/uart_pca10040 Release/Obj/thumb_crt0.o
 .data          0x0000000000000000        0x0 Output/uart_pca10040 Release/Obj/thumb_crt0.o
 .bss           0x0000000000000000        0x0 Output/uart_pca10040 Release/Obj/thumb_crt0.o
 .text.__aeabi_read_tp
                0x0000000000000000        0x8 Output/uart_pca10040 Release/Obj/thumb_crt0.o
 .text.abort    0x0000000000000000        0x2 Output/uart_pca10040 Release/Obj/thumb_crt0.o
 .text.__assert
                0x0000000000000000        0x2 Output/uart_pca10040 Release/Obj/thumb_crt0.o
 .text.__aeabi_assert
                0x0000000000000000        0x2 Output/uart_pca10040 Release/Obj/thumb_crt0.o
 .text.__sync_synchronize
                0x0000000000000000        0x2 Output/uart_pca10040 Release/Obj/thumb_crt0.o
 .text.__getchar
                0x0000000000000000        0x4 Output/uart_pca10040 Release/Obj/thumb_crt0.o
 .text.__putchar
                0x0000000000000000        0x4 Output/uart_pca10040 Release/Obj/thumb_crt0.o
 .text.__open   0x0000000000000000        0x4 Output/uart_pca10040 Release/Obj/thumb_crt0.o
 .text.__close  0x0000000000000000        0x4 Output/uart_pca10040 Release/Obj/thumb_crt0.o
 .text.__write  0x0000000000000000        0xa Output/uart_pca10040 Release/Obj/thumb_crt0.o
 .text.__read   0x0000000000000000        0xa Output/uart_pca10040 Release/Obj/thumb_crt0.o
 .text.__seek   0x0000000000000000       0x1a Output/uart_pca10040 Release/Obj/thumb_crt0.o
 .bss.__user_locale_name_buffer
                0x0000000000000000        0x4 Output/uart_pca10040 Release/Obj/thumb_crt0.o
 .stack         0x0000000000000000        0x0 Output/uart_pca10040 Release/Obj/thumb_crt0.o
 .stack_process
                0x0000000000000000        0x0 Output/uart_pca10040 Release/Obj/thumb_crt0.o
 .heap          0x0000000000000000        0x0 Output/uart_pca10040 Release/Obj/thumb_crt0.o
 .group         0x0000000000000000        0xc Output/uart_pca10040 Release/Obj/nrf_log_frontend.o
 .group         0x0000000000000000        0xc Output/uart_pca10040 Release/Obj/nrf_log_frontend.o
 .group         0x0000000000000000        0xc Output/uart_pca10040 Release/Obj/nrf_log_frontend.o
 .group         0x0000000000000000        0xc Output/uart_pca10040 Release/Obj/nrf_log_frontend.o
 .group         0x0000000000000000        0xc Output/uart_pca10040 Release/Obj/nrf_log_frontend.o
 .group         0x0000000000000000        0xc Output/uart_pca10040 Release/Obj/nrf_log_frontend.o
 .group         0x0000000000000000        0xc Output/uart_pca10040 Release/Obj/nrf_log_frontend.o
 .group         0x0000000000000000        0xc Output/uart_pca10040 Release/Obj/nrf_log_frontend.o
 .group         0x0000000000000000        0xc Output/uart_pca10040 Release/Obj/nrf_log_frontend.o
 .group         0x0000000000000000        0xc Output/uart_pca10040 Release/Obj/nrf_log_frontend.o
 .group         0x0000000000000000        0xc Output/uart_pca10040 Release/Obj/nrf_log_frontend.o
[...]
Memory Configuration

Name             Origin             Length             Attributes
UNPLACED_SECTIONS 0x0000000100000000 0x0000000000000000 xw
RAM              0x0000000020000000 0x0000000000010000 xw
FLASH            0x0000000000000000 0x0000000000080000 xw
*default*        0x0000000000000000 0xffffffffffffffff

Linker script and memory map

                0x0000000000001864                __vfprintf = __vfprintf_long
                0x0000000000000000                __vfscanf = __vfscanf_int
                0x0000000020000000                __RAM_segment_start__ = 0x20000000
                0x0000000020010000                __RAM_segment_end__ = 0x20010000
                0x0000000000010000                __RAM_segment_size__ = 0x10000
                0x0000000000000000                __FLASH_segment_start__ = 0x0
                0x0000000000080000                __FLASH_segment_end__ = 0x80000
                0x0000000000080000                __FLASH_segment_size__ = 0x80000
                0x0000000000002000                __HEAPSIZE__ = 0x2000
                0x0000000000000000                __STACKSIZE_PROCESS__ = 0x0
                0x0000000000002000                __STACKSIZE__ = 0x2000
                0x0000000020000000                __vectors_ram_load_start__ = 0x20000000

.vectors_ram    0x0000000020000000        0x0
                0x0000000020000000                __vectors_ram_start__ = .
                0x0000000020000000                __app_ram_start__ = __vectors_ram_start__
 *(.vectors_ram .vectors_ram.*)
                0x0000000020000000                __vectors_ram_end__ = (__vectors_ram_start__ + SIZEOF (.vectors_ram))
                0x0000000000000000                __vectors_ram_size__ = SIZEOF (.vectors_ram)
                0x0000000020000000                __vectors_ram_load_end__ = __vectors_ram_end__
                0x0000000000000001                . = ASSERT (((__vectors_ram_start__ == __vectors_ram_end__) || ((__vectors_ram_end__ >= __RAM_segment_start__) && (__vectors_ram_end__ <= __RAM_segment_end__))), error: .vectors_ram is too large to fit in RAM memory segment)
                0x0000000020000000                __nrf_sections_run_load_start__ = ALIGN (__vectors_ram_end__, 0x4)

.nrf_sections_run
                0x0000000020000000        0x0
                0x0000000020000000                __nrf_sections_run_start__ = .
                0x0000000020000000                __start_nrf_sections_run = __nrf_sections_run_start__
 *(.nrf_sections_run .nrf_sections_run.*)
                0x0000000020000000                __nrf_sections_run_end__ = (__nrf_sections_run_start__ + SIZEOF (.nrf_sections_run))
                0x0000000000000000                __nrf_sections_run_size__ = SIZEOF (.nrf_sections_run)
                0x0000000020000000                __nrf_sections_run_load_end__ = __nrf_sections_run_end__
                0x0000000000000001                . = ASSERT (((__nrf_sections_run_start__ == __nrf_sections_run_end__) || ((__nrf_sections_run_end__ >= __RAM_segment_start__) && (__nrf_sections_run_end__ <= __RAM_segment_end__))), error: .nrf_sections_run is too large to fit in RAM memory segment)
                0x0000000000000000                __vectors_load_start__ = 0x0

.vectors        0x0000000000000000      0x200
                0x0000000000000000                __vectors_start__ = .
 *(.vectors .vectors.*)
 .vectors       0x0000000000000000      0x200 Output/uart_pca10040 Release/Obj/ses_startup_nrf52.o
                0x0000000000000000                _vectors
                0x0000000000000200                __vectors_end__ = (__vectors_start__ + SIZEOF (.vectors))
                0x0000000000000200                __vectors_size__ = SIZEOF (.vectors)
                0x0000000000000200                __vectors_load_end__ = __vectors_end__
                0x0000000000000001                . = ASSERT (((__vectors_start__ == __vectors_end__) || ((__vectors_end__ >= __FLASH_segment_start__) && (__vectors_end__ <= __FLASH_segment_end__))), error: .vectors is too large to fit in FLASH memory segment)
                0x0000000000000200                __init_load_start__ = ALIGN (__vectors_end__, 0x4)

.init           0x0000000000000200      0x1d8
                0x0000000000000200                __init_start__ = .
 *(.init .init.*)
 .init          0x0000000000000200      0x160 Output/uart_pca10040 Release/Obj/thumb_crt0.o
                0x0000000000000200                _start
                0x00000000000002b6                exit
 .init          0x0000000000000360       0x18 Output/uart_pca10040 Release/Obj/ses_startup_nrf52.o
                0x0000000000000360                NMI_Handler
                0x0000000000000362                HardFault_Handler
                0x0000000000000364                MemoryManagement_Handler
                0x0000000000000366                BusFault_Handler
                0x0000000000000368                UsageFault_Handler
                0x000000000000036a                SVC_Handler
                0x000000000000036c                DebugMon_Handler
                0x000000000000036e                PendSV_Handler
                0x0000000000000370                SysTick_Handler
                0x0000000000000372                PWM1_IRQHandler
                0x0000000000000372                GPIOTE_IRQHandler
                0x0000000000000372                SWI0_EGU0_IRQHandler
                0x0000000000000372                POWER_CLOCK_IRQHandler
                0x0000000000000372                RADIO_IRQHandler
                0x0000000000000372                PDM_IRQHandler
                0x0000000000000372                TEMP_IRQHandler
                0x0000000000000372                QDEC_IRQHandler
                0x0000000000000372                RTC0_IRQHandler
                0x0000000000000372                FPU_IRQHandler
                0x0000000000000372                SPIM0_SPIS0_TWIM0_TWIS0_SPI0_TWI0_IRQHandler
                0x0000000000000372                SWI2_EGU2_IRQHandler
                0x0000000000000372                TIMER4_IRQHandler
                0x0000000000000372                I2S_IRQHandler
                0x0000000000000372                SWI4_EGU4_IRQHandler
                0x0000000000000372                TIMER0_IRQHandler
                0x0000000000000372                Dummy_Handler
                0x0000000000000372                TIMER1_IRQHandler
                0x0000000000000372                PWM2_IRQHandler
                0x0000000000000372                ECB_IRQHandler
                0x0000000000000372                SPIM1_SPIS1_TWIM1_TWIS1_SPI1_TWI1_IRQHandler
                0x0000000000000372                SAADC_IRQHandler
                0x0000000000000372                CCM_AAR_IRQHandler
                0x0000000000000372                WDT_IRQHandler
                0x0000000000000372                TIMER3_IRQHandler
                0x0000000000000372                SWI5_EGU5_IRQHandler
                0x0000000000000372                RNG_IRQHandler
                0x0000000000000372                RTC2_IRQHandler
                0x0000000000000372                PWM0_IRQHandler
                0x0000000000000372                SWI3_EGU3_IRQHandler
                0x0000000000000372                RTC1_IRQHandler
                0x0000000000000372                SWI1_EGU1_IRQHandler
                0x0000000000000372                SPIM2_SPIS2_SPI2_IRQHandler
                0x0000000000000372                NFCT_IRQHandler
                0x0000000000000372                TIMER2_IRQHandler
                0x0000000000000372                MWU_IRQHandler
                0x0000000000000372                COMP_LPCOMP_IRQHandler
                0x0000000000000374                nRFInitialize
 .init          0x0000000000000378       0x60 Output/uart_pca10040 Release/Obj/ses_startup_nrf_common.o
                0x0000000000000378                Reset_Handler
                0x00000000000003a0                InitializeUserMemorySections
                0x00000000000003d8                __init_end__ = (__init_start__ + SIZEOF (.init))
                0x00000000000001d8                __init_size__ = SIZEOF (.init)
                0x00000000000003d8                __init_load_end__ = __init_end__
                0x0000000000000001                . = ASSERT (((__init_start__ == __init_end__) || ((__init_end__ >= __FLASH_segment_start__) && (__init_end__ <= __FLASH_segment_end__))), error: .init is too large to fit in FLASH memory segment)
                0x00000000000003d8                __init_rodata_load_start__ = ALIGN (__init_end__, 0x4)

.init_rodata    0x00000000000003d8        0x0
                0x00000000000003d8                __init_rodata_start__ = .
 *(.init_rodata .init_rodata.*)
                0x00000000000003d8                __init_rodata_end__ = (__init_rodata_start__ + SIZEOF (.init_rodata))
                0x0000000000000000                __init_rodata_size__ = SIZEOF (.init_rodata)
                0x00000000000003d8                __init_rodata_load_end__ = __init_rodata_end__
                0x0000000000000001                . = ASSERT (((__init_rodata_start__ == __init_rodata_end__) || ((__init_rodata_end__ >= __FLASH_segment_start__) && (__init_rodata_end__ <= __FLASH_segment_end__))), error: .init_rodata is too large to fit in FLASH memory segment)
                0x00000000000003d8                __text_load_start__ = ALIGN (__init_rodata_end__, 0x4)

.text           0x00000000000003d8     0x1bbc
                0x00000000000003d8                __text_start__ = .
 *(.text .text.* .glue_7t .glue_7 .gnu.linkonce.t.* .gcc_except_table .ARM.extab* .gnu.linkonce.armextab.*)
 .glue_7        0x00000000000003d8        0x0 linker stubs
 .glue_7t       0x00000000000003d8        0x0 linker stubs
 .text.bsp_board_led_off
                0x00000000000003d8       0x18 Output/uart_pca10040 Release/Obj/boards.o
                0x00000000000003d8                bsp_board_led_off
 .text.bsp_board_leds_off
                0x00000000000003f0       0x1e Output/uart_pca10040 Release/Obj/boards.o
                0x00000000000003f0                bsp_board_leds_off
 .text.bsp_board_init
                0x000000000000040e       0x3e Output/uart_pca10040 Release/Obj/boards.o
                0x000000000000040e                bsp_board_init
 .text.app_error_handler_bare
                0x000000000000044c       0x1a Output/uart_pca10040 Release/Obj/app_error.o
                0x000000000000044c                app_error_handler_bare
 *fill*         0x0000000000000466        0x2 
 .text.app_error_fault_handler
                0x0000000000000468       0x34 Output/uart_pca10040 Release/Obj/app_error_weak.o
                0x0000000000000468                app_error_fault_handler
 .text.app_fifo_init
                0x000000000000049c       0x1e Output/uart_pca10040 Release/Obj/app_fifo.o
                0x000000000000049c                app_fifo_init
 .text.app_fifo_put
                0x00000000000004ba       0x24 Output/uart_pca10040 Release/Obj/app_fifo.o
                0x00000000000004ba                app_fifo_put
 .text.app_fifo_get
                0x00000000000004de       0x22 Output/uart_pca10040 Release/Obj/app_fifo.o
                0x00000000000004de                app_fifo_get
 .text.nrf_drv_uart_rx.constprop.0
                0x0000000000000500       0x28 Output/uart_pca10040 Release/Obj/app_uart_fifo.o
 .text.nrf_drv_uart_tx.constprop.2
                0x0000000000000528       0x28 Output/uart_pca10040 Release/Obj/app_uart_fifo.o
 .text.uart_event_handler
                0x0000000000000550       0xa8 Output/uart_pca10040 Release/Obj/app_uart_fifo.o
 .text.app_uart_init
                0x00000000000005f8       0xb0 Output/uart_pca10040 Release/Obj/app_uart_fifo.o
                0x00000000000005f8                app_uart_init
 .text.app_uart_get
                0x00000000000006a8       0x2c Output/uart_pca10040 Release/Obj/app_uart_fifo.o
                0x00000000000006a8                app_uart_get
 .text.app_uart_put
                0x00000000000006d4       0x50 Output/uart_pca10040 Release/Obj/app_uart_fifo.o
                0x00000000000006d4                app_uart_put
 .text.app_util_disable_irq
                0x0000000000000724       0x10 Output/uart_pca10040 Release/Obj/app_util_platform.o
                0x0000000000000724                app_util_disable_irq
 .text.app_util_enable_irq
                0x0000000000000734       0x14 Output/uart_pca10040 Release/Obj/app_util_platform.o
                0x0000000000000734                app_util_enable_irq
 .text.app_util_critical_region_enter
                0x0000000000000748        0x4 Output/uart_pca10040 Release/Obj/app_util_platform.o
                0x0000000000000748                app_util_critical_region_enter
 .text.app_util_critical_region_exit
                0x000000000000074c        0x4 Output/uart_pca10040 Release/Obj/app_util_platform.o
                0x000000000000074c                app_util_critical_region_exit
 .text.uarte_evt_handler
                0x0000000000000750       0x34 Output/uart_pca10040 Release/Obj/nrf_drv_uart.o
 .text.uart_evt_handler
                0x0000000000000784       0x34 Output/uart_pca10040 Release/Obj/nrf_drv_uart.o
 .text.nrf_drv_uart_init
                0x00000000000007b8       0x7c Output/uart_pca10040 Release/Obj/nrf_drv_uart.o
                0x00000000000007b8                nrf_drv_uart_init
 .text.UARTE0_UART0_IRQHandler
                0x0000000000000834        0xc Output/uart_pca10040 Release/Obj/nrfx_prs.o
                0x0000000000000834                UARTE0_UART0_IRQHandler
 .text.nrfx_prs_acquire
                0x0000000000000840       0x34 Output/uart_pca10040 Release/Obj/nrfx_prs.o
                0x0000000000000840                nrfx_prs_acquire
 .text.nrf_uart_event_clear
                0x0000000000000874       0x10 Output/uart_pca10040 Release/Obj/nrfx_uart.o
 .text.tx_byte  0x0000000000000884       0x1e Output/uart_pca10040 Release/Obj/nrfx_uart.o
 .text.rx_enable.isra.5
                0x00000000000008a2       0x20 Output/uart_pca10040 Release/Obj/nrfx_uart.o
 .text.rx_byte  0x00000000000008c2       0x2c Output/uart_pca10040 Release/Obj/nrfx_uart.o
 *fill*         0x00000000000008ee        0x2 
 .text.rx_done_event.constprop.8
                0x00000000000008f0       0x20 Output/uart_pca10040 Release/Obj/nrfx_uart.o
 .text.nrfx_uart_0_irq_handler
                0x0000000000000910      0x13c Output/uart_pca10040 Release/Obj/nrfx_uart.o
                0x0000000000000910                nrfx_uart_0_irq_handler
 .text.nrfx_uart_init
                0x0000000000000a4c      0x180 Output/uart_pca10040 Release/Obj/nrfx_uart.o
                0x0000000000000a4c                nrfx_uart_init
 .text.nrfx_uart_tx
                0x0000000000000bcc       0x94 Output/uart_pca10040 Release/Obj/nrfx_uart.o
                0x0000000000000bcc                nrfx_uart_tx
 .text.nrfx_uart_tx_in_progress
                0x0000000000000c60       0x18 Output/uart_pca10040 Release/Obj/nrfx_uart.o
                0x0000000000000c60                nrfx_uart_tx_in_progress
 .text.nrfx_uart_rx
                0x0000000000000c78       0xec Output/uart_pca10040 Release/Obj/nrfx_uart.o
                0x0000000000000c78                nrfx_uart_rx
 .text.nrf_uarte_event_clear
                0x0000000000000d64       0x10 Output/uart_pca10040 Release/Obj/nrfx_uarte.o
 .text.rx_done_event.constprop.7
                0x0000000000000d74       0x24 Output/uart_pca10040 Release/Obj/nrfx_uarte.o
 .text.nrfx_uarte_0_irq_handler
                0x0000000000000d98       0xec Output/uart_pca10040 Release/Obj/nrfx_uarte.o
                0x0000000000000d98                nrfx_uarte_0_irq_handler
 .text.nrfx_uarte_init
                0x0000000000000e84      0x190 Output/uart_pca10040 Release/Obj/nrfx_uarte.o
                0x0000000000000e84                nrfx_uarte_init
 .text.nrfx_uarte_tx
                0x0000000000001014       0x88 Output/uart_pca10040 Release/Obj/nrfx_uarte.o
                0x0000000000001014                nrfx_uarte_tx
 .text.nrfx_uarte_tx_in_progress
                0x000000000000109c       0x18 Output/uart_pca10040 Release/Obj/nrfx_uarte.o
                0x000000000000109c                nrfx_uarte_tx_in_progress
 .text.nrfx_uarte_rx
                0x00000000000010b4       0xd8 Output/uart_pca10040 Release/Obj/nrfx_uarte.o
                0x00000000000010b4                nrfx_uarte_rx
 .text.uart_error_handle
                0x000000000000118c       0x12 Output/uart_pca10040 Release/Obj/main.o
                0x000000000000118c                uart_error_handle
 *fill*         0x000000000000119e        0x2 
 .text.startup.main
                0x00000000000011a0       0x84 Output/uart_pca10040 Release/Obj/main.o
                0x00000000000011a0                main
 .text.errata_12
                0x0000000000001224       0x40 Output/uart_pca10040 Release/Obj/system_nrf52.o
 .text.errata_16
                0x0000000000001264       0x34 Output/uart_pca10040 Release/Obj/system_nrf52.o
 .text.SystemInit
                0x0000000000001298      0x25c Output/uart_pca10040 Release/Obj/system_nrf52.o
                0x0000000000001298                SystemInit
 .text._GetAvailWriteSpace
                0x00000000000014f4       0x1c Output/uart_pca10040 Release/Obj/SEGGER_RTT.o
 .text._WriteNoCheck
                0x0000000000001510       0x3a Output/uart_pca10040 Release/Obj/SEGGER_RTT.o
 .text._WriteBlocking
                0x000000000000154a       0x52 Output/uart_pca10040 Release/Obj/SEGGER_RTT.o
 .text._DoInit  0x000000000000159c       0x60 Output/uart_pca10040 Release/Obj/SEGGER_RTT.o
 .text.SEGGER_RTT_WriteNoLock
                0x00000000000015fc       0x68 Output/uart_pca10040 Release/Obj/SEGGER_RTT.o
                0x00000000000015fc                SEGGER_RTT_WriteNoLock
 .text.SEGGER_RTT_Write
                0x0000000000001664       0x34 Output/uart_pca10040 Release/Obj/SEGGER_RTT.o
                0x0000000000001664                SEGGER_RTT_Write
 .text.printf   0x0000000000001698       0x2e Output/uart_pca10040 Release/Obj/SEGGER_RTT_SES.o
                0x0000000000001698                printf
 .text.libc.__putc
                0x00000000000016c6       0x34 C:/SEGGER_EmbS/lib/libc_v7em_fpv4_sp_d16_hard_t_le_eabi.a(libc2.o)
                0x00000000000016c6                __putc
 .text.libc.__RAL_print_padding
                0x00000000000016fa       0x1c C:/SEGGER_EmbS/lib/libc_v7em_fpv4_sp_d16_hard_t_le_eabi.a(libc2.o)
                0x00000000000016fa                __RAL_print_padding
 .text.libc.__RAL_pre_padding
                0x0000000000001716       0x1c C:/SEGGER_EmbS/lib/libc_v7em_fpv4_sp_d16_hard_t_le_eabi.a(libc2.o)
                0x0000000000001716                __RAL_pre_padding
 .text.libc.strnlen
                0x0000000000001732       0x20 C:/SEGGER_EmbS/lib/libc_v7em_fpv4_sp_d16_hard_t_le_eabi.a(libc2.o)
                0x0000000000001732                strnlen
 .text.libc.vsnprintf
                0x0000000000001752       0x1c C:/SEGGER_EmbS/lib/libc_v7em_fpv4_sp_d16_hard_t_le_eabi.a(libc2.o)
                0x0000000000001752                vsnprintf
 .text.libc.memcpy
                0x000000000000176e       0x52 C:/SEGGER_EmbS/lib/libc_v7em_fpv4_sp_d16_hard_t_le_eabi.a(libc2_asm.o)
                0x000000000000176e                __aeabi_memcpy
                0x000000000000176e                memcpy
                0x000000000000177a                __aeabi_memcpy8
                0x000000000000177a                __aeabi_memcpy4
 .text.libc.strcpy
                0x00000000000017c0       0x44 C:/SEGGER_EmbS/lib/libc_v7em_fpv4_sp_d16_hard_t_le_eabi.a(libc2_asm.o)
                0x00000000000017c0                strcpy
 .text.libc.strlen
                0x0000000000001804       0x60 C:/SEGGER_EmbS/lib/libc_v7em_fpv4_sp_d16_hard_t_le_eabi.a(libc2_asm.o)
                0x0000000000001804                strlen
 .text.libc.__vfprintf_long
                0x0000000000001864      0x730 C:/SEGGER_EmbS/lib/libvfprintf_v7em_fpv4_sp_d16_hard_t_le_eabi.o
                0x0000000000001864                __vfprintf_long
                0x0000000000001f94                __text_end__ = (__text_start__ + SIZEOF (.text))
                0x0000000000001bbc                __text_size__ = SIZEOF (.text)
                0x0000000000001f94                __text_load_end__ = __text_end__

.vfp11_veneer   0x0000000100000000        0x0
 .vfp11_veneer  0x0000000100000000        0x0 linker stubs

.v4_bx          0x0000000100000000        0x0
 .v4_bx         0x0000000100000000        0x0 linker stubs

.iplt           0x0000000100000000        0x0
 .iplt          0x0000000100000000        0x0 Output/uart_pca10040 Release/Obj/thumb_crt0.o
                0x0000000000000001                . = ASSERT (((__text_start__ == __text_end__) || ((__text_end__ >= __FLASH_segment_start__) && (__text_end__ <= __FLASH_segment_end__))), error: .text is too large to fit in FLASH memory segment)
                0x0000000000001f94                __log_const_data_load_start__ = ALIGN (__text_end__, 0x4)

.log_const_data
                0x0000000000001f94        0x0
                0x0000000000001f94                __log_const_data_start__ = .
                0x0000000000001f94                __start_log_const_data = __log_const_data_start__
 *(SORT_BY_NAME(.log_const_data*))
                0x0000000000001f94                __log_const_data_end__ = (__log_const_data_start__ + SIZEOF (.log_const_data))
                0x0000000000000000                __log_const_data_size__ = SIZEOF (.log_const_data)
                0x0000000000001f94                __stop_log_const_data = __log_const_data_end__
                0x0000000000001f94                __log_const_data_load_end__ = __log_const_data_end__
                0x0000000000000001                . = ASSERT (((__log_const_data_start__ == __log_const_data_end__) || ((__log_const_data_end__ >= __FLASH_segment_start__) && (__log_const_data_end__ <= __FLASH_segment_end__))), error: .log_const_data is too large to fit in FLASH memory segment)
                0x0000000000001f94                __log_backends_load_start__ = ALIGN (__log_const_data_end__, 0x4)

.log_backends   0x0000000000001f94        0x0
                0x0000000000001f94                __log_backends_start__ = .
                0x0000000000001f94                __start_log_backends = __log_backends_start__
 *(SORT_BY_NAME(.log_backends*))
                0x0000000000001f94                __log_backends_end__ = (__log_backends_start__ + SIZEOF (.log_backends))
                0x0000000000000000                __log_backends_size__ = SIZEOF (.log_backends)
                0x0000000000001f94                __stop_log_backends = __log_backends_end__
                0x0000000000001f94                __log_backends_load_end__ = __log_backends_end__
                0x0000000000000001                . = ASSERT (((__log_backends_start__ == __log_backends_end__) || ((__log_backends_end__ >= __FLASH_segment_start__) && (__log_backends_end__ <= __FLASH_segment_end__))), error: .log_backends is too large to fit in FLASH memory segment)
                0x0000000000001f94                __nrf_balloc_load_start__ = ALIGN (__log_backends_end__, 0x4)

.nrf_balloc     0x0000000000001f94        0x0
                0x0000000000001f94                __nrf_balloc_start__ = .
                0x0000000000001f94                __start_nrf_balloc = __nrf_balloc_start__
 *(.nrf_balloc*)
                0x0000000000001f94                __nrf_balloc_end__ = (__nrf_balloc_start__ + SIZEOF (.nrf_balloc))
                0x0000000000000000                __nrf_balloc_size__ = SIZEOF (.nrf_balloc)
                0x0000000000001f94                __stop_nrf_balloc = __nrf_balloc_end__
                0x0000000000001f94                __nrf_balloc_load_end__ = __nrf_balloc_end__
                0x0000000000000001                . = ASSERT (((__nrf_balloc_start__ == __nrf_balloc_end__) || ((__nrf_balloc_end__ >= __FLASH_segment_start__) && (__nrf_balloc_end__ <= __FLASH_segment_end__))), error: .nrf_balloc is too large to fit in FLASH memory segment)
                0x0000000000001f94                __nrf_sections_load_start__ = ALIGN (__nrf_balloc_end__, 0x4)

.nrf_sections   0x0000000000001f94        0x0
                0x0000000000001f94                __nrf_sections_start__ = .
                0x0000000000001f94                __start_nrf_sections = __nrf_sections_start__
 *(.nrf_sections .nrf_sections.*)
                0x0000000000001f94                __nrf_sections_end__ = (__nrf_sections_start__ + SIZEOF (.nrf_sections))
                0x0000000000000000                __nrf_sections_size__ = SIZEOF (.nrf_sections)
                0x0000000000001f94                __nrf_sections_load_end__ = __nrf_sections_end__
                0x0000000000000001                . = ASSERT (((__nrf_sections_start__ == __nrf_sections_end__) || ((__nrf_sections_end__ >= __FLASH_segment_start__) && (__nrf_sections_end__ <= __FLASH_segment_end__))), error: .nrf_sections is too large to fit in FLASH memory segment)
                0x0000000000001f94                __log_dynamic_data_load_start__ = ALIGN (__nrf_sections_end__, 0x4)

.log_dynamic_data
                0x0000000020000000        0x0 load address 0x0000000000001f94
                0x0000000020000000                __log_dynamic_data_start__ = .
 *(SORT_BY_NAME(.log_dynamic_data*))
                0x0000000020000000                __log_dynamic_data_end__ = (__log_dynamic_data_start__ + SIZEOF (.log_dynamic_data))
                0x0000000000000000                __log_dynamic_data_size__ = SIZEOF (.log_dynamic_data)
                0x0000000000001f94                __log_dynamic_data_load_end__ = (__log_dynamic_data_load_start__ + SIZEOF (.log_dynamic_data))
                0x0000000000000001                . = ASSERT (((__log_dynamic_data_load_start__ == __log_dynamic_data_load_end__) || ((__log_dynamic_data_load_end__ >= __FLASH_segment_start__) && (__log_dynamic_data_load_end__ <= __FLASH_segment_end__))), error: .log_dynamic_data is too large to fit in FLASH memory segment)

.log_dynamic_data_run
                0x0000000020000000        0x0
                0x0000000020000000                __log_dynamic_data_run_start__ = .
                0x0000000020000000                __start_log_dynamic_data = __log_dynamic_data_run_start__
                0x0000000020000000                . = MAX ((__log_dynamic_data_run_start__ + SIZEOF (.log_dynamic_data)), .)
                0x0000000020000000                __log_dynamic_data_run_end__ = (__log_dynamic_data_run_start__ + SIZEOF (.log_dynamic_data_run))
                0x0000000000000000                __log_dynamic_data_run_size__ = SIZEOF (.log_dynamic_data_run)
                0x0000000020000000                __stop_log_dynamic_data = __log_dynamic_data_run_end__
                0x0000000020000000                __log_dynamic_data_run_load_end__ = __log_dynamic_data_run_end__
                0x0000000000000001                . = ASSERT (((__log_dynamic_data_run_start__ == __log_dynamic_data_run_end__) || ((__log_dynamic_data_run_end__ >= __RAM_segment_start__) && (__log_dynamic_data_run_end__ <= __RAM_segment_end__))), error: .log_dynamic_data_run is too large to fit in RAM memory segment)
                0x0000000000001f94                __log_filter_data_load_start__ = ALIGN ((__log_dynamic_data_load_start__ + SIZEOF (.log_dynamic_data)), 0x4)

.log_filter_data
                0x0000000020000000        0x0 load address 0x0000000000001f94
                0x0000000020000000                __log_filter_data_start__ = .
 *(SORT_BY_NAME(.log_filter_data*))
                0x0000000020000000                __log_filter_data_end__ = (__log_filter_data_start__ + SIZEOF (.log_filter_data))
                0x0000000000000000                __log_filter_data_size__ = SIZEOF (.log_filter_data)
                0x0000000000001f94                __log_filter_data_load_end__ = (__log_filter_data_load_start__ + SIZEOF (.log_filter_data))
                0x0000000000000001                . = ASSERT (((__log_filter_data_load_start__ == __log_filter_data_load_end__) || ((__log_filter_data_load_end__ >= __FLASH_segment_start__) && (__log_filter_data_load_end__ <= __FLASH_segment_end__))), error: .log_filter_data is too large to fit in FLASH memory segment)

.log_filter_data_run
                0x0000000020000000        0x0
                0x0000000020000000                __log_filter_data_run_start__ = .
                0x0000000020000000                __start_log_filter_data = __log_filter_data_run_start__
                0x0000000020000000                . = MAX ((__log_filter_data_run_start__ + SIZEOF (.log_filter_data)), .)
                0x0000000020000000                __log_filter_data_run_end__ = (__log_filter_data_run_start__ + SIZEOF (.log_filter_data_run))
                0x0000000000000000                __log_filter_data_run_size__ = SIZEOF (.log_filter_data_run)
                0x0000000020000000                __stop_log_filter_data = __log_filter_data_run_end__
                0x0000000020000000                __log_filter_data_run_load_end__ = __log_filter_data_run_end__
                0x0000000000000001                . = ASSERT (((__log_filter_data_run_start__ == __log_filter_data_run_end__) || ((__log_filter_data_run_end__ >= __RAM_segment_start__) && (__log_filter_data_run_end__ <= __RAM_segment_end__))), error: .log_filter_data_run is too large to fit in RAM memory segment)
                0x0000000020000000                __nrf_sections_run_end_load_start__ = ALIGN (__log_filter_data_run_end__, 0x4)

.nrf_sections_run_end
                0x0000000020000000        0x0
                0x0000000020000000                __nrf_sections_run_end_start__ = .
                0x0000000020000000                __end_nrf_sections_run = __nrf_sections_run_end_start__
 *(.nrf_sections_run_end .nrf_sections_run_end.*)
                0x0000000020000000                __nrf_sections_run_end_end__ = (__nrf_sections_run_end_start__ + SIZEOF (.nrf_sections_run_end))
                0x0000000000000000                __nrf_sections_run_end_size__ = SIZEOF (.nrf_sections_run_end)
                0x0000000020000000                __nrf_sections_run_end_load_end__ = __nrf_sections_run_end_end__
                0x0000000000000001                . = ASSERT (((__nrf_sections_run_end_start__ == __nrf_sections_run_end_end__) || ((__nrf_sections_run_end_end__ >= __RAM_segment_start__) && (__nrf_sections_run_end_end__ <= __RAM_segment_end__))), error: .nrf_sections_run_end is too large to fit in RAM memory segment)
                0x0000000000001f94                __dtors_load_start__ = ALIGN ((__log_filter_data_load_start__ + SIZEOF (.log_filter_data)), 0x4)

.dtors          0x0000000000001f94        0x0
                0x0000000000001f94                __dtors_start__ = .
 *(SORT_BY_NAME(.dtors.*))
 *(.dtors)
 *(.fini_array)
 *(SORT_BY_NAME(.fini_array.*))
                0x0000000000001f94                __dtors_end__ = (__dtors_start__ + SIZEOF (.dtors))
                0x0000000000000000                __dtors_size__ = SIZEOF (.dtors)
                0x0000000000001f94                __dtors_load_end__ = __dtors_end__
                0x0000000000000001                . = ASSERT (((__dtors_start__ == __dtors_end__) || ((__dtors_end__ >= __FLASH_segment_start__) && (__dtors_end__ <= __FLASH_segment_end__))), error: .dtors is too large to fit in FLASH memory segment)
                0x0000000000001f94                __ctors_load_start__ = ALIGN (__dtors_end__, 0x4)

.ctors          0x0000000000001f94        0x0
                0x0000000000001f94                __ctors_start__ = .
 *(SORT_BY_NAME(.ctors.*))
 *(.ctors)
 *(.init_array)
 *(SORT_BY_NAME(.init_array.*))
                0x0000000000001f94                __ctors_end__ = (__ctors_start__ + SIZEOF (.ctors))
                0x0000000000000000                __ctors_size__ = SIZEOF (.ctors)
                0x0000000000001f94                __ctors_load_end__ = __ctors_end__
                0x0000000000000001                . = ASSERT (((__ctors_start__ == __ctors_end__) || ((__ctors_end__ >= __FLASH_segment_start__) && (__ctors_end__ <= __FLASH_segment_end__))), error: .ctors is too large to fit in FLASH memory segment)
                0x0000000000001f94                __rodata_load_start__ = ALIGN (__ctors_end__, 0x4)

.rodata         0x0000000000001f94       0xa0
                0x0000000000001f94                __rodata_start__ = .
 *(.rodata .rodata.* .gnu.linkonce.r.*)
 .rodata.m_board_led_list
                0x0000000000001f94        0x4 Output/uart_pca10040 Release/Obj/boards.o
 .rodata        0x0000000000001f98       0x20 Output/uart_pca10040 Release/Obj/app_uart_fifo.o
 .rodata        0x0000000000001fb8       0x18 Output/uart_pca10040 Release/Obj/main.o
 .rodata.main.str1.1
                0x0000000000001fd0       0x25 Output/uart_pca10040 Release/Obj/main.o
 .rodata._DoInit.str1.1
                0x0000000000001ff5       0x14 Output/uart_pca10040 Release/Obj/SEGGER_RTT.o
 *fill*         0x0000000000002009        0x3 
 .rodata.libc.__RAL_hex_lc
                0x000000000000200c       0x10 C:/SEGGER_EmbS/lib/libc_v7em_fpv4_sp_d16_hard_t_le_eabi.a(libc2.o)
                0x000000000000200c                __RAL_hex_lc
 .rodata.libc.__RAL_hex_uc
                0x000000000000201c       0x10 C:/SEGGER_EmbS/lib/libc_v7em_fpv4_sp_d16_hard_t_le_eabi.a(libc2.o)
                0x000000000000201c                __RAL_hex_uc
 .rodata.libc.__vfprintf_int.str1.4
                0x000000000000202c        0x8 C:/SEGGER_EmbS/lib/libvfprintf_v7em_fpv4_sp_d16_hard_t_le_eabi.o
                                          0x7 (size before relaxing)
                0x0000000000002034                __rodata_end__ = (__rodata_start__ + SIZEOF (.rodata))
                0x00000000000000a0                __rodata_size__ = SIZEOF (.rodata)
                0x0000000000002034                __rodata_load_end__ = __rodata_end__

.rel.dyn        0x0000000000002034        0x0
 .rel.iplt      0x0000000000002034        0x0 Output/uart_pca10040 Release/Obj/thumb_crt0.o
                0x0000000000000001                . = ASSERT (((__rodata_start__ == __rodata_end__) || ((__rodata_end__ >= __FLASH_segment_start__) && (__rodata_end__ <= __FLASH_segment_end__))), error: .rodata is too large to fit in FLASH memory segment)
                0x0000000000002034                __ARM.exidx_load_start__ = ALIGN (__rodata_end__, 0x4)

.ARM.exidx      0x0000000000002034        0x0
                0x0000000000002034                __ARM.exidx_start__ = .
                0x0000000000002034                __exidx_start = __ARM.exidx_start__
 *(.ARM.exidx .ARM.exidx.*)
                0x0000000000002034                __ARM.exidx_end__ = (__ARM.exidx_start__ + SIZEOF (.ARM.exidx))
                0x0000000000000000                __ARM.exidx_size__ = SIZEOF (.ARM.exidx)
                0x0000000000002034                __exidx_end = __ARM.exidx_end__
                0x0000000000002034                __ARM.exidx_load_end__ = __ARM.exidx_end__
                0x0000000000000001                . = ASSERT (((__ARM.exidx_start__ == __ARM.exidx_end__) || ((__ARM.exidx_end__ >= __FLASH_segment_start__) && (__ARM.exidx_end__ <= __FLASH_segment_end__))), error: .ARM.exidx is too large to fit in FLASH memory segment)
                0x0000000000002034                __fast_load_start__ = ALIGN (__ARM.exidx_end__, 0x4)

.fast           0x0000000020000000        0x0 load address 0x0000000000002034
                0x0000000020000000                __fast_start__ = .
 *(.fast .fast.*)
                0x0000000020000000                __fast_end__ = (__fast_start__ + SIZEOF (.fast))
                0x0000000000000000                __fast_size__ = SIZEOF (.fast)
                0x0000000000002034                __fast_load_end__ = (__fast_load_start__ + SIZEOF (.fast))
                0x0000000000000001                . = ASSERT (((__fast_load_start__ == __fast_load_end__) || ((__fast_load_end__ >= __FLASH_segment_start__) && (__fast_load_end__ <= __FLASH_segment_end__))), error: .fast is too large to fit in FLASH memory segment)

.fast_run       0x0000000020000000        0x0
                0x0000000020000000                __fast_run_start__ = .
                0x0000000020000000                . = MAX ((__fast_run_start__ + SIZEOF (.fast)), .)
                0x0000000020000000                __fast_run_end__ = (__fast_run_start__ + SIZEOF (.fast_run))
                0x0000000000000000                __fast_run_size__ = SIZEOF (.fast_run)
                0x0000000020000000                __fast_run_load_end__ = __fast_run_end__
                0x0000000000000001                . = ASSERT (((__fast_run_start__ == __fast_run_end__) || ((__fast_run_end__ >= __RAM_segment_start__) && (__fast_run_end__ <= __RAM_segment_end__))), error: .fast_run is too large to fit in RAM memory segment)
                0x0000000000002034                __data_load_start__ = ALIGN ((__fast_load_start__ + SIZEOF (.fast)), 0x4)

.data           0x0000000020000000       0x18 load address 0x0000000000002034
                0x0000000020000000                __data_start__ = .
 *(.data .data.* .gnu.linkonce.d.*)
 .data.app_uart_inst
                0x0000000020000000       0x14 Output/uart_pca10040 Release/Obj/app_uart_fifo.o
 .data.SystemCoreClock
                0x0000000020000014        0x4 Output/uart_pca10040 Release/Obj/system_nrf52.o
                0x0000000020000014                SystemCoreClock
                0x0000000020000018                __data_end__ = (__data_start__ + SIZEOF (.data))
                0x0000000000000018                __data_size__ = SIZEOF (.data)
                0x000000000000204c                __data_load_end__ = (__data_load_start__ + SIZEOF (.data))

.igot.plt       0x0000000100000000        0x0
 .igot.plt      0x0000000100000000        0x0 Output/uart_pca10040 Release/Obj/thumb_crt0.o
                0x0000000000000001                . = ASSERT (((__data_load_start__ == __data_load_end__) || ((__data_load_end__ >= __FLASH_segment_start__) && (__data_load_end__ <= __FLASH_segment_end__))), error: .data is too large to fit in FLASH memory segment)

.data_run       0x0000000020000000       0x18 load address 0x0000000000002034
                0x0000000020000000                __data_run_start__ = .
                0x0000000020000018                . = MAX ((__data_run_start__ + SIZEOF (.data)), .)
 *fill*         0x0000000020000000       0x18 
                0x0000000020000018                __data_run_end__ = (__data_run_start__ + SIZEOF (.data_run))
                0x0000000000000018                __data_run_size__ = SIZEOF (.data_run)
                0x0000000020000018                __data_run_load_end__ = __data_run_end__
                0x0000000000000001                . = ASSERT (((__data_run_start__ == __data_run_end__) || ((__data_run_end__ >= __RAM_segment_start__) && (__data_run_end__ <= __RAM_segment_end__))), error: .data_run is too large to fit in RAM memory segment)
                0x000000000000204c                __tdata_load_start__ = ALIGN ((__data_load_start__ + SIZEOF (.data)), 0x4)

.tdata          0x0000000020000018        0x0 load address 0x000000000000204c
                0x0000000020000018                __tdata_start__ = .
 *(.tdata .tdata.*)
                0x0000000020000018                __tdata_end__ = (__tdata_start__ + SIZEOF (.tdata))
                0x0000000000000000                __tdata_size__ = SIZEOF (.tdata)
                0x000000000000204c                __tdata_load_end__ = (__tdata_load_start__ + SIZEOF (.tdata))
                0x000000000000204c                __FLASH_segment_used_end__ = (ALIGN ((__data_load_start__ + SIZEOF (.data)), 0x4) + SIZEOF (.tdata))
                0x000000000000204c                __FLASH_segment_used_size__ = (__FLASH_segment_used_end__ - __FLASH_segment_start__)
                0x0000000000000001                . = ASSERT (((__tdata_load_start__ == __tdata_load_end__) || ((__tdata_load_end__ >= __FLASH_segment_start__) && (__tdata_load_end__ <= __FLASH_segment_end__))), error: .tdata is too large to fit in FLASH memory segment)

.tdata_run      0x0000000020000018        0x0
                0x0000000020000018                __tdata_run_start__ = .
                0x0000000020000018                . = MAX ((__tdata_run_start__ + SIZEOF (.tdata)), .)
                0x0000000020000018                __tdata_run_end__ = (__tdata_run_start__ + SIZEOF (.tdata_run))
                0x0000000000000000                __tdata_run_size__ = SIZEOF (.tdata_run)
                0x0000000020000018                __tdata_run_load_end__ = __tdata_run_end__
                0x0000000000000001                . = ASSERT (((__tdata_run_start__ == __tdata_run_end__) || ((__tdata_run_end__ >= __RAM_segment_start__) && (__tdata_run_end__ <= __RAM_segment_end__))), error: .tdata_run is too large to fit in RAM memory segment)
                0x0000000020000018                __bss_load_start__ = ALIGN (__tdata_run_end__, 0x4)

.bss            0x0000000020000018      0x720
                0x0000000020000018                __bss_start__ = .
 *(.bss .bss.* .gnu.linkonce.b.*)
 .bss.m_event_handler
                0x0000000020000018        0x4 Output/uart_pca10040 Release/Obj/app_uart_fifo.o
 .bss.m_rx_fifo
                0x000000002000001c       0x10 Output/uart_pca10040 Release/Obj/app_uart_fifo.o
 .bss.m_rx_ovf  0x000000002000002c        0x1 Output/uart_pca10040 Release/Obj/app_uart_fifo.o
 *fill*         0x000000002000002d        0x3 
 .bss.m_tx_fifo
                0x0000000020000030       0x10 Output/uart_pca10040 Release/Obj/app_uart_fifo.o
 .bss.rx_buffer
                0x0000000020000040        0x1 Output/uart_pca10040 Release/Obj/app_uart_fifo.o
 .bss.tx_buffer
                0x0000000020000041        0x1 Output/uart_pca10040 Release/Obj/app_uart_fifo.o
 *fill*         0x0000000020000042        0x2 
 .bss.m_in_critical_region
                0x0000000020000044        0x4 Output/uart_pca10040 Release/Obj/app_util_platform.o
 .bss.m_contexts
                0x0000000020000048        0x4 Output/uart_pca10040 Release/Obj/nrf_drv_uart.o
 .bss.m_handlers
                0x000000002000004c        0x4 Output/uart_pca10040 Release/Obj/nrf_drv_uart.o
 .bss.nrf_drv_uart_use_easy_dma
                0x0000000020000050        0x1 Output/uart_pca10040 Release/Obj/nrf_drv_uart.o
                0x0000000020000050                nrf_drv_uart_use_easy_dma
 *fill*         0x0000000020000051        0x3 
 .bss.m_prs_box_4
                0x0000000020000054        0x8 Output/uart_pca10040 Release/Obj/nrfx_prs.o
 .bss.m_cb      0x000000002000005c       0x2c Output/uart_pca10040 Release/Obj/nrfx_uart.o
 .bss.m_cb      0x0000000020000088       0x24 Output/uart_pca10040 Release/Obj/nrfx_uarte.o
 .bss.rx_buf.8394
                0x00000000200000ac      0x100 Output/uart_pca10040 Release/Obj/main.o
 .bss.tx_buf.8395
                0x00000000200001ac      0x100 Output/uart_pca10040 Release/Obj/main.o
 .bss._SEGGER_RTT
                0x00000000200002ac       0x78 Output/uart_pca10040 Release/Obj/SEGGER_RTT.o
                0x00000000200002ac                _SEGGER_RTT
 .bss._acDownBuffer
                0x0000000020000324       0x10 Output/uart_pca10040 Release/Obj/SEGGER_RTT.o
 .bss._acUpBuffer
                0x0000000020000334      0x400 Output/uart_pca10040 Release/Obj/SEGGER_RTT.o
 .bss.libc.__user_format_extender
                0x0000000020000734        0x4 C:/SEGGER_EmbS/lib/libc_v7em_fpv4_sp_d16_hard_t_le_eabi.a(libc2.o)
                0x0000000020000734                __user_format_extender
 *(COMMON)
                0x0000000020000738                __bss_end__ = (__bss_start__ + SIZEOF (.bss))
                0x0000000000000720                __bss_size__ = SIZEOF (.bss)
                0x0000000020000738                __bss_load_end__ = __bss_end__
                0x0000000000000001                . = ASSERT (((__bss_start__ == __bss_end__) || ((__bss_end__ >= __RAM_segment_start__) && (__bss_end__ <= __RAM_segment_end__))), error: .bss is too large to fit in RAM memory segment)
                0x0000000020000738                __tbss_load_start__ = ALIGN (__bss_end__, 0x4)

.tbss           0x0000000020000738        0x0
                0x0000000020000738                __tbss_start__ = .
 *(.tbss .tbss.*)
                0x0000000020000738                __tbss_end__ = (__tbss_start__ + SIZEOF (.tbss))
                0x0000000000000000                __tbss_size__ = SIZEOF (.tbss)
                0x0000000020000738                __tbss_load_end__ = __tbss_end__
                0x0000000000000001                . = ASSERT (((__tbss_start__ == __tbss_end__) || ((__tbss_end__ >= __RAM_segment_start__) && (__tbss_end__ <= __RAM_segment_end__))), error: .tbss is too large to fit in RAM memory segment)
                0x0000000020000738                __non_init_load_start__ = ALIGN (__tbss_end__, 0x4)

.non_init       0x0000000020000738        0x0
                0x0000000020000738                __non_init_start__ = .
 *(.non_init .non_init.*)
                0x0000000020000738                __non_init_end__ = (__non_init_start__ + SIZEOF (.non_init))
                0x0000000000000000                __non_init_size__ = SIZEOF (.non_init)
                0x0000000020000738                __non_init_load_end__ = __non_init_end__
                0x0000000000000001                . = ASSERT (((__non_init_start__ == __non_init_end__) || ((__non_init_end__ >= __RAM_segment_start__) && (__non_init_end__ <= __RAM_segment_end__))), error: .non_init is too large to fit in RAM memory segment)
                0x0000000020000738                __heap_load_start__ = ALIGN (__non_init_end__, 0x4)

.heap           0x0000000020000738     0x2000
                0x0000000020000738                __heap_start__ = .
 *(.heap .heap.*)
                0x0000000020002738                . = ALIGN (MAX ((__heap_start__ + __HEAPSIZE__), .), 0x4)
 *fill*         0x0000000020000738     0x2000 
                0x0000000020002738                __heap_end__ = (__heap_start__ + SIZEOF (.heap))
                0x0000000000002000                __heap_size__ = SIZEOF (.heap)
                0x0000000020002738                __heap_load_end__ = __heap_end__
                0x0000000000000001                . = ASSERT (((__heap_start__ == __heap_end__) || ((__heap_end__ >= __RAM_segment_start__) && (__heap_end__ <= __RAM_segment_end__))), error: .heap is too large to fit in RAM memory segment)
                0x000000002000e000                __stack_load_start__ = (__RAM_segment_end__ - 0x2000)

.stack          0x000000002000e000     0x2000
                0x000000002000e000                __stack_start__ = .
                0x000000002000e000                __StackLimit = __stack_start__
 *(.stack .stack.*)
                0x0000000020010000                . = ALIGN (MAX ((__stack_start__ + __STACKSIZE__), .), 0x8)
 *fill*         0x000000002000e000     0x2000 
                0x0000000020010000                __stack_end__ = (__stack_start__ + SIZEOF (.stack))
                0x0000000000002000                __stack_size__ = SIZEOF (.stack)
                0x0000000020010000                __StackTop = __stack_end__
                0x0000000020010000                __stack_load_end__ = __stack_end__
                0x0000000000000001                . = ASSERT (((__stack_start__ == __stack_end__) || ((__stack_end__ >= __RAM_segment_start__) && (__stack_end__ <= __RAM_segment_end__))), error: .stack is too large to fit in RAM memory segment)
                0x0000000000000001                . = ASSERT ((__heap_end__ <= __stack_start__), error: section .heap overlaps absolute placed section .stack)
                0x0000000020010000                __stack_process_load_start__ = ALIGN (__stack_end__, 0x8)

.stack_process  0x0000000020010000        0x0
                0x0000000020010000                __stack_process_start__ = .
 *(.stack_process .stack_process.*)
                0x0000000020010000                . = ALIGN (MAX ((__stack_process_start__ + __STACKSIZE_PROCESS__), .), 0x8)
                0x0000000020010000                __stack_process_end__ = (__stack_process_start__ + SIZEOF (.stack_process))
                0x0000000000000000                __stack_process_size__ = SIZEOF (.stack_process)
                0x0000000020010000                __stack_process_load_end__ = __stack_process_end__
                0x0000000020010000                __RAM_segment_used_end__ = (ALIGN (__stack_end__, 0x8) + SIZEOF (.stack_process))
                0x0000000000010000                __RAM_segment_used_size__ = (__RAM_segment_used_end__ - __RAM_segment_start__)
                0x0000000000000001                . = ASSERT (((__stack_process_start__ == __stack_process_end__) || ((__stack_process_end__ >= __RAM_segment_start__) && (__stack_process_end__ <= __RAM_segment_end__))), error: .stack_process is too large to fit in RAM memory segment)
START GROUP
LOAD Output/uart_pca10040 Release/Obj/thumb_crt0.o
LOAD Output/uart_pca10040 Release/Obj/nrf_log_frontend.o
LOAD Output/uart_pca10040 Release/Obj/nrf_log_str_formatter.o
LOAD Output/uart_pca10040 Release/Obj/boards.o
LOAD Output/uart_pca10040 Release/Obj/app_error.o
LOAD Output/uart_pca10040 Release/Obj/app_error_handler_gcc.o
LOAD Output/uart_pca10040 Release/Obj/app_error_weak.o
LOAD Output/uart_pca10040 Release/Obj/app_fifo.o
LOAD Output/uart_pca10040 Release/Obj/app_uart_fifo.o
LOAD Output/uart_pca10040 Release/Obj/app_util_platform.o
LOAD Output/uart_pca10040 Release/Obj/nrf_assert.o
LOAD Output/uart_pca10040 Release/Obj/nrf_atomic.o
LOAD Output/uart_pca10040 Release/Obj/nrf_balloc.o
LOAD Output/uart_pca10040 Release/Obj/nrf_fprintf.o
LOAD Output/uart_pca10040 Release/Obj/nrf_fprintf_format.o
LOAD Output/uart_pca10040 Release/Obj/nrf_memobj.o
LOAD Output/uart_pca10040 Release/Obj/nrf_ringbuf.o
LOAD Output/uart_pca10040 Release/Obj/nrf_strerror.o
LOAD Output/uart_pca10040 Release/Obj/retarget.o
LOAD Output/uart_pca10040 Release/Obj/nrf_drv_uart.o
LOAD Output/uart_pca10040 Release/Obj/nrfx_prs.o
LOAD Output/uart_pca10040 Release/Obj/nrfx_uart.o
LOAD Output/uart_pca10040 Release/Obj/nrfx_uarte.o
LOAD Output/uart_pca10040 Release/Obj/main.o
LOAD Output/uart_pca10040 Release/Obj/ses_startup_nrf52.o
LOAD Output/uart_pca10040 Release/Obj/ses_startup_nrf_common.o
LOAD Output/uart_pca10040 Release/Obj/system_nrf52.o
LOAD Output/uart_pca10040 Release/Obj/SEGGER_RTT.o
LOAD Output/uart_pca10040 Release/Obj/SEGGER_RTT_SES.o
LOAD C:/SEGGER_EmbS/lib/libdebugio_mempoll_v7em_fpv4_sp_d16_hard_t_le_eabi.a
LOAD C:/SEGGER_EmbS/lib/libm_v7em_fpv4_sp_d16_hard_t_le_eabi.a
LOAD C:/SEGGER_EmbS/lib/libc_v7em_fpv4_sp_d16_hard_t_le_eabi.a
LOAD C:/SEGGER_EmbS/lib/libcpp_v7em_fpv4_sp_d16_hard_t_le_eabi.a
LOAD C:/SEGGER_EmbS/lib/libdebugio_v7em_fpv4_sp_d16_hard_t_le_eabi.a
LOAD C:/SEGGER_EmbS/lib/libvfprintf_v7em_fpv4_sp_d16_hard_t_le_eabi.o
LOAD C:/SEGGER_EmbS/lib/libvfscanf_v7em_fpv4_sp_d16_hard_t_le_eabi.o
END GROUP
OUTPUT(Output/Release/Exe/uart_pca10040.elf elf32-littlearm)

.ARM.attributes
                0x0000000000000000       0x35
 .ARM.attributes
                0x0000000000000000       0x25 Output/uart_pca10040 Release/Obj/thumb_crt0.o
 .ARM.attributes
                0x0000000000000025       0x39 Output/uart_pca10040 Release/Obj/boards.o
 .ARM.attributes
                0x000000000000005e       0x39 Output/uart_pca10040 Release/Obj/app_error.o
 .ARM.attributes
                0x0000000000000097       0x39 Output/uart_pca10040 Release/Obj/app_error_weak.o
 .ARM.attributes
                0x00000000000000d0       0x39 Output/uart_pca10040 Release/Obj/app_fifo.o
 .ARM.attributes
                0x0000000000000109       0x39 Output/uart_pca10040 Release/Obj/app_uart_fifo.o
 .ARM.attributes
                0x0000000000000142       0x39 Output/uart_pca10040 Release/Obj/app_util_platform.o
 .ARM.attributes
                0x000000000000017b       0x39 Output/uart_pca10040 Release/Obj/nrf_drv_uart.o
 .ARM.attributes
                0x00000000000001b4       0x39 Output/uart_pca10040 Release/Obj/nrfx_prs.o
 .ARM.attributes
                0x00000000000001ed       0x39 Output/uart_pca10040 Release/Obj/nrfx_uart.o
 .ARM.attributes
                0x0000000000000226       0x39 Output/uart_pca10040 Release/Obj/nrfx_uarte.o
 .ARM.attributes
                0x000000000000025f       0x39 Output/uart_pca10040 Release/Obj/main.o
 .ARM.attributes
                0x0000000000000298       0x25 Output/uart_pca10040 Release/Obj/ses_startup_nrf52.o
 .ARM.attributes
                0x00000000000002bd       0x25 Output/uart_pca10040 Release/Obj/ses_startup_nrf_common.o
 .ARM.attributes
                0x00000000000002e2       0x39 Output/uart_pca10040 Release/Obj/system_nrf52.o
 .ARM.attributes
                0x000000000000031b       0x39 Output/uart_pca10040 Release/Obj/SEGGER_RTT.o
 .ARM.attributes
                0x0000000000000354       0x39 Output/uart_pca10040 Release/Obj/SEGGER_RTT_SES.o
 .ARM.attributes
                0x000000000000038d       0x34 C:/SEGGER_EmbS/lib/libc_v7em_fpv4_sp_d16_hard_t_le_eabi.a(libc2.o)
 .ARM.attributes
                0x00000000000003c1       0x20 C:/SEGGER_EmbS/lib/libc_v7em_fpv4_sp_d16_hard_t_le_eabi.a(libc2_asm.o)
 .ARM.attributes
                0x00000000000003e1       0x34 C:/SEGGER_EmbS/lib/libvfprintf_v7em_fpv4_sp_d16_hard_t_le_eabi.o

.comment        0x0000000000000000       0x4c
 .comment       0x0000000000000000       0x4c Output/uart_pca10040 Release/Obj/boards.o
                                         0x4d (size before relaxing)
 .comment       0x000000000000004c       0x4d Output/uart_pca10040 Release/Obj/app_error.o
 .comment       0x000000000000004c       0x4d Output/uart_pca10040 Release/Obj/app_error_weak.o
 .comment       0x000000000000004c       0x4d Output/uart_pca10040 Release/Obj/app_fifo.o
 .comment       0x000000000000004c       0x4d Output/uart_pca10040 Release/Obj/app_uart_fifo.o
 .comment       0x000000000000004c       0x4d Output/uart_pca10040 Release/Obj/app_util_platform.o
 .comment       0x000000000000004c       0x4d Output/uart_pca10040 Release/Obj/nrf_drv_uart.o
 .comment       0x000000000000004c       0x4d Output/uart_pca10040 Release/Obj/nrfx_prs.o
 .comment       0x000000000000004c       0x4d Output/uart_pca10040 Release/Obj/nrfx_uart.o
 .comment       0x000000000000004c       0x4d Output/uart_pca10040 Release/Obj/nrfx_uarte.o
 .comment       0x000000000000004c       0x4d Output/uart_pca10040 Release/Obj/main.o
 .comment       0x000000000000004c       0x4d Output/uart_pca10040 Release/Obj/system_nrf52.o
 .comment       0x000000000000004c       0x4d Output/uart_pca10040 Release/Obj/SEGGER_RTT.o
 .comment       0x000000000000004c       0x4d Output/uart_pca10040 Release/Obj/SEGGER_RTT_SES.o
 .comment       0x000000000000004c       0x4d C:/SEGGER_EmbS/lib/libc_v7em_fpv4_sp_d16_hard_t_le_eabi.a(libc2.o)
 .comment       0x000000000000004c       0x4d C:/SEGGER_EmbS/lib/libvfprintf_v7em_fpv4_sp_d16_hard_t_le_eabi.o

.debug_line     0x0000000000000000     0x4fd5
 .debug_line    0x0000000000000000      0x1bf Output/uart_pca10040 Release/Obj/thumb_crt0.o
 .debug_line    0x00000000000001bf      0x629 Output/uart_pca10040 Release/Obj/boards.o
 .debug_line    0x00000000000007e8      0x2b5 Output/uart_pca10040 Release/Obj/app_error.o
 .debug_line    0x0000000000000a9d      0x515 Output/uart_pca10040 Release/Obj/app_error_weak.o
 .debug_line    0x0000000000000fb2      0x416 Output/uart_pca10040 Release/Obj/app_fifo.o
 .debug_line    0x00000000000013c8      0x6e2 Output/uart_pca10040 Release/Obj/app_uart_fifo.o
 .debug_line    0x0000000000001aaa      0x33d Output/uart_pca10040 Release/Obj/app_util_platform.o
 .debug_line    0x0000000000001de7      0x579 Output/uart_pca10040 Release/Obj/nrf_drv_uart.o
 .debug_line    0x0000000000002360      0x61c Output/uart_pca10040 Release/Obj/nrfx_prs.o
 .debug_line    0x000000000000297c      0xb74 Output/uart_pca10040 Release/Obj/nrfx_uart.o
 .debug_line    0x00000000000034f0      0xa6e Output/uart_pca10040 Release/Obj/nrfx_uarte.o
 .debug_line    0x0000000000003f5e      0x5f2 Output/uart_pca10040 Release/Obj/main.o
 .debug_line    0x0000000000004550       0x7d Output/uart_pca10040 Release/Obj/ses_startup_nrf52.o
 .debug_line    0x00000000000045cd       0xa1 Output/uart_pca10040 Release/Obj/ses_startup_nrf_common.o
 .debug_line    0x000000000000466e      0x27e Output/uart_pca10040 Release/Obj/system_nrf52.o
 .debug_line    0x00000000000048ec      0x5aa Output/uart_pca10040 Release/Obj/SEGGER_RTT.o
 .debug_line    0x0000000000004e96      0x13f Output/uart_pca10040 Release/Obj/SEGGER_RTT_SES.o

.debug_info     0x0000000000000000    0x1160f
 .debug_info    0x0000000000000000       0x22 Output/uart_pca10040 Release/Obj/thumb_crt0.o
 .debug_info    0x0000000000000022     0x1060 Output/uart_pca10040 Release/Obj/boards.o
 .debug_info    0x0000000000001082      0x7e8 Output/uart_pca10040 Release/Obj/app_error.o
 .debug_info    0x000000000000186a      0xb4f Output/uart_pca10040 Release/Obj/app_error_weak.o
 .debug_info    0x00000000000023b9      0xb04 Output/uart_pca10040 Release/Obj/app_fifo.o
 .debug_info    0x0000000000002ebd     0x1a26 Output/uart_pca10040 Release/Obj/app_uart_fifo.o
 .debug_info    0x00000000000048e3      0xc6f Output/uart_pca10040 Release/Obj/app_util_platform.o
 .debug_info    0x0000000000005552     0x15f6 Output/uart_pca10040 Release/Obj/nrf_drv_uart.o
 .debug_info    0x0000000000006b48      0xd6a Output/uart_pca10040 Release/Obj/nrfx_prs.o
 .debug_info    0x00000000000078b2     0x30eb Output/uart_pca10040 Release/Obj/nrfx_uart.o
 .debug_info    0x000000000000a99d     0x3028 Output/uart_pca10040 Release/Obj/nrfx_uarte.o
 .debug_info    0x000000000000d9c5      0xa34 Output/uart_pca10040 Release/Obj/main.o
 .debug_info    0x000000000000e3f9       0x26 Output/uart_pca10040 Release/Obj/ses_startup_nrf52.o
 .debug_info    0x000000000000e41f       0x26 Output/uart_pca10040 Release/Obj/ses_startup_nrf_common.o
 .debug_info    0x000000000000e445     0x10e3 Output/uart_pca10040 Release/Obj/system_nrf52.o
 .debug_info    0x000000000000f528     0x182e Output/uart_pca10040 Release/Obj/SEGGER_RTT.o
 .debug_info    0x0000000000010d56      0x8b9 Output/uart_pca10040 Release/Obj/SEGGER_RTT_SES.o

.debug_abbrev   0x0000000000000000     0x268f
 .debug_abbrev  0x0000000000000000       0x12 Output/uart_pca10040 Release/Obj/thumb_crt0.o
 .debug_abbrev  0x0000000000000012      0x319 Output/uart_pca10040 Release/Obj/boards.o
 .debug_abbrev  0x000000000000032b      0x1a9 Output/uart_pca10040 Release/Obj/app_error.o
 .debug_abbrev  0x00000000000004d4      0x1f0 Output/uart_pca10040 Release/Obj/app_error_weak.o
 .debug_abbrev  0x00000000000006c4      0x1f2 Output/uart_pca10040 Release/Obj/app_fifo.o
 .debug_abbrev  0x00000000000008b6      0x385 Output/uart_pca10040 Release/Obj/app_uart_fifo.o
 .debug_abbrev  0x0000000000000c3b      0x273 Output/uart_pca10040 Release/Obj/app_util_platform.o
 .debug_abbrev  0x0000000000000eae      0x23e Output/uart_pca10040 Release/Obj/nrf_drv_uart.o
 .debug_abbrev  0x00000000000010ec      0x296 Output/uart_pca10040 Release/Obj/nrfx_prs.o
 .debug_abbrev  0x0000000000001382      0x510 Output/uart_pca10040 Release/Obj/nrfx_uart.o
 .debug_abbrev  0x0000000000001892      0x4c2 Output/uart_pca10040 Release/Obj/nrfx_uarte.o
 .debug_abbrev  0x0000000000001d54      0x220 Output/uart_pca10040 Release/Obj/main.o
 .debug_abbrev  0x0000000000001f74       0x14 Output/uart_pca10040 Release/Obj/ses_startup_nrf52.o
 .debug_abbrev  0x0000000000001f88       0x14 Output/uart_pca10040 Release/Obj/ses_startup_nrf_common.o
 .debug_abbrev  0x0000000000001f9c      0x208 Output/uart_pca10040 Release/Obj/system_nrf52.o
 .debug_abbrev  0x00000000000021a4      0x300 Output/uart_pca10040 Release/Obj/SEGGER_RTT.o
 .debug_abbrev  0x00000000000024a4      0x1eb Output/uart_pca10040 Release/Obj/SEGGER_RTT_SES.o

.debug_aranges  0x0000000000000000      0x590
 .debug_aranges
                0x0000000000000000       0x80 Output/uart_pca10040 Release/Obj/thumb_crt0.o
 .debug_aranges
                0x0000000000000080       0x78 Output/uart_pca10040 Release/Obj/boards.o
 .debug_aranges
                0x00000000000000f8       0x28 Output/uart_pca10040 Release/Obj/app_error.o
 .debug_aranges
                0x0000000000000120       0x20 Output/uart_pca10040 Release/Obj/app_error_weak.o
 .debug_aranges
                0x0000000000000140       0x50 Output/uart_pca10040 Release/Obj/app_fifo.o
 .debug_aranges
                0x0000000000000190       0x58 Output/uart_pca10040 Release/Obj/app_uart_fifo.o
 .debug_aranges
                0x00000000000001e8       0x48 Output/uart_pca10040 Release/Obj/app_util_platform.o
 .debug_aranges
                0x0000000000000230       0x30 Output/uart_pca10040 Release/Obj/nrf_drv_uart.o
 .debug_aranges
                0x0000000000000260       0x30 Output/uart_pca10040 Release/Obj/nrfx_prs.o
 .debug_aranges
                0x0000000000000290       0xa0 Output/uart_pca10040 Release/Obj/nrfx_uart.o
 .debug_aranges
                0x0000000000000330       0x78 Output/uart_pca10040 Release/Obj/nrfx_uarte.o
 .debug_aranges
                0x00000000000003a8       0x28 Output/uart_pca10040 Release/Obj/main.o
 .debug_aranges
                0x00000000000003d0       0x20 Output/uart_pca10040 Release/Obj/ses_startup_nrf52.o
 .debug_aranges
                0x00000000000003f0       0x20 Output/uart_pca10040 Release/Obj/ses_startup_nrf_common.o
 .debug_aranges
                0x0000000000000410       0x38 Output/uart_pca10040 Release/Obj/system_nrf52.o
 .debug_aranges
                0x0000000000000448      0x110 Output/uart_pca10040 Release/Obj/SEGGER_RTT.o
 .debug_aranges
                0x0000000000000558       0x38 Output/uart_pca10040 Release/Obj/SEGGER_RTT_SES.o

.debug_str      0x0000000000000000    0x71ed8
 .debug_str     0x0000000000000000       0x78 Output/uart_pca10040 Release/Obj/thumb_crt0.o
 .debug_str     0x0000000000000078    0x69bce Output/uart_pca10040 Release/Obj/boards.o
                                      0x6a94b (size before relaxing)
 .debug_str     0x0000000000069c46      0x11f Output/uart_pca10040 Release/Obj/app_error.o
                                      0x5d159 (size before relaxing)
 .debug_str     0x0000000000069d65     0x3261 Output/uart_pca10040 Release/Obj/app_error_weak.o
                                      0x69fdb (size before relaxing)
 .debug_str     0x000000000006cfc6      0x1dd Output/uart_pca10040 Release/Obj/app_fifo.o
                                      0x66bfe (size before relaxing)
 .debug_str     0x000000000006d1a3     0x167f Output/uart_pca10040 Release/Obj/app_uart_fifo.o
                                      0x6b0c2 (size before relaxing)
 .debug_str     0x000000000006e822      0x35c Output/uart_pca10040 Release/Obj/app_util_platform.o
                                      0x5d94b (size before relaxing)
 .debug_str     0x000000000006eb7e      0x48a Output/uart_pca10040 Release/Obj/nrf_drv_uart.o
                                      0x6a826 (size before relaxing)
 .debug_str     0x000000000006f008      0x65b Output/uart_pca10040 Release/Obj/nrfx_prs.o
                                      0x6c8a7 (size before relaxing)
 .debug_str     0x000000000006f663      0x7b5 Output/uart_pca10040 Release/Obj/nrfx_uart.o
                                      0x6da53 (size before relaxing)
 .debug_str     0x000000000006fe18      0x8be Output/uart_pca10040 Release/Obj/nrfx_uarte.o
                                      0x6de45 (size before relaxing)
 .debug_str     0x00000000000706d6      0x3ae Output/uart_pca10040 Release/Obj/main.o
                                      0x6aebe (size before relaxing)
 .debug_str     0x0000000000070a84       0x40 Output/uart_pca10040 Release/Obj/ses_startup_nrf52.o
                                         0x95 (size before relaxing)
 .debug_str     0x0000000000070ac4       0x45 Output/uart_pca10040 Release/Obj/ses_startup_nrf_common.o
                                         0x9a (size before relaxing)
 .debug_str     0x0000000000070b09      0x458 Output/uart_pca10040 Release/Obj/system_nrf52.o
                                      0x5bab0 (size before relaxing)
 .debug_str     0x0000000000070f61      0xed3 Output/uart_pca10040 Release/Obj/SEGGER_RTT.o
                                       0x42f9 (size before relaxing)
 .debug_str     0x0000000000071e34       0xa4 Output/uart_pca10040 Release/Obj/SEGGER_RTT_SES.o
                                       0x3f0c (size before relaxing)

.debug_ranges   0x0000000000000000      0x8f0
 .debug_ranges  0x0000000000000000       0x78 Output/uart_pca10040 Release/Obj/thumb_crt0.o
 .debug_ranges  0x0000000000000078       0xe0 Output/uart_pca10040 Release/Obj/boards.o
 .debug_ranges  0x0000000000000158       0x18 Output/uart_pca10040 Release/Obj/app_error.o
 .debug_ranges  0x0000000000000170       0x10 Output/uart_pca10040 Release/Obj/app_error_weak.o
 .debug_ranges  0x0000000000000180       0x90 Output/uart_pca10040 Release/Obj/app_fifo.o
 .debug_ranges  0x0000000000000210       0x90 Output/uart_pca10040 Release/Obj/app_uart_fifo.o
 .debug_ranges  0x00000000000002a0       0x38 Output/uart_pca10040 Release/Obj/app_util_platform.o
 .debug_ranges  0x00000000000002d8       0x20 Output/uart_pca10040 Release/Obj/nrf_drv_uart.o
 .debug_ranges  0x00000000000002f8       0x50 Output/uart_pca10040 Release/Obj/nrfx_prs.o
 .debug_ranges  0x0000000000000348      0x248 Output/uart_pca10040 Release/Obj/nrfx_uart.o
 .debug_ranges  0x0000000000000590      0x1a8 Output/uart_pca10040 Release/Obj/nrfx_uarte.o
 .debug_ranges  0x0000000000000738       0x30 Output/uart_pca10040 Release/Obj/main.o
 .debug_ranges  0x0000000000000768       0x28 Output/uart_pca10040 Release/Obj/system_nrf52.o
 .debug_ranges  0x0000000000000790      0x138 Output/uart_pca10040 Release/Obj/SEGGER_RTT.o
 .debug_ranges  0x00000000000008c8       0x28 Output/uart_pca10040 Release/Obj/SEGGER_RTT_SES.o

.debug_frame    0x0000000000000000      0xdbc
 .debug_frame   0x0000000000000000      0x104 Output/uart_pca10040 Release/Obj/boards.o
 .debug_frame   0x0000000000000104       0x58 Output/uart_pca10040 Release/Obj/app_error.o
 .debug_frame   0x000000000000015c       0x20 Output/uart_pca10040 Release/Obj/app_error_weak.o
 .debug_frame   0x000000000000017c       0xbc Output/uart_pca10040 Release/Obj/app_fifo.o
 .debug_frame   0x0000000000000238      0x128 Output/uart_pca10040 Release/Obj/app_uart_fifo.o
 .debug_frame   0x0000000000000360       0x70 Output/uart_pca10040 Release/Obj/app_util_platform.o
 .debug_frame   0x00000000000003d0       0x88 Output/uart_pca10040 Release/Obj/nrf_drv_uart.o
 .debug_frame   0x0000000000000458       0x50 Output/uart_pca10040 Release/Obj/nrfx_prs.o
 .debug_frame   0x00000000000004a8      0x21c Output/uart_pca10040 Release/Obj/nrfx_uart.o
 .debug_frame   0x00000000000006c4      0x17c Output/uart_pca10040 Release/Obj/nrfx_uarte.o
 .debug_frame   0x0000000000000840       0x44 Output/uart_pca10040 Release/Obj/main.o
 .debug_frame   0x0000000000000884       0x5c Output/uart_pca10040 Release/Obj/system_nrf52.o
 .debug_frame   0x00000000000008e0      0x43c Output/uart_pca10040 Release/Obj/SEGGER_RTT.o
 .debug_frame   0x0000000000000d1c       0xa0 Output/uart_pca10040 Release/Obj/SEGGER_RTT_SES.o

.debug_loc      0x0000000000000000     0x4926
 .debug_loc     0x0000000000000000      0x54b Output/uart_pca10040 Release/Obj/boards.o
 .debug_loc     0x000000000000054b       0xb5 Output/uart_pca10040 Release/Obj/app_error.o
 .debug_loc     0x0000000000000600       0x42 Output/uart_pca10040 Release/Obj/app_error_weak.o
 .debug_loc     0x0000000000000642      0x6b8 Output/uart_pca10040 Release/Obj/app_fifo.o
 .debug_loc     0x0000000000000cfa      0x3ea Output/uart_pca10040 Release/Obj/app_uart_fifo.o
 .debug_loc     0x00000000000010e4       0x8b Output/uart_pca10040 Release/Obj/app_util_platform.o
 .debug_loc     0x000000000000116f      0x18d Output/uart_pca10040 Release/Obj/nrf_drv_uart.o
 .debug_loc     0x00000000000012fc       0x8f Output/uart_pca10040 Release/Obj/nrfx_prs.o
 .debug_loc     0x000000000000138b     0x10e9 Output/uart_pca10040 Release/Obj/nrfx_uart.o
 .debug_loc     0x0000000000002474      0xfb6 Output/uart_pca10040 Release/Obj/nrfx_uarte.o
 .debug_loc     0x000000000000342a       0x3f Output/uart_pca10040 Release/Obj/main.o
 .debug_loc     0x0000000000003469     0x141d Output/uart_pca10040 Release/Obj/SEGGER_RTT.o
 .debug_loc     0x0000000000004886       0xa0 Output/uart_pca10040 Release/Obj/SEGGER_RTT_SES.o

.debug_pubnames
                0x0000000000000000     0x2e4e
 .debug_pubnames
                0x0000000000000000      0x4bd Output/uart_pca10040 Release/Obj/boards.o
 .debug_pubnames
                0x00000000000004bd       0x6c Output/uart_pca10040 Release/Obj/app_error.o
 .debug_pubnames
                0x0000000000000529      0x10e Output/uart_pca10040 Release/Obj/app_error_weak.o
 .debug_pubnames
                0x0000000000000637       0xc8 Output/uart_pca10040 Release/Obj/app_fifo.o
 .debug_pubnames
                0x00000000000006ff      0x3a3 Output/uart_pca10040 Release/Obj/app_uart_fifo.o
 .debug_pubnames
                0x0000000000000aa2      0x204 Output/uart_pca10040 Release/Obj/app_util_platform.o
 .debug_pubnames
                0x0000000000000ca6       0xcb Output/uart_pca10040 Release/Obj/nrf_drv_uart.o
 .debug_pubnames
                0x0000000000000d71      0x11d Output/uart_pca10040 Release/Obj/nrfx_prs.o
 .debug_pubnames
                0x0000000000000e8e      0xaa4 Output/uart_pca10040 Release/Obj/nrfx_uart.o
 .debug_pubnames
                0x0000000000001932      0xc54 Output/uart_pca10040 Release/Obj/nrfx_uarte.o
 .debug_pubnames
                0x0000000000002586      0x38b Output/uart_pca10040 Release/Obj/main.o
 .debug_pubnames
                0x0000000000002911      0x11f Output/uart_pca10040 Release/Obj/system_nrf52.o
 .debug_pubnames
                0x0000000000002a30      0x3dc Output/uart_pca10040 Release/Obj/SEGGER_RTT.o
 .debug_pubnames
                0x0000000000002e0c       0x42 Output/uart_pca10040 Release/Obj/SEGGER_RTT_SES.o

.debug_pubtypes
                0x0000000000000000     0x2573
 .debug_pubtypes
                0x0000000000000000      0x23c Output/uart_pca10040 Release/Obj/boards.o
 .debug_pubtypes
                0x000000000000023c      0x1e2 Output/uart_pca10040 Release/Obj/app_error.o
 .debug_pubtypes
                0x000000000000041e      0x2bd Output/uart_pca10040 Release/Obj/app_error_weak.o
 .debug_pubtypes
                0x00000000000006db      0x1ac Output/uart_pca10040 Release/Obj/app_fifo.o
 .debug_pubtypes
                0x0000000000000887      0x3d8 Output/uart_pca10040 Release/Obj/app_uart_fifo.o
 .debug_pubtypes
                0x0000000000000c5f      0x1cf Output/uart_pca10040 Release/Obj/app_util_platform.o
 .debug_pubtypes
                0x0000000000000e2e      0x468 Output/uart_pca10040 Release/Obj/nrf_drv_uart.o
 .debug_pubtypes
                0x0000000000001296      0x2ba Output/uart_pca10040 Release/Obj/nrfx_prs.o
 .debug_pubtypes
                0x0000000000001550      0x471 Output/uart_pca10040 Release/Obj/nrfx_uart.o
 .debug_pubtypes
                0x00000000000019c1      0x4b9 Output/uart_pca10040 Release/Obj/nrfx_uarte.o
 .debug_pubtypes
                0x0000000000001e7a      0x21c Output/uart_pca10040 Release/Obj/main.o
 .debug_pubtypes
                0x0000000000002096      0x1a7 Output/uart_pca10040 Release/Obj/system_nrf52.o
 .debug_pubtypes
                0x000000000000223d      0x178 Output/uart_pca10040 Release/Obj/SEGGER_RTT.o
 .debug_pubtypes
                0x00000000000023b5      0x1be Output/uart_pca10040 Release/Obj/SEGGER_RTT_SES.o

.debug_macro    0x0000000000000000     0x354a
 .debug_macro   0x0000000000000000      0x202 Output/uart_pca10040 Release/Obj/boards.o
 .debug_macro   0x0000000000000202       0x1c Output/uart_pca10040 Release/Obj/boards.o
 .debug_macro   0x000000000000021e       0x22 Output/uart_pca10040 Release/Obj/boards.o
 .debug_macro   0x0000000000000240      0x3a3 Output/uart_pca10040 Release/Obj/boards.o
 .debug_macro   0x00000000000005e3       0x3d Output/uart_pca10040 Release/Obj/boards.o
 .debug_macro   0x0000000000000620      0x137 Output/uart_pca10040 Release/Obj/boards.o
 .debug_macro   0x0000000000000757      0x11f Output/uart_pca10040 Release/Obj/boards.o
 .debug_macro   0x0000000000000876       0x3f Output/uart_pca10040 Release/Obj/boards.o
 .debug_macro   0x00000000000008b5       0x72 Output/uart_pca10040 Release/Obj/boards.o
 .debug_macro   0x0000000000000927       0x49 Output/uart_pca10040 Release/Obj/boards.o
 .debug_macro   0x0000000000000970       0x8c Output/uart_pca10040 Release/Obj/boards.o
 .debug_macro   0x00000000000009fc       0x19 Output/uart_pca10040 Release/Obj/boards.o
 .debug_macro   0x0000000000000a15       0x16 Output/uart_pca10040 Release/Obj/boards.o
 .debug_macro   0x0000000000000a2b       0x7b Output/uart_pca10040 Release/Obj/boards.o
 .debug_macro   0x0000000000000aa6       0x64 Output/uart_pca10040 Release/Obj/boards.o
 .debug_macro   0x0000000000000b0a       0x20 Output/uart_pca10040 Release/Obj/boards.o
 .debug_macro   0x0000000000000b2a       0x16 Output/uart_pca10040 Release/Obj/boards.o
 .debug_macro   0x0000000000000b40      0x25a Output/uart_pca10040 Release/Obj/boards.o
 .debug_macro   0x0000000000000d9a      0x16d Output/uart_pca10040 Release/Obj/boards.o
 .debug_macro   0x0000000000000f07       0xfa Output/uart_pca10040 Release/Obj/app_error.o
 .debug_macro   0x0000000000001001       0x35 Output/uart_pca10040 Release/Obj/app_error.o
 .debug_macro   0x0000000000001036       0x78 Output/uart_pca10040 Release/Obj/app_error.o
 .debug_macro   0x00000000000010ae      0x1f3 Output/uart_pca10040 Release/Obj/app_error_weak.o
 .debug_macro   0x00000000000012a1       0x31 Output/uart_pca10040 Release/Obj/app_error_weak.o
 .debug_macro   0x00000000000012d2       0x16 Output/uart_pca10040 Release/Obj/app_error_weak.o
 .debug_macro   0x00000000000012e8       0x55 Output/uart_pca10040 Release/Obj/app_error_weak.o
 .debug_macro   0x000000000000133d      0x17f Output/uart_pca10040 Release/Obj/app_error_weak.o
 .debug_macro   0x00000000000014bc       0x9a Output/uart_pca10040 Release/Obj/app_error_weak.o
 .debug_macro   0x0000000000001556       0x28 Output/uart_pca10040 Release/Obj/app_error_weak.o
 .debug_macro   0x000000000000157e       0x23 Output/uart_pca10040 Release/Obj/app_error_weak.o
 .debug_macro   0x00000000000015a1       0x1c Output/uart_pca10040 Release/Obj/app_error_weak.o
 .debug_macro   0x00000000000015bd      0x144 Output/uart_pca10040 Release/Obj/app_fifo.o
 .debug_macro   0x0000000000001701       0x22 Output/uart_pca10040 Release/Obj/app_fifo.o
 .debug_macro   0x0000000000001723      0x27b Output/uart_pca10040 Release/Obj/app_uart_fifo.o
 .debug_macro   0x000000000000199e       0x18 Output/uart_pca10040 Release/Obj/app_uart_fifo.o
 .debug_macro   0x00000000000019b6       0x10 Output/uart_pca10040 Release/Obj/app_uart_fifo.o
 .debug_macro   0x00000000000019c6       0x10 Output/uart_pca10040 Release/Obj/app_uart_fifo.o
 .debug_macro   0x00000000000019d6       0x10 Output/uart_pca10040 Release/Obj/app_uart_fifo.o
 .debug_macro   0x00000000000019e6       0x10 Output/uart_pca10040 Release/Obj/app_uart_fifo.o
 .debug_macro   0x00000000000019f6       0x10 Output/uart_pca10040 Release/Obj/app_uart_fifo.o
 .debug_macro   0x0000000000001a06       0x3f Output/uart_pca10040 Release/Obj/app_uart_fifo.o
 .debug_macro   0x0000000000001a45      0x110 Output/uart_pca10040 Release/Obj/app_util_platform.o
 .debug_macro   0x0000000000001b55      0x22b Output/uart_pca10040 Release/Obj/nrf_drv_uart.o
 .debug_macro   0x0000000000001d80      0x281 Output/uart_pca10040 Release/Obj/nrfx_prs.o
 .debug_macro   0x0000000000002001       0x28 Output/uart_pca10040 Release/Obj/nrfx_prs.o
 .debug_macro   0x0000000000002029       0x1c Output/uart_pca10040 Release/Obj/nrfx_prs.o
 .debug_macro   0x0000000000002045       0x37 Output/uart_pca10040 Release/Obj/nrfx_prs.o
 .debug_macro   0x000000000000207c       0x10 Output/uart_pca10040 Release/Obj/nrfx_prs.o
 .debug_macro   0x000000000000208c      0x179 Output/uart_pca10040 Release/Obj/nrfx_prs.o
 .debug_macro   0x0000000000002205       0x42 Output/uart_pca10040 Release/Obj/nrfx_prs.o
 .debug_macro   0x0000000000002247      0x29c Output/uart_pca10040 Release/Obj/nrfx_uart.o
 .debug_macro   0x00000000000024e3       0x1c Output/uart_pca10040 Release/Obj/nrfx_uart.o
 .debug_macro   0x00000000000024ff      0x2ae Output/uart_pca10040 Release/Obj/nrfx_uarte.o
 .debug_macro   0x00000000000027ad      0x253 Output/uart_pca10040 Release/Obj/main.o
 .debug_macro   0x0000000000002a00      0x7c2 Output/uart_pca10040 Release/Obj/main.o
 .debug_macro   0x00000000000031c2       0xa8 Output/uart_pca10040 Release/Obj/system_nrf52.o
 .debug_macro   0x000000000000326a       0xac Output/uart_pca10040 Release/Obj/SEGGER_RTT.o
 .debug_macro   0x0000000000003316       0x48 Output/uart_pca10040 Release/Obj/SEGGER_RTT.o
 .debug_macro   0x000000000000335e      0x115 Output/uart_pca10040 Release/Obj/SEGGER_RTT.o
 .debug_macro   0x0000000000003473       0x5c Output/uart_pca10040 Release/Obj/SEGGER_RTT_SES.o
 .debug_macro   0x00000000000034cf       0x10 Output/uart_pca10040 Release/Obj/SEGGER_RTT_SES.o
 .debug_macro   0x00000000000034df       0x6b Output/uart_pca10040 Release/Obj/SEGGER_RTT_SES.o
