Archive member included to satisfy reference by file (symbol)

E:/ProgramUser/SeggerES/lib/libc_v7em_fpv4_sp_d16_hard_t_le_eabi.a(libc_asm.o)
                              Output/ble_app_uart_pca10056_s140 Release/Obj/bsp.o (__aeabi_uldivmod)
E:/ProgramUser/SeggerES/lib/libc_v7em_fpv4_sp_d16_hard_t_le_eabi.a(libc2.o)
                              Output/ble_app_uart_pca10056_s140 Release/Obj/nrf_log_str_formatter.o (isprint)
E:/ProgramUser/SeggerES/lib/libc_v7em_fpv4_sp_d16_hard_t_le_eabi.a(libc2_asm.o)
                              Output/ble_app_uart_pca10056_s140 Release/Obj/nrf_log_frontend.o (memcpy)
E:/ProgramUser/SeggerES/lib/libc_v7em_fpv4_sp_d16_hard_t_le_eabi.a(libc.o)
                              E:/ProgramUser/SeggerES/lib/libc_v7em_fpv4_sp_d16_hard_t_le_eabi.a(libc2.o) (__heap_lock)
E:/ProgramUser/SeggerES/lib/libdebugio_v7em_fpv4_sp_d16_hard_t_le_eabi.a(libdebugio.o)
                              Output/ble_app_uart_pca10056_s140 Release/Obj/thumb_crt0.o (debug_fopen)
E:/ProgramUser/SeggerES/lib/libdebugio_mempoll_v7em_fpv4_sp_d16_hard_t_le_eabi.a(mempoll_debug_operations.o)
                              E:/ProgramUser/SeggerES/lib/libdebugio_v7em_fpv4_sp_d16_hard_t_le_eabi.a(libdebugio.o) (__do_debug_operation)
E:/ProgramUser/SeggerES/lib/libdebugio_mempoll_v7em_fpv4_sp_d16_hard_t_le_eabi.a(do_nv_debug_operation.o)
                              E:/ProgramUser/SeggerES/lib/libdebugio_v7em_fpv4_sp_d16_hard_t_le_eabi.a(libdebugio.o) (__do_nvdebug_operation)
E:/ProgramUser/SeggerES/lib/libm_v7em_fpv4_sp_d16_hard_t_le_eabi.a(libm_asm.o)
                              E:/ProgramUser/SeggerES/lib/libc_v7em_fpv4_sp_d16_hard_t_le_eabi.a(libc2.o) (__aeabi_i2d)
E:/ProgramUser/SeggerES/lib/libm_v7em_fpv4_sp_d16_hard_t_le_eabi.a(libm2.o)
                              E:/ProgramUser/SeggerES/lib/libvfprintf_v7em_fpv4_sp_d16_hard_t_le_eabi.o (frexp)
E:/ProgramUser/SeggerES/lib/libm_v7em_fpv4_sp_d16_hard_t_le_eabi.a(libm2_asm.o)
                              E:/ProgramUser/SeggerES/lib/libm_v7em_fpv4_sp_d16_hard_t_le_eabi.a(libm2.o) (fabs)

Discarded input sections

 .text          0x0000000000000000        0x0 Output/ble_app_uart_pca10056_s140 Release/Obj/thumb_crt0.o
 .data          0x0000000000000000        0x0 Output/ble_app_uart_pca10056_s140 Release/Obj/thumb_crt0.o
 .bss           0x0000000000000000        0x0 Output/ble_app_uart_pca10056_s140 Release/Obj/thumb_crt0.o
 .text.__aeabi_read_tp
                0x0000000000000000        0x8 Output/ble_app_uart_pca10056_s140 Release/Obj/thumb_crt0.o
 .text.abort    0x0000000000000000        0x2 Output/ble_app_uart_pca10056_s140 Release/Obj/thumb_crt0.o
 .text.__assert
                0x0000000000000000        0x2 Output/ble_app_uart_pca10056_s140 Release/Obj/thumb_crt0.o
 .text.__aeabi_assert
                0x0000000000000000        0x2 Output/ble_app_uart_pca10056_s140 Release/Obj/thumb_crt0.o
 .text.__sync_synchronize
                0x0000000000000000        0x2 Output/ble_app_uart_pca10056_s140 Release/Obj/thumb_crt0.o
 .text.__getchar
                0x0000000000000000        0x4 Output/ble_app_uart_pca10056_s140 Release/Obj/thumb_crt0.o
 .text.__putchar
                0x0000000000000000        0x4 Output/ble_app_uart_pca10056_s140 Release/Obj/thumb_crt0.o
 .text.__open   0x0000000000000000        0x4 Output/ble_app_uart_pca10056_s140 Release/Obj/thumb_crt0.o
 .text.__close  0x0000000000000000        0x4 Output/ble_app_uart_pca10056_s140 Release/Obj/thumb_crt0.o
 .text.__write  0x0000000000000000        0xa Output/ble_app_uart_pca10056_s140 Release/Obj/thumb_crt0.o
 .text.__read   0x0000000000000000        0xa Output/ble_app_uart_pca10056_s140 Release/Obj/thumb_crt0.o
 .text.__seek   0x0000000000000000       0x1a Output/ble_app_uart_pca10056_s140 Release/Obj/thumb_crt0.o
 .bss.__user_locale_name_buffer
                0x0000000000000000        0x4 Output/ble_app_uart_pca10056_s140 Release/Obj/thumb_crt0.o
 .stack         0x0000000000000000        0x0 Output/ble_app_uart_pca10056_s140 Release/Obj/thumb_crt0.o
 .stack_process
                0x0000000000000000        0x0 Output/ble_app_uart_pca10056_s140 Release/Obj/thumb_crt0.o
 .heap          0x0000000000000000        0x0 Output/ble_app_uart_pca10056_s140 Release/Obj/thumb_crt0.o
 .group         0x0000000000000000        0xc Output/ble_app_uart_pca10056_s140 Release/Obj/nrf_log_backend_rtt.o
 .group         0x0000000000000000        0xc Output/ble_app_uart_pca10056_s140 Release/Obj/nrf_log_backend_rtt.o
 .group         0x0000000000000000        0xc Output/ble_app_uart_pca10056_s140 Release/Obj/nrf_log_backend_rtt.o
 .group         0x0000000000000000        0xc Output/ble_app_uart_pca10056_s140 Release/Obj/nrf_log_backend_rtt.o
 .group         0x0000000000000000        0xc Output/ble_app_uart_pca10056_s140 Release/Obj/nrf_log_backend_rtt.o
 .group         0x0000000000000000        0xc Output/ble_app_uart_pca10056_s140 Release/Obj/nrf_log_backend_rtt.o
[...]
Memory Configuration

Name             Origin             Length             Attributes
UNPLACED_SECTIONS 0x0000000100000000 0x0000000000000000 xw
RAM              0x0000000020000000 0x0000000000040000 xw
FLASH            0x0000000000000000 0x0000000000100000 xw
*default*        0x0000000000000000 0xffffffffffffffff

Linker script and memory map

                0x000000000002b5d8                __vfprintf = __vfprintf_long
                0x0000000000000000                __vfscanf = __vfscanf_int
                0x0000000020000000                __RAM_segment_start__ = 0x20000000
                0x0000000020040000                __RAM_segment_end__ = 0x20040000
                0x0000000000040000                __RAM_segment_size__ = 0x40000
                0x0000000000000000                __FLASH_segment_start__ = 0x0
                0x0000000000100000                __FLASH_segment_end__ = 0x100000
                0x0000000000100000                __FLASH_segment_size__ = 0x100000
                0x0000000000002000                __HEAPSIZE__ = 0x2000
                0x0000000000000000                __STACKSIZE_PROCESS__ = 0x0
                0x0000000000002000                __STACKSIZE__ = 0x2000
                0x0000000020000000                __reserved_ram_load_start__ = 0x20000000

.reserved_ram   0x0000000020000000     0x2a98
                0x0000000020000000                __reserved_ram_start__ = .
 *(.reserved_ram .reserved_ram.*)
                0x0000000020002a98                . = MAX (((__reserved_ram_start__ + 0x20002a98) - 0x20000000), .)
 *fill*         0x0000000020000000     0x2a98 
                0x0000000020002a98                __reserved_ram_end__ = (__reserved_ram_start__ + SIZEOF (.reserved_ram))
                0x0000000000002a98                __reserved_ram_size__ = SIZEOF (.reserved_ram)
                0x0000000020002a98                __reserved_ram_load_end__ = __reserved_ram_end__
                0x0000000000000001                . = ASSERT (((__reserved_ram_start__ == __reserved_ram_end__) || ((__reserved_ram_end__ >= __RAM_segment_start__) && (__reserved_ram_end__ <= __RAM_segment_end__))), error: .reserved_ram is too large to fit in RAM memory segment)
                0x0000000020002a98                __vectors_ram_load_start__ = 0x20002a98

.vectors_ram    0x0000000020002a98        0x0
                0x0000000020002a98                __vectors_ram_start__ = .
                0x0000000020002a98                __app_ram_start__ = __vectors_ram_start__
 *(.vectors_ram .vectors_ram.*)
                0x0000000020002a98                __vectors_ram_end__ = (__vectors_ram_start__ + SIZEOF (.vectors_ram))
                0x0000000000000000                __vectors_ram_size__ = SIZEOF (.vectors_ram)
                0x0000000020002a98                __vectors_ram_load_end__ = __vectors_ram_end__
                0x0000000000000001                . = ASSERT (((__vectors_ram_start__ == __vectors_ram_end__) || ((__vectors_ram_end__ >= __RAM_segment_start__) && (__vectors_ram_end__ <= __RAM_segment_end__))), error: .vectors_ram is too large to fit in RAM memory segment)
                0x0000000000000001                . = ASSERT ((__reserved_ram_end__ <= __vectors_ram_start__), error: section .reserved_ram overlaps absolute placed section .vectors_ram)
                0x0000000020002a98                __nrf_sections_run_load_start__ = ALIGN (__vectors_ram_end__, 0x4)

.nrf_sections_run
                0x0000000020002a98        0x0
                0x0000000020002a98                __nrf_sections_run_start__ = .
                0x0000000020002a98                __start_nrf_sections_run = __nrf_sections_run_start__
 *(.nrf_sections_run .nrf_sections_run.*)
                0x0000000020002a98                __nrf_sections_run_end__ = (__nrf_sections_run_start__ + SIZEOF (.nrf_sections_run))
                0x0000000000000000                __nrf_sections_run_size__ = SIZEOF (.nrf_sections_run)
                0x0000000020002a98                __nrf_sections_run_load_end__ = __nrf_sections_run_end__
                0x0000000000000001                . = ASSERT (((__nrf_sections_run_start__ == __nrf_sections_run_end__) || ((__nrf_sections_run_end__ >= __RAM_segment_start__) && (__nrf_sections_run_end__ <= __RAM_segment_end__))), error: .nrf_sections_run is too large to fit in RAM memory segment)
                0x0000000000000000                __reserved_flash_load_start__ = 0x0

.reserved_flash
                0x0000000000000000    0x26000
                0x0000000000000000                __reserved_flash_start__ = .
 *(.reserved_flash .reserved_flash.*)
                0x0000000000026000                . = MAX (((__reserved_flash_start__ + 0x26000) - 0x0), .)
 *fill*         0x0000000000000000    0x26000 
                0x0000000000026000                __reserved_flash_end__ = (__reserved_flash_start__ + SIZEOF (.reserved_flash))
                0x0000000000026000                __reserved_flash_size__ = SIZEOF (.reserved_flash)
                0x0000000000026000                __reserved_flash_load_end__ = __reserved_flash_end__
                0x0000000000000001                . = ASSERT (((__reserved_flash_start__ == __reserved_flash_end__) || ((__reserved_flash_end__ >= __FLASH_segment_start__) && (__reserved_flash_end__ <= __FLASH_segment_end__))), error: .reserved_flash is too large to fit in FLASH memory segment)
                0x0000000000026000                __vectors_load_start__ = 0x26000

.vectors        0x0000000000026000      0x200
                0x0000000000026000                __vectors_start__ = .
 *(.vectors .vectors.*)
 .vectors       0x0000000000026000      0x200 Output/ble_app_uart_pca10056_s140 Release/Obj/ses_startup_nrf52840.o
                0x0000000000026000                _vectors
                0x0000000000026200                __vectors_end__ = (__vectors_start__ + SIZEOF (.vectors))
                0x0000000000000200                __vectors_size__ = SIZEOF (.vectors)
                0x0000000000026200                __vectors_load_end__ = __vectors_end__
                0x0000000000000001                . = ASSERT (((__vectors_start__ == __vectors_end__) || ((__vectors_end__ >= __FLASH_segment_start__) && (__vectors_end__ <= __FLASH_segment_end__))), error: .vectors is too large to fit in FLASH memory segment)
                0x0000000000000001                . = ASSERT ((__reserved_flash_end__ <= __vectors_start__), error: section .reserved_flash overlaps absolute placed section .vectors)
                0x0000000000026200                __init_load_start__ = ALIGN (__vectors_end__, 0x4)

.init           0x0000000000026200      0x1d8
                0x0000000000026200                __init_start__ = .
 *(.init .init.*)
 .init          0x0000000000026200      0x160 Output/ble_app_uart_pca10056_s140 Release/Obj/thumb_crt0.o
                0x0000000000026200                _start
                0x00000000000262b6                exit
 .init          0x0000000000026360       0x18 Output/ble_app_uart_pca10056_s140 Release/Obj/ses_startup_nrf52840.o
                0x0000000000026360                NMI_Handler
                0x0000000000026362                HardFault_Handler
                0x0000000000026364                MemoryManagement_Handler
                0x0000000000026366                BusFault_Handler
                0x0000000000026368                UsageFault_Handler
                0x000000000002636a                SVC_Handler
                0x000000000002636c                DebugMon_Handler
                0x000000000002636e                PendSV_Handler
                0x0000000000026370                SysTick_Handler
                0x0000000000026372                RADIO_IRQHandler
                0x0000000000026372                PDM_IRQHandler
                0x0000000000026372                TEMP_IRQHandler
                0x0000000000026372                QDEC_IRQHandler
                0x0000000000026372                RTC0_IRQHandler
                0x0000000000026372                PWM3_IRQHandler
                0x0000000000026372                FPU_IRQHandler
                0x0000000000026372                USBD_IRQHandler
                0x0000000000026372                SPIM0_SPIS0_TWIM0_TWIS0_SPI0_TWI0_IRQHandler
                0x0000000000026372                PWM1_IRQHandler
                0x0000000000026372                TIMER4_IRQHandler
                0x0000000000026372                CRYPTOCELL_IRQHandler
                0x0000000000026372                I2S_IRQHandler
                0x0000000000026372                TIMER3_IRQHandler
                0x0000000000026372                TIMER0_IRQHandler
                0x0000000000026372                UARTE1_IRQHandler
                0x0000000000026372                Dummy_Handler
                0x0000000000026372                TIMER1_IRQHandler
                0x0000000000026372                SPIM3_IRQHandler
                0x0000000000026372                PWM2_IRQHandler
                0x0000000000026372                ECB_IRQHandler
                0x0000000000026372                SPIM1_SPIS1_TWIM1_TWIS1_SPI1_TWI1_IRQHandler
                0x0000000000026372                SAADC_IRQHandler
                0x0000000000026372                CCM_AAR_IRQHandler
                0x0000000000026372                WDT_IRQHandler
                0x0000000000026372                QSPI_IRQHandler
                0x0000000000026372                SWI5_EGU5_IRQHandler
                0x0000000000026372                RNG_IRQHandler
                0x0000000000026372                RTC2_IRQHandler
                0x0000000000026372                PWM0_IRQHandler
                0x0000000000026372                SWI3_EGU3_IRQHandler
                0x0000000000026372                SWI1_EGU1_IRQHandler
                0x0000000000026372                SPIM2_SPIS2_SPI2_IRQHandler
                0x0000000000026372                NFCT_IRQHandler
                0x0000000000026372                SWI4_EGU4_IRQHandler
                0x0000000000026372                MWU_IRQHandler
                0x0000000000026372                TIMER2_IRQHandler
                0x0000000000026372                COMP_LPCOMP_IRQHandler
                0x0000000000026374                nRFInitialize
 .init          0x0000000000026378       0x60 Output/ble_app_uart_pca10056_s140 Release/Obj/ses_startup_nrf_common.o
                0x0000000000026378                Reset_Handler
                0x00000000000263a0                InitializeUserMemorySections
                0x00000000000263d8                __init_end__ = (__init_start__ + SIZEOF (.init))
                0x00000000000001d8                __init_size__ = SIZEOF (.init)
                0x00000000000263d8                __init_load_end__ = __init_end__
                0x0000000000000001                . = ASSERT (((__init_start__ == __init_end__) || ((__init_end__ >= __FLASH_segment_start__) && (__init_end__ <= __FLASH_segment_end__))), error: .init is too large to fit in FLASH memory segment)
                0x00000000000263d8                __init_rodata_load_start__ = ALIGN (__init_end__, 0x4)

.init_rodata    0x00000000000263d8        0x0
                0x00000000000263d8                __init_rodata_start__ = .
 *(.init_rodata .init_rodata.*)
                0x00000000000263d8                __init_rodata_end__ = (__init_rodata_start__ + SIZEOF (.init_rodata))
                0x0000000000000000                __init_rodata_size__ = SIZEOF (.init_rodata)
                0x00000000000263d8                __init_rodata_load_end__ = __init_rodata_end__
                0x0000000000000001                . = ASSERT (((__init_rodata_start__ == __init_rodata_end__) || ((__init_rodata_end__ >= __FLASH_segment_start__) && (__init_rodata_end__ <= __FLASH_segment_end__))), error: .init_rodata is too large to fit in FLASH memory segment)
                0x00000000000263d8                __text_load_start__ = ALIGN (__init_rodata_end__, 0x4)

.text           0x00000000000263d8     0x5930
                0x00000000000263d8                __text_start__ = .
 *(.text .text.* .glue_7t .glue_7 .gnu.linkonce.t.* .gcc_except_table .ARM.extab* .gnu.linkonce.armextab.*)
 .glue_7        0x00000000000263d8        0x0 linker stubs
 .glue_7t       0x00000000000263d8        0x0 linker stubs
 .text.nrf_log_backend_rtt_flush
                0x00000000000263d8        0x2 Output/ble_app_uart_pca10056_s140 Release/Obj/nrf_log_backend_rtt.o
 *fill*         0x00000000000263da        0x2 
 .text.nrf_log_backend_rtt_put
                0x00000000000263dc       0x1c Output/ble_app_uart_pca10056_s140 Release/Obj/nrf_log_backend_rtt.o
 .text.serial_tx
                0x00000000000263f8       0x50 Output/ble_app_uart_pca10056_s140 Release/Obj/nrf_log_backend_rtt.o
 .text.nrf_log_backend_rtt_panic_set
                0x0000000000026448        0x2 Output/ble_app_uart_pca10056_s140 Release/Obj/nrf_log_backend_rtt.o
 .text.nrf_log_backend_rtt_init
                0x000000000002644a        0x4 Output/ble_app_uart_pca10056_s140 Release/Obj/nrf_log_backend_rtt.o
                0x000000000002644a                nrf_log_backend_rtt_init
 .text.nrf_log_backend_serial_put
                0x000000000002644e       0xcc Output/ble_app_uart_pca10056_s140 Release/Obj/nrf_log_backend_serial.o
                0x000000000002644e                nrf_log_backend_serial_put
 *fill*         0x000000000002651a        0x2 
 .text.nrf_log_default_backends_init
                0x000000000002651c       0x20 Output/ble_app_uart_pca10056_s140 Release/Obj/nrf_log_default_backends.o
                0x000000000002651c                nrf_log_default_backends_init
 .text.invalid_packets_omit
                0x000000000002653c       0x3a Output/ble_app_uart_pca10056_s140 Release/Obj/nrf_log_frontend.o
 *fill*         0x0000000000026576        0x2 
 .text.buf_prealloc
                0x0000000000026578      0x134 Output/ble_app_uart_pca10056_s140 Release/Obj/nrf_log_frontend.o
 .text.nrf_log_init
                0x00000000000266ac       0x3c Output/ble_app_uart_pca10056_s140 Release/Obj/nrf_log_frontend.o
                0x00000000000266ac                nrf_log_init
 .text.nrf_log_module_name_get
                0x00000000000266e8       0x38 Output/ble_app_uart_pca10056_s140 Release/Obj/nrf_log_frontend.o
                0x00000000000266e8                nrf_log_module_name_get
 .text.nrf_log_color_id_get
                0x0000000000026720       0x2c Output/ble_app_uart_pca10056_s140 Release/Obj/nrf_log_frontend.o
                0x0000000000026720                nrf_log_color_id_get
 .text.buffer_is_empty
                0x000000000002674c       0x14 Output/ble_app_uart_pca10056_s140 Release/Obj/nrf_log_frontend.o
                0x000000000002674c                buffer_is_empty
 .text.nrf_log_frontend_dequeue
                0x0000000000026760      0x228 Output/ble_app_uart_pca10056_s140 Release/Obj/nrf_log_frontend.o
                0x0000000000026760                nrf_log_frontend_dequeue
 .text.std_n    0x0000000000026988       0xb0 Output/ble_app_uart_pca10056_s140 Release/Obj/nrf_log_frontend.o
 .text.nrf_log_frontend_std_0
                0x0000000000026a38        0x8 Output/ble_app_uart_pca10056_s140 Release/Obj/nrf_log_frontend.o
                0x0000000000026a38                nrf_log_frontend_std_0
 .text.nrf_log_frontend_std_1
                0x0000000000026a40       0x14 Output/ble_app_uart_pca10056_s140 Release/Obj/nrf_log_frontend.o
                0x0000000000026a40                nrf_log_frontend_std_1
 .text.nrf_log_frontend_std_2
                0x0000000000026a54       0x14 Output/ble_app_uart_pca10056_s140 Release/Obj/nrf_log_frontend.o
                0x0000000000026a54                nrf_log_frontend_std_2
 .text.nrf_log_backend_add
                0x0000000000026a68       0x44 Output/ble_app_uart_pca10056_s140 Release/Obj/nrf_log_frontend.o
                0x0000000000026a68                nrf_log_backend_add
 .text.nrf_log_panic
                0x0000000000026aac       0x2c Output/ble_app_uart_pca10056_s140 Release/Obj/nrf_log_frontend.o
                0x0000000000026aac                nrf_log_panic
 .text.postfix_process
                0x0000000000026ad8       0x3c Output/ble_app_uart_pca10056_s140 Release/Obj/nrf_log_str_formatter.o
 .text.prefix_process
                0x0000000000026b14       0x78 Output/ble_app_uart_pca10056_s140 Release/Obj/nrf_log_str_formatter.o
 .text.nrf_log_std_entry_process
                0x0000000000026b8c       0xc8 Output/ble_app_uart_pca10056_s140 Release/Obj/nrf_log_str_formatter.o
                0x0000000000026b8c                nrf_log_std_entry_process
 .text.nrf_log_hexdump_entry_process
                0x0000000000026c54       0xac Output/ble_app_uart_pca10056_s140 Release/Obj/nrf_log_str_formatter.o
                0x0000000000026c54                nrf_log_hexdump_entry_process
 .text.app_error_handler_bare
                0x0000000000026d00       0x1a Output/ble_app_uart_pca10056_s140 Release/Obj/app_error.o
                0x0000000000026d00                app_error_handler_bare
 *fill*         0x0000000000026d1a        0x2 
 .text.app_error_fault_handler
                0x0000000000026d1c       0x70 Output/ble_app_uart_pca10056_s140 Release/Obj/app_error_weak.o
                0x0000000000026d1c                app_error_fault_handler
 .text.app_fifo_init
                0x0000000000026d8c       0x1e Output/ble_app_uart_pca10056_s140 Release/Obj/app_fifo.o
                0x0000000000026d8c                app_fifo_init
 .text.app_fifo_put
                0x0000000000026daa       0x24 Output/ble_app_uart_pca10056_s140 Release/Obj/app_fifo.o
                0x0000000000026daa                app_fifo_put
 .text.app_fifo_get
                0x0000000000026dce       0x22 Output/ble_app_uart_pca10056_s140 Release/Obj/app_fifo.o
                0x0000000000026dce                app_fifo_get
 .text.user_op_alloc
                0x0000000000026df0       0x2c Output/ble_app_uart_pca10056_s140 Release/Obj/app_timer.o
 .text.timer_stop_op_schedule
                0x0000000000026e1c       0x50 Output/ble_app_uart_pca10056_s140 Release/Obj/app_timer.o
 .text.nrfx_coredep_delay_us.constprop.3
                0x0000000000026e6c       0x10 Output/ble_app_uart_pca10056_s140 Release/Obj/app_timer.o
 .text.rtc1_stop
                0x0000000000026e7c       0x44 Output/ble_app_uart_pca10056_s140 Release/Obj/app_timer.o
 .text.RTC1_IRQHandler
                0x0000000000026ec0       0x9c Output/ble_app_uart_pca10056_s140 Release/Obj/app_timer.o
                0x0000000000026ec0                RTC1_IRQHandler
 .text.SWI0_EGU0_IRQHandler
                0x0000000000026f5c      0x2ac Output/ble_app_uart_pca10056_s140 Release/Obj/app_timer.o
                0x0000000000026f5c                SWI0_EGU0_IRQHandler
 .text.app_timer_init
                0x0000000000027208       0x60 Output/ble_app_uart_pca10056_s140 Release/Obj/app_timer.o
                0x0000000000027208                app_timer_init
 .text.app_timer_create
                0x0000000000027268       0x24 Output/ble_app_uart_pca10056_s140 Release/Obj/app_timer.o
                0x0000000000027268                app_timer_create
 .text.app_timer_start
                0x000000000002728c       0x88 Output/ble_app_uart_pca10056_s140 Release/Obj/app_timer.o
                0x000000000002728c                app_timer_start
 .text.app_timer_stop
                0x0000000000027314       0x20 Output/ble_app_uart_pca10056_s140 Release/Obj/app_timer.o
                0x0000000000027314                app_timer_stop
 .text.nrf_drv_uart_rx.constprop.0
                0x0000000000027334       0x28 Output/ble_app_uart_pca10056_s140 Release/Obj/app_uart_fifo.o
 .text.nrf_drv_uart_tx.constprop.2
                0x000000000002735c       0x28 Output/ble_app_uart_pca10056_s140 Release/Obj/app_uart_fifo.o
 .text.uart_event_handler
                0x0000000000027384       0xa8 Output/ble_app_uart_pca10056_s140 Release/Obj/app_uart_fifo.o
 .text.app_uart_init
                0x000000000002742c       0xb0 Output/ble_app_uart_pca10056_s140 Release/Obj/app_uart_fifo.o
                0x000000000002742c                app_uart_init
 .text.app_uart_get
                0x00000000000274dc       0x2c Output/ble_app_uart_pca10056_s140 Release/Obj/app_uart_fifo.o
                0x00000000000274dc                app_uart_get
 .text.app_uart_put
                0x0000000000027508       0x50 Output/ble_app_uart_pca10056_s140 Release/Obj/app_uart_fifo.o
                0x0000000000027508                app_uart_put
 .text.app_util_critical_region_enter
                0x0000000000027558       0x48 Output/ble_app_uart_pca10056_s140 Release/Obj/app_util_platform.o
                0x0000000000027558                app_util_critical_region_enter
 .text.app_util_critical_region_exit
                0x00000000000275a0       0x2c Output/ble_app_uart_pca10056_s140 Release/Obj/app_util_platform.o
                0x00000000000275a0                app_util_critical_region_exit
 .text.nrf_atflags_set
                0x00000000000275cc       0x12 Output/ble_app_uart_pca10056_s140 Release/Obj/nrf_atflags.o
                0x00000000000275cc                nrf_atflags_set
 .text.nrf_atflags_clear
                0x00000000000275de       0x14 Output/ble_app_uart_pca10056_s140 Release/Obj/nrf_atflags.o
                0x00000000000275de                nrf_atflags_clear
 .text.nrf_atflags_get
                0x00000000000275f2       0x12 Output/ble_app_uart_pca10056_s140 Release/Obj/nrf_atflags.o
                0x00000000000275f2                nrf_atflags_get
 .text.nrf_atomic_u32_fetch_store
                0x0000000000027604       0x14 Output/ble_app_uart_pca10056_s140 Release/Obj/nrf_atomic.o
                0x0000000000027604                nrf_atomic_u32_fetch_store
 .text.nrf_atomic_u32_or
                0x0000000000027618       0x16 Output/ble_app_uart_pca10056_s140 Release/Obj/nrf_atomic.o
                0x0000000000027618                nrf_atomic_u32_or
 .text.nrf_atomic_u32_fetch_and
                0x000000000002762e       0x16 Output/ble_app_uart_pca10056_s140 Release/Obj/nrf_atomic.o
                0x000000000002762e                nrf_atomic_u32_fetch_and
 .text.nrf_atomic_u32_and
                0x0000000000027644       0x16 Output/ble_app_uart_pca10056_s140 Release/Obj/nrf_atomic.o
                0x0000000000027644                nrf_atomic_u32_and
 .text.nrf_atomic_u32_add
                0x000000000002765a       0x16 Output/ble_app_uart_pca10056_s140 Release/Obj/nrf_atomic.o
                0x000000000002765a                nrf_atomic_u32_add
 .text.nrf_atomic_u32_sub
                0x0000000000027670       0x16 Output/ble_app_uart_pca10056_s140 Release/Obj/nrf_atomic.o
                0x0000000000027670                nrf_atomic_u32_sub
 .text.nrf_atomic_flag_set
                0x0000000000027686        0x6 Output/ble_app_uart_pca10056_s140 Release/Obj/nrf_atomic.o
                0x0000000000027686                nrf_atomic_flag_set
 .text.nrf_atomic_flag_clear_fetch
                0x000000000002768c        0x6 Output/ble_app_uart_pca10056_s140 Release/Obj/nrf_atomic.o
                0x000000000002768c                nrf_atomic_flag_clear_fetch
 .text.nrf_balloc_init
                0x0000000000027692       0x2e Output/ble_app_uart_pca10056_s140 Release/Obj/nrf_balloc.o
                0x0000000000027692                nrf_balloc_init
 .text.nrf_balloc_alloc
                0x00000000000276c0       0x46 Output/ble_app_uart_pca10056_s140 Release/Obj/nrf_balloc.o
                0x00000000000276c0                nrf_balloc_alloc
 .text.nrf_balloc_free
                0x0000000000027706       0x32 Output/ble_app_uart_pca10056_s140 Release/Obj/nrf_balloc.o
                0x0000000000027706                nrf_balloc_free
 .text.nrf_fprintf_buffer_flush
                0x0000000000027738       0x16 Output/ble_app_uart_pca10056_s140 Release/Obj/nrf_fprintf.o
                0x0000000000027738                nrf_fprintf_buffer_flush
 .text.nrf_fprintf
                0x000000000002774e       0x1e Output/ble_app_uart_pca10056_s140 Release/Obj/nrf_fprintf.o
                0x000000000002774e                nrf_fprintf
 .text.buffer_add
                0x000000000002776c       0x1e Output/ble_app_uart_pca10056_s140 Release/Obj/nrf_fprintf_format.o
 *fill*         0x000000000002778a        0x2 
 .text.unsigned_print
                0x000000000002778c       0xac Output/ble_app_uart_pca10056_s140 Release/Obj/nrf_fprintf_format.o
 .text.nrf_fprintf_fmt
                0x0000000000027838      0x28a Output/ble_app_uart_pca10056_s140 Release/Obj/nrf_fprintf_format.o
                0x0000000000027838                nrf_fprintf_fmt
 .text.memobj_op
                0x0000000000027ac2       0x82 Output/ble_app_uart_pca10056_s140 Release/Obj/nrf_memobj.o
 .text.nrf_memobj_pool_init
                0x0000000000027b44        0x4 Output/ble_app_uart_pca10056_s140 Release/Obj/nrf_memobj.o
                0x0000000000027b44                nrf_memobj_pool_init
 .text.nrf_memobj_free
                0x0000000000027b48       0x2c Output/ble_app_uart_pca10056_s140 Release/Obj/nrf_memobj.o
                0x0000000000027b48                nrf_memobj_free
 .text.nrf_memobj_alloc
                0x0000000000027b74       0x5e Output/ble_app_uart_pca10056_s140 Release/Obj/nrf_memobj.o
                0x0000000000027b74                nrf_memobj_alloc
 .text.nrf_memobj_get
                0x0000000000027bd2        0x8 Output/ble_app_uart_pca10056_s140 Release/Obj/nrf_memobj.o
                0x0000000000027bd2                nrf_memobj_get
 .text.nrf_memobj_put
                0x0000000000027bda       0x1e Output/ble_app_uart_pca10056_s140 Release/Obj/nrf_memobj.o
                0x0000000000027bda                nrf_memobj_put
 .text.nrf_memobj_write
                0x0000000000027bf8       0x16 Output/ble_app_uart_pca10056_s140 Release/Obj/nrf_memobj.o
                0x0000000000027bf8                nrf_memobj_write
 .text.nrf_memobj_read
                0x0000000000027c0e       0x16 Output/ble_app_uart_pca10056_s140 Release/Obj/nrf_memobj.o
                0x0000000000027c0e                nrf_memobj_read
 .text.sd_app_evt_wait
                0x0000000000027c24        0x4 Output/ble_app_uart_pca10056_s140 Release/Obj/nrf_pwr_mgmt.o
 .text.nrf_pwr_mgmt_init
                0x0000000000027c28       0x2c Output/ble_app_uart_pca10056_s140 Release/Obj/nrf_pwr_mgmt.o
                0x0000000000027c28                nrf_pwr_mgmt_init
 .text.nrf_pwr_mgmt_run
                0x0000000000027c54       0x4c Output/ble_app_uart_pca10056_s140 Release/Obj/nrf_pwr_mgmt.o
                0x0000000000027c54                nrf_pwr_mgmt_run
 .text.nrf_ringbuf_init
                0x0000000000027ca0       0x12 Output/ble_app_uart_pca10056_s140 Release/Obj/nrf_ringbuf.o
                0x0000000000027ca0                nrf_ringbuf_init
 .text.nrf_section_iter_init
                0x0000000000027cb2       0x14 Output/ble_app_uart_pca10056_s140 Release/Obj/nrf_section_iter.o
                0x0000000000027cb2                nrf_section_iter_init
 .text.nrf_section_iter_next
                0x0000000000027cc6       0x18 Output/ble_app_uart_pca10056_s140 Release/Obj/nrf_section_iter.o
                0x0000000000027cc6                nrf_section_iter_next
 *fill*         0x0000000000027cde        0x2 
 .text.nrf_strerror_find
                0x0000000000027ce0       0x3c Output/ble_app_uart_pca10056_s140 Release/Obj/nrf_strerror.o
                0x0000000000027ce0                nrf_strerror_find
 .text.nrf_strerror_get
                0x0000000000027d1c       0x14 Output/ble_app_uart_pca10056_s140 Release/Obj/nrf_strerror.o
                0x0000000000027d1c                nrf_strerror_get
 .text.__putchar
                0x0000000000027d30        0xe Output/ble_app_uart_pca10056_s140 Release/Obj/retarget.o
                0x0000000000027d30                __putchar
 *fill*         0x0000000000027d3e        0x2 
 .text.errata_98
                0x0000000000027d40       0x20 Output/ble_app_uart_pca10056_s140 Release/Obj/system_nrf52840.o
 .text.SystemInit
                0x0000000000027d60      0x1b8 Output/ble_app_uart_pca10056_s140 Release/Obj/system_nrf52840.o
                0x0000000000027d60                SystemInit
 .text.bsp_board_led_state_get
                0x0000000000027f18       0x28 Output/ble_app_uart_pca10056_s140 Release/Obj/boards.o
                0x0000000000027f18                bsp_board_led_state_get
 .text.bsp_board_led_on
                0x0000000000027f40       0x28 Output/ble_app_uart_pca10056_s140 Release/Obj/boards.o
                0x0000000000027f40                bsp_board_led_on
 .text.bsp_board_led_off
                0x0000000000027f68       0x28 Output/ble_app_uart_pca10056_s140 Release/Obj/boards.o
                0x0000000000027f68                bsp_board_led_off
 .text.bsp_board_leds_off
                0x0000000000027f90       0x1e Output/ble_app_uart_pca10056_s140 Release/Obj/boards.o
                0x0000000000027f90                bsp_board_leds_off
 .text.bsp_board_leds_on
                0x0000000000027fae       0x1e Output/ble_app_uart_pca10056_s140 Release/Obj/boards.o
                0x0000000000027fae                bsp_board_leds_on
 .text.bsp_board_led_invert
                0x0000000000027fcc       0x34 Output/ble_app_uart_pca10056_s140 Release/Obj/boards.o
                0x0000000000027fcc                bsp_board_led_invert
 .text.bsp_board_button_state_get
                0x0000000000028000       0x28 Output/ble_app_uart_pca10056_s140 Release/Obj/boards.o
                0x0000000000028000                bsp_board_button_state_get
 .text.clock_clk_started_notify
                0x0000000000028028       0x28 Output/ble_app_uart_pca10056_s140 Release/Obj/nrf_drv_clock.o
 .text.clock_irq_handler
                0x0000000000028050       0x1c Output/ble_app_uart_pca10056_s140 Release/Obj/nrf_drv_clock.o
 .text.soc_evt_handler
                0x000000000002806c       0x14 Output/ble_app_uart_pca10056_s140 Release/Obj/nrf_drv_clock.o
 .text.nrf_drv_clock_init
                0x0000000000028080       0x38 Output/ble_app_uart_pca10056_s140 Release/Obj/nrf_drv_clock.o
                0x0000000000028080                nrf_drv_clock_init
 .text.nrf_drv_clock_lfclk_release
                0x00000000000280b8       0x30 Output/ble_app_uart_pca10056_s140 Release/Obj/nrf_drv_clock.o
                0x00000000000280b8                nrf_drv_clock_lfclk_release
 .text.sd_state_evt_handler
                0x00000000000280e8       0x58 Output/ble_app_uart_pca10056_s140 Release/Obj/nrf_drv_clock.o
 .text.uarte_evt_handler
                0x0000000000028140       0x34 Output/ble_app_uart_pca10056_s140 Release/Obj/nrf_drv_uart.o
 .text.uart_evt_handler
                0x0000000000028174       0x34 Output/ble_app_uart_pca10056_s140 Release/Obj/nrf_drv_uart.o
 .text.nrf_drv_uart_init
                0x00000000000281a8       0x7c Output/ble_app_uart_pca10056_s140 Release/Obj/nrf_drv_uart.o
                0x00000000000281a8                nrf_drv_uart_init
 .text.nrf_clock_event_clear
                0x0000000000028224       0x14 Output/ble_app_uart_pca10056_s140 Release/Obj/nrfx_clock.o
 .text.nrfx_clock_init
                0x0000000000028238       0x1c Output/ble_app_uart_pca10056_s140 Release/Obj/nrfx_clock.o
                0x0000000000028238                nrfx_clock_init
 .text.nrfx_clock_enable
                0x0000000000028254       0x28 Output/ble_app_uart_pca10056_s140 Release/Obj/nrfx_clock.o
                0x0000000000028254                nrfx_clock_enable
 .text.nrfx_clock_lfclk_stop
                0x000000000002827c       0x18 Output/ble_app_uart_pca10056_s140 Release/Obj/nrfx_clock.o
                0x000000000002827c                nrfx_clock_lfclk_stop
 .text.POWER_CLOCK_IRQHandler
                0x0000000000028294       0x58 Output/ble_app_uart_pca10056_s140 Release/Obj/nrfx_clock.o
                0x0000000000028294                POWER_CLOCK_IRQHandler
 .text.nrf_gpiote_event_clear
                0x00000000000282ec       0x18 Output/ble_app_uart_pca10056_s140 Release/Obj/nrfx_gpiote.o
 .text.nrf_gpio_pin_port_decode
                0x0000000000028304       0x18 Output/ble_app_uart_pca10056_s140 Release/Obj/nrfx_gpiote.o
 .text.nrf_gpio_cfg_sense_set
                0x000000000002831c       0x32 Output/ble_app_uart_pca10056_s140 Release/Obj/nrfx_gpiote.o
 *fill*         0x000000000002834e        0x2 
 .text.GPIOTE_IRQHandler
                0x0000000000028350      0x1a4 Output/ble_app_uart_pca10056_s140 Release/Obj/nrfx_gpiote.o
                0x0000000000028350                GPIOTE_IRQHandler
 .text.UARTE0_UART0_IRQHandler
                0x00000000000284f4        0xc Output/ble_app_uart_pca10056_s140 Release/Obj/nrfx_prs.o
                0x00000000000284f4                UARTE0_UART0_IRQHandler
 .text.nrfx_prs_acquire
                0x0000000000028500       0x40 Output/ble_app_uart_pca10056_s140 Release/Obj/nrfx_prs.o
                0x0000000000028500                nrfx_prs_acquire
 .text.nrf_uart_event_clear
                0x0000000000028540       0x10 Output/ble_app_uart_pca10056_s140 Release/Obj/nrfx_uart.o
 .text.tx_byte  0x0000000000028550       0x1e Output/ble_app_uart_pca10056_s140 Release/Obj/nrfx_uart.o
 .text.rx_enable.isra.4
                0x000000000002856e       0x20 Output/ble_app_uart_pca10056_s140 Release/Obj/nrfx_uart.o
 .text.rx_byte  0x000000000002858e       0x2c Output/ble_app_uart_pca10056_s140 Release/Obj/nrfx_uart.o
 *fill*         0x00000000000285ba        0x2 
 .text.rx_done_event.constprop.7
                0x00000000000285bc       0x20 Output/ble_app_uart_pca10056_s140 Release/Obj/nrfx_uart.o
 .text.nrfx_uart_0_irq_handler
                0x00000000000285dc      0x13c Output/ble_app_uart_pca10056_s140 Release/Obj/nrfx_uart.o
                0x00000000000285dc                nrfx_uart_0_irq_handler
 .text.nrfx_uart_init
                0x0000000000028718      0x1b4 Output/ble_app_uart_pca10056_s140 Release/Obj/nrfx_uart.o
                0x0000000000028718                nrfx_uart_init
 .text.nrfx_uart_tx
                0x00000000000288cc       0x94 Output/ble_app_uart_pca10056_s140 Release/Obj/nrfx_uart.o
                0x00000000000288cc                nrfx_uart_tx
 .text.nrfx_uart_tx_in_progress
                0x0000000000028960       0x18 Output/ble_app_uart_pca10056_s140 Release/Obj/nrfx_uart.o
                0x0000000000028960                nrfx_uart_tx_in_progress
 .text.nrfx_uart_rx
                0x0000000000028978       0xec Output/ble_app_uart_pca10056_s140 Release/Obj/nrfx_uart.o
                0x0000000000028978                nrfx_uart_rx
 .text.nrf_uarte_event_clear
                0x0000000000028a64       0x10 Output/ble_app_uart_pca10056_s140 Release/Obj/nrfx_uarte.o
 .text.rx_done_event.constprop.6
                0x0000000000028a74       0x24 Output/ble_app_uart_pca10056_s140 Release/Obj/nrfx_uarte.o
 .text.nrfx_uarte_0_irq_handler
                0x0000000000028a98       0xec Output/ble_app_uart_pca10056_s140 Release/Obj/nrfx_uarte.o
                0x0000000000028a98                nrfx_uarte_0_irq_handler
 .text.nrfx_uarte_init
                0x0000000000028b84      0x1c4 Output/ble_app_uart_pca10056_s140 Release/Obj/nrfx_uarte.o
                0x0000000000028b84                nrfx_uarte_init
 .text.nrfx_uarte_tx
                0x0000000000028d48       0x88 Output/ble_app_uart_pca10056_s140 Release/Obj/nrfx_uarte.o
                0x0000000000028d48                nrfx_uarte_tx
 .text.nrfx_uarte_tx_in_progress
                0x0000000000028dd0       0x18 Output/ble_app_uart_pca10056_s140 Release/Obj/nrfx_uarte.o
                0x0000000000028dd0                nrfx_uarte_tx_in_progress
 .text.nrfx_uarte_rx
                0x0000000000028de8       0xd8 Output/ble_app_uart_pca10056_s140 Release/Obj/nrfx_uarte.o
                0x0000000000028de8                nrfx_uarte_rx
 .text.leds_off
                0x0000000000028ec0       0x2c Output/ble_app_uart_pca10056_s140 Release/Obj/bsp.o
 .text.bsp_led_indication
                0x0000000000028eec      0x204 Output/ble_app_uart_pca10056_s140 Release/Obj/bsp.o
 .text.bsp_button_is_pressed
                0x00000000000290f0        0xc Output/ble_app_uart_pca10056_s140 Release/Obj/bsp.o
                0x00000000000290f0                bsp_button_is_pressed
 .text.bsp_indication_set
                0x00000000000290fc       0x18 Output/ble_app_uart_pca10056_s140 Release/Obj/bsp.o
                0x00000000000290fc                bsp_indication_set
 .text.bsp_event_to_button_action_assign
                0x0000000000029114       0x4c Output/ble_app_uart_pca10056_s140 Release/Obj/bsp.o
                0x0000000000029114                bsp_event_to_button_action_assign
 .text.advertising_buttons_configure
                0x0000000000029160       0x36 Output/ble_app_uart_pca10056_s140 Release/Obj/bsp_btn_ble.o
 *fill*         0x0000000000029196        0x2 
 .text.ble_evt_handler
                0x0000000000029198       0x80 Output/ble_app_uart_pca10056_s140 Release/Obj/bsp_btn_ble.o
 .text.bsp_btn_ble_init
                0x0000000000029218       0x40 Output/ble_app_uart_pca10056_s140 Release/Obj/bsp_btn_ble.o
                0x0000000000029218                bsp_btn_ble_init
 .text.sd_ble_gap_adv_set_configure
                0x0000000000029258        0x4 Output/ble_app_uart_pca10056_s140 Release/Obj/main.o
 .text.sd_ble_gap_adv_start
                0x000000000002925c        0x4 Output/ble_app_uart_pca10056_s140 Release/Obj/main.o
 .text.sd_ble_gap_disconnect
                0x0000000000029260        0x4 Output/ble_app_uart_pca10056_s140 Release/Obj/main.o
 .text.sd_ble_gap_tx_power_set
                0x0000000000029264        0x4 Output/ble_app_uart_pca10056_s140 Release/Obj/main.o
 .text.sd_ble_gap_ppcp_set
                0x0000000000029268        0x4 Output/ble_app_uart_pca10056_s140 Release/Obj/main.o
 .text.sd_ble_gap_device_name_set
                0x000000000002926c        0x4 Output/ble_app_uart_pca10056_s140 Release/Obj/main.o
 .text.sd_ble_gap_sec_params_reply
                0x0000000000029270        0x4 Output/ble_app_uart_pca10056_s140 Release/Obj/main.o
 .text.sd_ble_gap_phy_update
                0x0000000000029274        0x4 Output/ble_app_uart_pca10056_s140 Release/Obj/main.o
 .text.sd_ble_gatts_sys_attr_set
                0x0000000000029278        0x4 Output/ble_app_uart_pca10056_s140 Release/Obj/main.o
 .text.sd_power_dcdc_mode_set
                0x000000000002927c        0x4 Output/ble_app_uart_pca10056_s140 Release/Obj/main.o
 .text.heart_rate_meas_timeout_handler
                0x0000000000029280        0x2 Output/ble_app_uart_pca10056_s140 Release/Obj/main.o
 .text.nrf_qwr_error_handler
                0x0000000000029282        0x4 Output/ble_app_uart_pca10056_s140 Release/Obj/main.o
 *fill*         0x0000000000029286        0x2 
 .text.gatt_evt_handler
                0x0000000000029288       0x4c Output/ble_app_uart_pca10056_s140 Release/Obj/main.o
                0x0000000000029288                gatt_evt_handler
 .text.on_conn_params_evt
                0x00000000000292d4       0x20 Output/ble_app_uart_pca10056_s140 Release/Obj/main.o
 .text.uart_event_handle
                0x00000000000292f4       0x7c Output/ble_app_uart_pca10056_s140 Release/Obj/main.o
                0x00000000000292f4                uart_event_handle
 .text.nrf_delay_ms.part.0.constprop.5
                0x0000000000029370       0x1c Output/ble_app_uart_pca10056_s140 Release/Obj/main.o
 .text.conn_params_error_handler
                0x000000000002938c        0x4 Output/ble_app_uart_pca10056_s140 Release/Obj/main.o
 .text.nrf_gpio_cfg_output
                0x0000000000029390       0x1c Output/ble_app_uart_pca10056_s140 Release/Obj/main.o
 .text.nrf_gpio_pin_set
                0x00000000000293ac       0x20 Output/ble_app_uart_pca10056_s140 Release/Obj/main.o
 .text.nrf_gpio_pin_clear
                0x00000000000293cc       0x20 Output/ble_app_uart_pca10056_s140 Release/Obj/main.o
 .text.nus_data_handler
                0x00000000000293ec       0xac Output/ble_app_uart_pca10056_s140 Release/Obj/main.o
 .text.phy_str  0x0000000000029498       0x38 Output/ble_app_uart_pca10056_s140 Release/Obj/main.o
                0x0000000000029498                phy_str
 .text.ble_evt_handler
                0x00000000000294d0      0x14c Output/ble_app_uart_pca10056_s140 Release/Obj/main.o
 .text.gatt_init
                0x000000000002961c       0x2c Output/ble_app_uart_pca10056_s140 Release/Obj/main.o
                0x000000000002961c                gatt_init
 .text.startup.main
                0x0000000000029648      0x328 Output/ble_app_uart_pca10056_s140 Release/Obj/main.o
                0x0000000000029648                main
 .text._GetAvailWriteSpace
                0x0000000000029970       0x1c Output/ble_app_uart_pca10056_s140 Release/Obj/SEGGER_RTT.o
 .text._WriteNoCheck
                0x000000000002998c       0x3a Output/ble_app_uart_pca10056_s140 Release/Obj/SEGGER_RTT.o
 .text._WriteBlocking
                0x00000000000299c6       0x52 Output/ble_app_uart_pca10056_s140 Release/Obj/SEGGER_RTT.o
 .text._DoInit  0x0000000000029a18       0x60 Output/ble_app_uart_pca10056_s140 Release/Obj/SEGGER_RTT.o
 .text.SEGGER_RTT_WriteNoLock
                0x0000000000029a78       0x68 Output/ble_app_uart_pca10056_s140 Release/Obj/SEGGER_RTT.o
                0x0000000000029a78                SEGGER_RTT_WriteNoLock
 .text.SEGGER_RTT_Init
                0x0000000000029ae0        0x4 Output/ble_app_uart_pca10056_s140 Release/Obj/SEGGER_RTT.o
                0x0000000000029ae0                SEGGER_RTT_Init
 .text.sd_ble_gap_addr_get
                0x0000000000029ae4        0x4 Output/ble_app_uart_pca10056_s140 Release/Obj/ble_advdata.o
 .text.sd_ble_gap_appearance_get
                0x0000000000029ae8        0x4 Output/ble_app_uart_pca10056_s140 Release/Obj/ble_advdata.o
 .text.sd_ble_gap_device_name_get
                0x0000000000029aec        0x4 Output/ble_app_uart_pca10056_s140 Release/Obj/ble_advdata.o
 .text.sd_ble_uuid_encode
                0x0000000000029af0        0x4 Output/ble_app_uart_pca10056_s140 Release/Obj/ble_advdata.o
 .text.uuid_list_sized_encode
                0x0000000000029af4       0xa4 Output/ble_app_uart_pca10056_s140 Release/Obj/ble_advdata.o
 .text.uuid_list_encode
                0x0000000000029b98       0x34 Output/ble_app_uart_pca10056_s140 Release/Obj/ble_advdata.o
 .text.ble_advdata_encode
                0x0000000000029bcc      0x392 Output/ble_app_uart_pca10056_s140 Release/Obj/ble_advdata.o
                0x0000000000029bcc                ble_advdata_encode
 .text.ble_advdata_search
                0x0000000000029f5e       0x38 Output/ble_app_uart_pca10056_s140 Release/Obj/ble_advdata.o
                0x0000000000029f5e                ble_advdata_search
 .text.ble_advdata_parse
                0x0000000000029f96       0x20 Output/ble_app_uart_pca10056_s140 Release/Obj/ble_advdata.o
                0x0000000000029f96                ble_advdata_parse
 .text.sd_ble_gap_adv_set_configure
                0x0000000000029fb6        0x4 Output/ble_app_uart_pca10056_s140 Release/Obj/ble_advertising.o
 .text.sd_ble_gap_adv_start
                0x0000000000029fba        0x4 Output/ble_app_uart_pca10056_s140 Release/Obj/ble_advertising.o
 .text.flags_set
                0x0000000000029fbe       0x2c Output/ble_app_uart_pca10056_s140 Release/Obj/ble_advertising.o
 .text.ble_advertising_start
                0x0000000000029fea      0x222 Output/ble_app_uart_pca10056_s140 Release/Obj/ble_advertising.o
                0x0000000000029fea                ble_advertising_start
 .text.ble_advertising_on_ble_evt
                0x000000000002a20c       0x6a Output/ble_app_uart_pca10056_s140 Release/Obj/ble_advertising.o
                0x000000000002a20c                ble_advertising_on_ble_evt
 .text.ble_advertising_on_sys_evt
                0x000000000002a276        0x2 Output/ble_app_uart_pca10056_s140 Release/Obj/ble_advertising.o
                0x000000000002a276                ble_advertising_on_sys_evt
 .text.sd_ble_gap_conn_param_update
                0x000000000002a278        0x4 Output/ble_app_uart_pca10056_s140 Release/Obj/ble_conn_params.o
 .text.sd_ble_gap_disconnect
                0x000000000002a27c        0x4 Output/ble_app_uart_pca10056_s140 Release/Obj/ble_conn_params.o
 .text.sd_ble_gap_ppcp_set
                0x000000000002a280        0x4 Output/ble_app_uart_pca10056_s140 Release/Obj/ble_conn_params.o
 .text.sd_ble_gap_ppcp_get
                0x000000000002a284        0x4 Output/ble_app_uart_pca10056_s140 Release/Obj/ble_conn_params.o
 .text.instance_get
                0x000000000002a288       0x14 Output/ble_app_uart_pca10056_s140 Release/Obj/ble_conn_params.o
 .text.send_error_evt
                0x000000000002a29c       0x10 Output/ble_app_uart_pca10056_s140 Release/Obj/ble_conn_params.o
 .text.update_timeout_handler
                0x000000000002a2ac       0x6c Output/ble_app_uart_pca10056_s140 Release/Obj/ble_conn_params.o
 .text.conn_params_negotiation
                0x000000000002a318       0x48 Output/ble_app_uart_pca10056_s140 Release/Obj/ble_conn_params.o
 .text.is_conn_params_ok.constprop.3
                0x000000000002a360       0x3c Output/ble_app_uart_pca10056_s140 Release/Obj/ble_conn_params.o
 .text.ble_evt_handler
                0x000000000002a39c       0xe0 Output/ble_app_uart_pca10056_s140 Release/Obj/ble_conn_params.o
 .text.ble_conn_params_init
                0x000000000002a47c       0x74 Output/ble_app_uart_pca10056_s140 Release/Obj/ble_conn_params.o
                0x000000000002a47c                ble_conn_params_init
 .text.conn_handle_list_get
                0x000000000002a4f0       0x2e Output/ble_app_uart_pca10056_s140 Release/Obj/ble_conn_state.o
                0x000000000002a4f0                conn_handle_list_get
 *fill*         0x000000000002a51e        0x2 
 .text.ble_evt_handler
                0x000000000002a520       0xd8 Output/ble_app_uart_pca10056_s140 Release/Obj/ble_conn_state.o
 .text.ble_conn_state_valid
                0x000000000002a5f8       0x14 Output/ble_app_uart_pca10056_s140 Release/Obj/ble_conn_state.o
                0x000000000002a5f8                ble_conn_state_valid
 .text.ble_conn_state_conn_idx
                0x000000000002a60c       0x12 Output/ble_app_uart_pca10056_s140 Release/Obj/ble_conn_state.o
                0x000000000002a60c                ble_conn_state_conn_idx
 .text.blcm_link_ctx_get
                0x000000000002a61e       0x4e Output/ble_app_uart_pca10056_s140 Release/Obj/ble_link_ctx_manager.o
                0x000000000002a61e                blcm_link_ctx_get
 .text.sd_ble_gatts_characteristic_add
                0x000000000002a66c        0x4 Output/ble_app_uart_pca10056_s140 Release/Obj/ble_srv_common.o
 .text.set_security_req
                0x000000000002a670       0x2a Output/ble_app_uart_pca10056_s140 Release/Obj/ble_srv_common.o
 .text.ble_srv_is_notification_enabled
                0x000000000002a69a        0x8 Output/ble_app_uart_pca10056_s140 Release/Obj/ble_srv_common.o
                0x000000000002a69a                ble_srv_is_notification_enabled
 .text.characteristic_add
                0x000000000002a6a2      0x146 Output/ble_app_uart_pca10056_s140 Release/Obj/ble_srv_common.o
                0x000000000002a6a2                characteristic_add
 .text.sd_ble_gap_data_length_update
                0x000000000002a7e8        0x4 Output/ble_app_uart_pca10056_s140 Release/Obj/nrf_ble_gatt.o
 .text.sd_ble_gattc_exchange_mtu_request
                0x000000000002a7ec        0x4 Output/ble_app_uart_pca10056_s140 Release/Obj/nrf_ble_gatt.o
 .text.sd_ble_gatts_exchange_mtu_reply
                0x000000000002a7f0        0x4 Output/ble_app_uart_pca10056_s140 Release/Obj/nrf_ble_gatt.o
 .text.data_length_update
                0x000000000002a7f4       0x7c Output/ble_app_uart_pca10056_s140 Release/Obj/nrf_ble_gatt.o
 .text.nrf_ble_gatt_init
                0x000000000002a870       0x2a Output/ble_app_uart_pca10056_s140 Release/Obj/nrf_ble_gatt.o
                0x000000000002a870                nrf_ble_gatt_init
 .text.nrf_ble_gatt_att_mtu_periph_set
                0x000000000002a89a       0x18 Output/ble_app_uart_pca10056_s140 Release/Obj/nrf_ble_gatt.o
                0x000000000002a89a                nrf_ble_gatt_att_mtu_periph_set
 *fill*         0x000000000002a8b2        0x2 
 .text.nrf_ble_gatt_on_ble_evt
                0x000000000002a8b4      0x1b0 Output/ble_app_uart_pca10056_s140 Release/Obj/nrf_ble_gatt.o
                0x000000000002a8b4                nrf_ble_gatt_on_ble_evt
 .text.sd_ble_gatts_rw_authorize_reply
                0x000000000002aa64        0x4 Output/ble_app_uart_pca10056_s140 Release/Obj/nrf_ble_qwr.o
 .text.sd_ble_user_mem_reply
                0x000000000002aa68        0x4 Output/ble_app_uart_pca10056_s140 Release/Obj/nrf_ble_qwr.o
 .text.user_mem_reply.part.0
                0x000000000002aa6c       0x24 Output/ble_app_uart_pca10056_s140 Release/Obj/nrf_ble_qwr.o
 .text.nrf_ble_qwr_init
                0x000000000002aa90       0x24 Output/ble_app_uart_pca10056_s140 Release/Obj/nrf_ble_qwr.o
                0x000000000002aa90                nrf_ble_qwr_init
 .text.nrf_ble_qwr_conn_handle_assign
                0x000000000002aab4       0x16 Output/ble_app_uart_pca10056_s140 Release/Obj/nrf_ble_qwr.o
                0x000000000002aab4                nrf_ble_qwr_conn_handle_assign
 .text.nrf_ble_qwr_on_ble_evt
                0x000000000002aaca       0xa0 Output/ble_app_uart_pca10056_s140 Release/Obj/nrf_ble_qwr.o
                0x000000000002aaca                nrf_ble_qwr_on_ble_evt
 .text.sd_ble_gatts_service_add
                0x000000000002ab6a        0x4 Output/ble_app_uart_pca10056_s140 Release/Obj/ble_nus.o
 .text.sd_ble_gatts_value_get
                0x000000000002ab6e        0x4 Output/ble_app_uart_pca10056_s140 Release/Obj/ble_nus.o
 .text.sd_ble_gatts_hvx
                0x000000000002ab72        0x4 Output/ble_app_uart_pca10056_s140 Release/Obj/ble_nus.o
 .text.sd_ble_uuid_vs_add
                0x000000000002ab76        0x4 Output/ble_app_uart_pca10056_s140 Release/Obj/ble_nus.o
 .text.ble_nus_on_ble_evt
                0x000000000002ab7a      0x134 Output/ble_app_uart_pca10056_s140 Release/Obj/ble_nus.o
                0x000000000002ab7a                ble_nus_on_ble_evt
 *fill*         0x000000000002acae        0x2 
 .text.ble_nus_init
                0x000000000002acb0       0xe8 Output/ble_app_uart_pca10056_s140 Release/Obj/ble_nus.o
                0x000000000002acb0                ble_nus_init
 .text.ble_nus_data_send
                0x000000000002ad98       0x66 Output/ble_app_uart_pca10056_s140 Release/Obj/ble_nus.o
                0x000000000002ad98                ble_nus_data_send
 .text.sd_softdevice_enable
                0x000000000002adfe        0x4 Output/ble_app_uart_pca10056_s140 Release/Obj/nrf_sdh.o
 *fill*         0x000000000002ae02        0x2 
 .text.sdh_request_observer_notify
                0x000000000002ae04       0x30 Output/ble_app_uart_pca10056_s140 Release/Obj/nrf_sdh.o
 .text.sdh_state_observer_notify
                0x000000000002ae34       0x28 Output/ble_app_uart_pca10056_s140 Release/Obj/nrf_sdh.o
 .text.softdevices_evt_irq_enable
                0x000000000002ae5c       0x38 Output/ble_app_uart_pca10056_s140 Release/Obj/nrf_sdh.o
 .text.nrf_sdh_enable_request
                0x000000000002ae94       0x78 Output/ble_app_uart_pca10056_s140 Release/Obj/nrf_sdh.o
                0x000000000002ae94                nrf_sdh_enable_request
 .text.nrf_sdh_is_enabled
                0x000000000002af0c        0xc Output/ble_app_uart_pca10056_s140 Release/Obj/nrf_sdh.o
                0x000000000002af0c                nrf_sdh_is_enabled
 .text.nrf_sdh_evts_poll
                0x000000000002af18       0x28 Output/ble_app_uart_pca10056_s140 Release/Obj/nrf_sdh.o
                0x000000000002af18                nrf_sdh_evts_poll
 .text.SWI2_EGU2_IRQHandler
                0x000000000002af40        0x4 Output/ble_app_uart_pca10056_s140 Release/Obj/nrf_sdh.o
                0x000000000002af40                SWI2_EGU2_IRQHandler
 .text.sd_ble_enable
                0x000000000002af44        0x4 Output/ble_app_uart_pca10056_s140 Release/Obj/nrf_sdh_ble.o
 .text.sd_ble_cfg_set
                0x000000000002af48        0x4 Output/ble_app_uart_pca10056_s140 Release/Obj/nrf_sdh_ble.o
 .text.sd_ble_evt_get
                0x000000000002af4c        0x4 Output/ble_app_uart_pca10056_s140 Release/Obj/nrf_sdh_ble.o
 .text.nrf_sdh_ble_evts_poll.part.1
                0x000000000002af50       0x4c Output/ble_app_uart_pca10056_s140 Release/Obj/nrf_sdh_ble.o
 .text.nrf_sdh_ble_evts_poll
                0x000000000002af9c       0x10 Output/ble_app_uart_pca10056_s140 Release/Obj/nrf_sdh_ble.o
 .text.nrf_sdh_ble_default_cfg_set
                0x000000000002afac      0x1a0 Output/ble_app_uart_pca10056_s140 Release/Obj/nrf_sdh_ble.o
                0x000000000002afac                nrf_sdh_ble_default_cfg_set
 .text.nrf_sdh_ble_enable
                0x000000000002b14c       0x94 Output/ble_app_uart_pca10056_s140 Release/Obj/nrf_sdh_ble.o
                0x000000000002b14c                nrf_sdh_ble_enable
 .text.sd_evt_get
                0x000000000002b1e0        0x4 Output/ble_app_uart_pca10056_s140 Release/Obj/nrf_sdh_soc.o
 .text.nrf_sdh_soc_evts_poll
                0x000000000002b1e4       0x3c Output/ble_app_uart_pca10056_s140 Release/Obj/nrf_sdh_soc.o
 .text.libc.__int64_udivmod
                0x000000000002b220       0xce E:/ProgramUser/SeggerES/lib/libc_v7em_fpv4_sp_d16_hard_t_le_eabi.a(libc_asm.o)
                0x000000000002b220                __aeabi_uldivmod
                0x000000000002b220                __int64_udiv
                0x000000000002b220                __udivdi3
                0x000000000002b220                __int64_udivmod
 *fill*         0x000000000002b2ee        0x2 
 .text.libc.__RAL_ascii_isctype
                0x000000000002b2f0       0x1c E:/ProgramUser/SeggerES/lib/libc_v7em_fpv4_sp_d16_hard_t_le_eabi.a(libc2.o)
 .text.libc.__RAL_ascii_toupper
                0x000000000002b30c        0xc E:/ProgramUser/SeggerES/lib/libc_v7em_fpv4_sp_d16_hard_t_le_eabi.a(libc2.o)
 .text.libc.__RAL_ascii_tolower
                0x000000000002b318        0xc E:/ProgramUser/SeggerES/lib/libc_v7em_fpv4_sp_d16_hard_t_le_eabi.a(libc2.o)
 .text.libc.__RAL_ascii_iswctype
                0x000000000002b324       0x1c E:/ProgramUser/SeggerES/lib/libc_v7em_fpv4_sp_d16_hard_t_le_eabi.a(libc2.o)
 .text.libc.__RAL_ascii_towupper
                0x000000000002b340        0xc E:/ProgramUser/SeggerES/lib/libc_v7em_fpv4_sp_d16_hard_t_le_eabi.a(libc2.o)
 .text.libc.__RAL_ascii_towlower
                0x000000000002b34c        0xc E:/ProgramUser/SeggerES/lib/libc_v7em_fpv4_sp_d16_hard_t_le_eabi.a(libc2.o)
 .text.libc.__RAL_ascii_wctomb
                0x000000000002b358        0xe E:/ProgramUser/SeggerES/lib/libc_v7em_fpv4_sp_d16_hard_t_le_eabi.a(libc2.o)
                0x000000000002b358                __RAL_ascii_wctomb
 .text.libc.__RAL_ascii_mbtowc
                0x000000000002b366       0x24 E:/ProgramUser/SeggerES/lib/libc_v7em_fpv4_sp_d16_hard_t_le_eabi.a(libc2.o)
                0x000000000002b366                __RAL_ascii_mbtowc
 .text.libc.__putc
                0x000000000002b38a       0x34 E:/ProgramUser/SeggerES/lib/libc_v7em_fpv4_sp_d16_hard_t_le_eabi.a(libc2.o)
                0x000000000002b38a                __putc
 .text.libc.__RAL_print_padding
                0x000000000002b3be       0x1c E:/ProgramUser/SeggerES/lib/libc_v7em_fpv4_sp_d16_hard_t_le_eabi.a(libc2.o)
                0x000000000002b3be                __RAL_print_padding
 .text.libc.__RAL_pre_padding
                0x000000000002b3da       0x1c E:/ProgramUser/SeggerES/lib/libc_v7em_fpv4_sp_d16_hard_t_le_eabi.a(libc2.o)
                0x000000000002b3da                __RAL_pre_padding
 *fill*         0x000000000002b3f6        0x2 
 .text.libc.__RAL_isctype
                0x000000000002b3f8       0x14 E:/ProgramUser/SeggerES/lib/libc_v7em_fpv4_sp_d16_hard_t_le_eabi.a(libc2.o)
                0x000000000002b3f8                __RAL_isctype
 .text.libc.isprint
                0x000000000002b40c        0xa E:/ProgramUser/SeggerES/lib/libc_v7em_fpv4_sp_d16_hard_t_le_eabi.a(libc2.o)
                0x000000000002b40c                isprint
 *fill*         0x000000000002b416        0x2 
 .text.libc.printf
                0x000000000002b418       0x40 E:/ProgramUser/SeggerES/lib/libc_v7em_fpv4_sp_d16_hard_t_le_eabi.a(libc2.o)
                0x000000000002b418                printf
 .text.libc.strnlen
                0x000000000002b458       0x20 E:/ProgramUser/SeggerES/lib/libc_v7em_fpv4_sp_d16_hard_t_le_eabi.a(libc2.o)
                0x000000000002b458                strnlen
 .text.libc.memcpy
                0x000000000002b478       0x52 E:/ProgramUser/SeggerES/lib/libc_v7em_fpv4_sp_d16_hard_t_le_eabi.a(libc2_asm.o)
                0x000000000002b478                __aeabi_memcpy
                0x000000000002b478                memcpy
                0x000000000002b484                __aeabi_memcpy8
                0x000000000002b484                __aeabi_memcpy4
 .text.libc.memset
                0x000000000002b4ca       0x66 E:/ProgramUser/SeggerES/lib/libc_v7em_fpv4_sp_d16_hard_t_le_eabi.a(libc2_asm.o)
                0x000000000002b4ca                memset
 .text.libc.strcpy
                0x000000000002b530       0x44 E:/ProgramUser/SeggerES/lib/libc_v7em_fpv4_sp_d16_hard_t_le_eabi.a(libc2_asm.o)
                0x000000000002b530                strcpy
 .text.libc.strlen
                0x000000000002b574       0x60 E:/ProgramUser/SeggerES/lib/libc_v7em_fpv4_sp_d16_hard_t_le_eabi.a(libc2_asm.o)
                0x000000000002b574                strlen
 .text.libc.__printf_lock
                0x000000000002b5d4        0x2 E:/ProgramUser/SeggerES/lib/libc_v7em_fpv4_sp_d16_hard_t_le_eabi.a(libc.o)
                0x000000000002b5d4                __printf_lock
 .text.libc.__printf_unlock
                0x000000000002b5d6        0x2 E:/ProgramUser/SeggerES/lib/libc_v7em_fpv4_sp_d16_hard_t_le_eabi.a(libc.o)
                0x000000000002b5d6                __printf_unlock
 .text.libc.__vfprintf_long
                0x000000000002b5d8      0x730 E:/ProgramUser/SeggerES/lib/libvfprintf_v7em_fpv4_sp_d16_hard_t_le_eabi.o
                0x000000000002b5d8                __vfprintf_long
                0x000000000002bd08                __text_end__ = (__text_start__ + SIZEOF (.text))
                0x0000000000005930                __text_size__ = SIZEOF (.text)
                0x000000000002bd08                __text_load_end__ = __text_end__

.vfp11_veneer   0x0000000100000000        0x0
 .vfp11_veneer  0x0000000100000000        0x0 linker stubs

.v4_bx          0x0000000100000000        0x0
 .v4_bx         0x0000000100000000        0x0 linker stubs

.iplt           0x0000000100000000        0x0
 .iplt          0x0000000100000000        0x0 Output/ble_app_uart_pca10056_s140 Release/Obj/thumb_crt0.o
                0x0000000000000001                . = ASSERT (((__text_start__ == __text_end__) || ((__text_end__ >= __FLASH_segment_start__) && (__text_end__ <= __FLASH_segment_end__))), error: .text is too large to fit in FLASH memory segment)
                0x000000000002bd08                __sdh_soc_observers_load_start__ = ALIGN (__text_end__, 0x4)

.sdh_soc_observers
                0x000000000002bd08       0x10
                0x000000000002bd08                __sdh_soc_observers_start__ = .
                0x000000000002bd08                __start_sdh_soc_observers = __sdh_soc_observers_start__
 *(SORT_BY_NAME(.sdh_soc_observers*))
 .sdh_soc_observers0
                0x000000000002bd08        0x8 Output/ble_app_uart_pca10056_s140 Release/Obj/nrf_drv_clock.o
 .sdh_soc_observers1
                0x000000000002bd10        0x8 Output/ble_app_uart_pca10056_s140 Release/Obj/main.o
                0x000000000002bd18                __sdh_soc_observers_end__ = (__sdh_soc_observers_start__ + SIZEOF (.sdh_soc_observers))
                0x0000000000000010                __sdh_soc_observers_size__ = SIZEOF (.sdh_soc_observers)
                0x000000000002bd18                __stop_sdh_soc_observers = __sdh_soc_observers_end__
                0x000000000002bd18                __sdh_soc_observers_load_end__ = __sdh_soc_observers_end__
                0x0000000000000001                . = ASSERT (((__sdh_soc_observers_start__ == __sdh_soc_observers_end__) || ((__sdh_soc_observers_end__ >= __FLASH_segment_start__) && (__sdh_soc_observers_end__ <= __FLASH_segment_end__))), error: .sdh_soc_observers is too large to fit in FLASH memory segment)
                0x000000000002bd18                __sdh_ble_observers_load_start__ = ALIGN (__sdh_soc_observers_end__, 0x4)

.sdh_ble_observers
                0x000000000002bd18       0x40
                0x000000000002bd18                __sdh_ble_observers_start__ = .
                0x000000000002bd18                __start_sdh_ble_observers = __sdh_ble_observers_start__
 *(SORT_BY_NAME(.sdh_ble_observers*))
 .sdh_ble_observers0
                0x000000000002bd18        0x8 Output/ble_app_uart_pca10056_s140 Release/Obj/ble_conn_state.o
 .sdh_ble_observers1
                0x000000000002bd20        0x8 Output/ble_app_uart_pca10056_s140 Release/Obj/bsp_btn_ble.o
 .sdh_ble_observers1
                0x000000000002bd28       0x10 Output/ble_app_uart_pca10056_s140 Release/Obj/main.o
 .sdh_ble_observers1
                0x000000000002bd38        0x8 Output/ble_app_uart_pca10056_s140 Release/Obj/ble_conn_params.o
 .sdh_ble_observers2
                0x000000000002bd40       0x10 Output/ble_app_uart_pca10056_s140 Release/Obj/main.o
 .sdh_ble_observers3
                0x000000000002bd50        0x8 Output/ble_app_uart_pca10056_s140 Release/Obj/main.o
                0x000000000002bd58                __sdh_ble_observers_end__ = (__sdh_ble_observers_start__ + SIZEOF (.sdh_ble_observers))
                0x0000000000000040                __sdh_ble_observers_size__ = SIZEOF (.sdh_ble_observers)
                0x000000000002bd58                __stop_sdh_ble_observers = __sdh_ble_observers_end__
                0x000000000002bd58                __sdh_ble_observers_load_end__ = __sdh_ble_observers_end__
                0x0000000000000001                . = ASSERT (((__sdh_ble_observers_start__ == __sdh_ble_observers_end__) || ((__sdh_ble_observers_end__ >= __FLASH_segment_start__) && (__sdh_ble_observers_end__ <= __FLASH_segment_end__))), error: .sdh_ble_observers is too large to fit in FLASH memory segment)
                0x000000000002bd58                __pwr_mgmt_data_load_start__ = ALIGN (__sdh_ble_observers_end__, 0x4)

.pwr_mgmt_data  0x000000000002bd58        0x0
                0x000000000002bd58                __pwr_mgmt_data_start__ = .
                0x000000000002bd58                __start_pwr_mgmt_data = __pwr_mgmt_data_start__
 *(SORT_BY_NAME(.pwr_mgmt_data*))
                0x000000000002bd58                __pwr_mgmt_data_end__ = (__pwr_mgmt_data_start__ + SIZEOF (.pwr_mgmt_data))
                0x0000000000000000                __pwr_mgmt_data_size__ = SIZEOF (.pwr_mgmt_data)
                0x000000000002bd58                __stop_pwr_mgmt_data = __pwr_mgmt_data_end__
                0x000000000002bd58                __pwr_mgmt_data_load_end__ = __pwr_mgmt_data_end__
                0x0000000000000001                . = ASSERT (((__pwr_mgmt_data_start__ == __pwr_mgmt_data_end__) || ((__pwr_mgmt_data_end__ >= __FLASH_segment_start__) && (__pwr_mgmt_data_end__ <= __FLASH_segment_end__))), error: .pwr_mgmt_data is too large to fit in FLASH memory segment)
                0x000000000002bd58                __sdh_stack_observers_load_start__ = ALIGN (__pwr_mgmt_data_end__, 0x4)

.sdh_stack_observers
                0x000000000002bd58       0x10
                0x000000000002bd58                __sdh_stack_observers_start__ = .
                0x000000000002bd58                __start_sdh_stack_observers = __sdh_stack_observers_start__
 *(SORT_BY_NAME(.sdh_stack_observers*))
 .sdh_stack_observers0
                0x000000000002bd58        0x8 Output/ble_app_uart_pca10056_s140 Release/Obj/nrf_sdh_ble.o
 .sdh_stack_observers0
                0x000000000002bd60        0x8 Output/ble_app_uart_pca10056_s140 Release/Obj/nrf_sdh_soc.o
                0x000000000002bd68                __sdh_stack_observers_end__ = (__sdh_stack_observers_start__ + SIZEOF (.sdh_stack_observers))
                0x0000000000000010                __sdh_stack_observers_size__ = SIZEOF (.sdh_stack_observers)
                0x000000000002bd68                __stop_sdh_stack_observers = __sdh_stack_observers_end__
                0x000000000002bd68                __sdh_stack_observers_load_end__ = __sdh_stack_observers_end__
                0x0000000000000001                . = ASSERT (((__sdh_stack_observers_start__ == __sdh_stack_observers_end__) || ((__sdh_stack_observers_end__ >= __FLASH_segment_start__) && (__sdh_stack_observers_end__ <= __FLASH_segment_end__))), error: .sdh_stack_observers is too large to fit in FLASH memory segment)
                0x000000000002bd68                __sdh_req_observers_load_start__ = ALIGN (__sdh_stack_observers_end__, 0x4)

.sdh_req_observers
                0x000000000002bd68        0x0
                0x000000000002bd68                __sdh_req_observers_start__ = .
                0x000000000002bd68                __start_sdh_req_observers = __sdh_req_observers_start__
 *(SORT_BY_NAME(.sdh_req_observers*))
                0x000000000002bd68                __sdh_req_observers_end__ = (__sdh_req_observers_start__ + SIZEOF (.sdh_req_observers))
                0x0000000000000000                __sdh_req_observers_size__ = SIZEOF (.sdh_req_observers)
                0x000000000002bd68                __stop_sdh_req_observers = __sdh_req_observers_end__
                0x000000000002bd68                __sdh_req_observers_load_end__ = __sdh_req_observers_end__
                0x0000000000000001                . = ASSERT (((__sdh_req_observers_start__ == __sdh_req_observers_end__) || ((__sdh_req_observers_end__ >= __FLASH_segment_start__) && (__sdh_req_observers_end__ <= __FLASH_segment_end__))), error: .sdh_req_observers is too large to fit in FLASH memory segment)
                0x000000000002bd68                __sdh_state_observers_load_start__ = ALIGN (__sdh_req_observers_end__, 0x4)

.sdh_state_observers
                0x000000000002bd68        0x8
                0x000000000002bd68                __sdh_state_observers_start__ = .
                0x000000000002bd68                __start_sdh_state_observers = __sdh_state_observers_start__
 *(SORT_BY_NAME(.sdh_state_observers*))
 .sdh_state_observers0
                0x000000000002bd68        0x8 Output/ble_app_uart_pca10056_s140 Release/Obj/nrf_drv_clock.o
                0x000000000002bd70                __sdh_state_observers_end__ = (__sdh_state_observers_start__ + SIZEOF (.sdh_state_observers))
                0x0000000000000008                __sdh_state_observers_size__ = SIZEOF (.sdh_state_observers)
                0x000000000002bd70                __stop_sdh_state_observers = __sdh_state_observers_end__
                0x000000000002bd70                __sdh_state_observers_load_end__ = __sdh_state_observers_end__
                0x0000000000000001                . = ASSERT (((__sdh_state_observers_start__ == __sdh_state_observers_end__) || ((__sdh_state_observers_end__ >= __FLASH_segment_start__) && (__sdh_state_observers_end__ <= __FLASH_segment_end__))), error: .sdh_state_observers is too large to fit in FLASH memory segment)
                0x000000000002bd70                __nrf_queue_load_start__ = ALIGN (__sdh_state_observers_end__, 0x4)

.nrf_queue      0x000000000002bd70        0x0
                0x000000000002bd70                __nrf_queue_start__ = .
                0x000000000002bd70                __start_nrf_queue = __nrf_queue_start__
 *(.nrf_queue*)
                0x000000000002bd70                __nrf_queue_end__ = (__nrf_queue_start__ + SIZEOF (.nrf_queue))
                0x0000000000000000                __nrf_queue_size__ = SIZEOF (.nrf_queue)
                0x000000000002bd70                __stop_nrf_queue = __nrf_queue_end__
                0x000000000002bd70                __nrf_queue_load_end__ = __nrf_queue_end__
                0x0000000000000001                . = ASSERT (((__nrf_queue_start__ == __nrf_queue_end__) || ((__nrf_queue_end__ >= __FLASH_segment_start__) && (__nrf_queue_end__ <= __FLASH_segment_end__))), error: .nrf_queue is too large to fit in FLASH memory segment)
                0x000000000002bd70                __nrf_balloc_load_start__ = ALIGN (__nrf_queue_end__, 0x4)

.nrf_balloc     0x000000000002bd70       0x14
                0x000000000002bd70                __nrf_balloc_start__ = .
                0x000000000002bd70                __start_nrf_balloc = __nrf_balloc_start__
 *(.nrf_balloc*)
 .nrf_balloc    0x000000000002bd70       0x14 Output/ble_app_uart_pca10056_s140 Release/Obj/nrf_log_frontend.o
                0x000000000002bd70                log_mempool
                0x000000000002bd84                __nrf_balloc_end__ = (__nrf_balloc_start__ + SIZEOF (.nrf_balloc))
                0x0000000000000014                __nrf_balloc_size__ = SIZEOF (.nrf_balloc)
                0x000000000002bd84                __stop_nrf_balloc = __nrf_balloc_end__
                0x000000000002bd84                __nrf_balloc_load_end__ = __nrf_balloc_end__
                0x0000000000000001                . = ASSERT (((__nrf_balloc_start__ == __nrf_balloc_end__) || ((__nrf_balloc_end__ >= __FLASH_segment_start__) && (__nrf_balloc_end__ <= __FLASH_segment_end__))), error: .nrf_balloc is too large to fit in FLASH memory segment)
                0x000000000002bd84                __cli_command_load_start__ = ALIGN (__nrf_balloc_end__, 0x4)

.cli_command    0x000000000002bd84        0x0
                0x000000000002bd84                __cli_command_start__ = .
                0x000000000002bd84                __start_cli_command = __cli_command_start__
 *(.cli_command*)
                0x000000000002bd84                __cli_command_end__ = (__cli_command_start__ + SIZEOF (.cli_command))
                0x0000000000000000                __cli_command_size__ = SIZEOF (.cli_command)
                0x000000000002bd84                __stop_cli_command = __cli_command_end__
                0x000000000002bd84                __cli_command_load_end__ = __cli_command_end__
                0x0000000000000001                . = ASSERT (((__cli_command_start__ == __cli_command_end__) || ((__cli_command_end__ >= __FLASH_segment_start__) && (__cli_command_end__ <= __FLASH_segment_end__))), error: .cli_command is too large to fit in FLASH memory segment)
                0x000000000002bd84                __crypto_data_load_start__ = ALIGN (__cli_command_end__, 0x4)

.crypto_data    0x000000000002bd84        0x0
                0x000000000002bd84                __crypto_data_start__ = .
                0x000000000002bd84                __start_crypto_data = __crypto_data_start__
 *(SORT_BY_NAME(.crypto_data*))
                0x000000000002bd84                __crypto_data_end__ = (__crypto_data_start__ + SIZEOF (.crypto_data))
                0x0000000000000000                __crypto_data_size__ = SIZEOF (.crypto_data)
                0x000000000002bd84                __stop_crypto_data = __crypto_data_end__
                0x000000000002bd84                __crypto_data_load_end__ = __crypto_data_end__
                0x0000000000000001                . = ASSERT (((__crypto_data_start__ == __crypto_data_end__) || ((__crypto_data_end__ >= __FLASH_segment_start__) && (__crypto_data_end__ <= __FLASH_segment_end__))), error: .crypto_data is too large to fit in FLASH memory segment)
                0x000000000002bd84                __log_const_data_load_start__ = ALIGN (__crypto_data_end__, 0x4)

.log_const_data
                0x000000000002bd84       0x68
                0x000000000002bd84                __log_const_data_start__ = .
                0x000000000002bd84                __start_log_const_data = __log_const_data_start__
 *(SORT_BY_NAME(.log_const_data*))
 .log_const_data_CLOCK
                0x000000000002bd84        0x8 Output/ble_app_uart_pca10056_s140 Release/Obj/nrfx_clock.o
                0x000000000002bd84                m_nrf_log_CLOCK_logs_data_const
 .log_const_data_GPIOTE
                0x000000000002bd8c        0x8 Output/ble_app_uart_pca10056_s140 Release/Obj/nrfx_gpiote.o
                0x000000000002bd8c                m_nrf_log_GPIOTE_logs_data_const
 .log_const_data_PRS
                0x000000000002bd94        0x8 Output/ble_app_uart_pca10056_s140 Release/Obj/nrfx_prs.o
                0x000000000002bd94                m_nrf_log_PRS_logs_data_const
 .log_const_data_UART
                0x000000000002bd9c        0x8 Output/ble_app_uart_pca10056_s140 Release/Obj/nrfx_uart.o
                0x000000000002bd9c                m_nrf_log_UART_logs_data_const
 .log_const_data_UARTE
                0x000000000002bda4        0x8 Output/ble_app_uart_pca10056_s140 Release/Obj/nrfx_uarte.o
                0x000000000002bda4                m_nrf_log_UARTE_logs_data_const
 .log_const_data_app
                0x000000000002bdac        0x8 Output/ble_app_uart_pca10056_s140 Release/Obj/nrf_log_frontend.o
                0x000000000002bdac                m_nrf_log_app_logs_data_const
 .log_const_data_ble_nus
                0x000000000002bdb4        0x8 Output/ble_app_uart_pca10056_s140 Release/Obj/ble_nus.o
                0x000000000002bdb4                m_nrf_log_ble_nus_logs_data_const
 .log_const_data_clock
                0x000000000002bdbc        0x8 Output/ble_app_uart_pca10056_s140 Release/Obj/nrf_drv_clock.o
                0x000000000002bdbc                m_nrf_log_clock_logs_data_const
 .log_const_data_nrf_ble_gatt
                0x000000000002bdc4        0x8 Output/ble_app_uart_pca10056_s140 Release/Obj/nrf_ble_gatt.o
                0x000000000002bdc4                m_nrf_log_nrf_ble_gatt_logs_data_const
 .log_const_data_nrf_sdh
                0x000000000002bdcc        0x8 Output/ble_app_uart_pca10056_s140 Release/Obj/nrf_sdh.o
                0x000000000002bdcc                m_nrf_log_nrf_sdh_logs_data_const
 .log_const_data_nrf_sdh_ble
                0x000000000002bdd4        0x8 Output/ble_app_uart_pca10056_s140 Release/Obj/nrf_sdh_ble.o
                0x000000000002bdd4                m_nrf_log_nrf_sdh_ble_logs_data_const
 .log_const_data_nrf_sdh_soc
                0x000000000002bddc        0x8 Output/ble_app_uart_pca10056_s140 Release/Obj/nrf_sdh_soc.o
                0x000000000002bddc                m_nrf_log_nrf_sdh_soc_logs_data_const
 .log_const_data_pwr_mgmt
                0x000000000002bde4        0x8 Output/ble_app_uart_pca10056_s140 Release/Obj/nrf_pwr_mgmt.o
                0x000000000002bde4                m_nrf_log_pwr_mgmt_logs_data_const
                0x000000000002bdec                __log_const_data_end__ = (__log_const_data_start__ + SIZEOF (.log_const_data))
                0x0000000000000068                __log_const_data_size__ = SIZEOF (.log_const_data)
                0x000000000002bdec                __stop_log_const_data = __log_const_data_end__
                0x000000000002bdec                __log_const_data_load_end__ = __log_const_data_end__
                0x0000000000000001                . = ASSERT (((__log_const_data_start__ == __log_const_data_end__) || ((__log_const_data_end__ >= __FLASH_segment_start__) && (__log_const_data_end__ <= __FLASH_segment_end__))), error: .log_const_data is too large to fit in FLASH memory segment)
                0x000000000002bdec                __log_backends_load_start__ = ALIGN (__log_const_data_end__, 0x4)

.log_backends   0x000000000002bdec       0x10
                0x000000000002bdec                __log_backends_start__ = .
                0x000000000002bdec                __start_log_backends = __log_backends_start__
 *(SORT_BY_NAME(.log_backends*))
 .log_backends  0x000000000002bdec       0x10 Output/ble_app_uart_pca10056_s140 Release/Obj/nrf_log_default_backends.o
                0x000000000002bdfc                __log_backends_end__ = (__log_backends_start__ + SIZEOF (.log_backends))
                0x0000000000000010                __log_backends_size__ = SIZEOF (.log_backends)
                0x000000000002bdfc                __stop_log_backends = __log_backends_end__
                0x000000000002bdfc                __log_backends_load_end__ = __log_backends_end__
                0x0000000000000001                . = ASSERT (((__log_backends_start__ == __log_backends_end__) || ((__log_backends_end__ >= __FLASH_segment_start__) && (__log_backends_end__ <= __FLASH_segment_end__))), error: .log_backends is too large to fit in FLASH memory segment)
                0x000000000002bdfc                __nrf_sections_load_start__ = ALIGN (__log_backends_end__, 0x4)

.nrf_sections   0x000000000002bdfc        0x0
                0x000000000002bdfc                __nrf_sections_start__ = .
                0x000000000002bdfc                __start_nrf_sections = __nrf_sections_start__
 *(.nrf_sections .nrf_sections.*)
                0x000000000002bdfc                __nrf_sections_end__ = (__nrf_sections_start__ + SIZEOF (.nrf_sections))
                0x0000000000000000                __nrf_sections_size__ = SIZEOF (.nrf_sections)
                0x000000000002bdfc                __nrf_sections_load_end__ = __nrf_sections_end__
                0x0000000000000001                . = ASSERT (((__nrf_sections_start__ == __nrf_sections_end__) || ((__nrf_sections_end__ >= __FLASH_segment_start__) && (__nrf_sections_end__ <= __FLASH_segment_end__))), error: .nrf_sections is too large to fit in FLASH memory segment)
                0x000000000002bdfc                __cli_sorted_cmd_ptrs_load_start__ = ALIGN (__nrf_sections_end__, 0x4)

.cli_sorted_cmd_ptrs
                0x0000000020002a98        0x0 load address 0x000000000002bdfc
                0x0000000020002a98                __cli_sorted_cmd_ptrs_start__ = .
 *(.cli_sorted_cmd_ptrs*)
                0x0000000020002a98                __cli_sorted_cmd_ptrs_end__ = (__cli_sorted_cmd_ptrs_start__ + SIZEOF (.cli_sorted_cmd_ptrs))
                0x0000000000000000                __cli_sorted_cmd_ptrs_size__ = SIZEOF (.cli_sorted_cmd_ptrs)
                0x000000000002bdfc                __cli_sorted_cmd_ptrs_load_end__ = (__cli_sorted_cmd_ptrs_load_start__ + SIZEOF (.cli_sorted_cmd_ptrs))
                0x0000000000000001                . = ASSERT (((__cli_sorted_cmd_ptrs_load_start__ == __cli_sorted_cmd_ptrs_load_end__) || ((__cli_sorted_cmd_ptrs_load_end__ >= __FLASH_segment_start__) && (__cli_sorted_cmd_ptrs_load_end__ <= __FLASH_segment_end__))), error: .cli_sorted_cmd_ptrs is too large to fit in FLASH memory segment)

.cli_sorted_cmd_ptrs_run
                0x0000000020002a98        0x0
                0x0000000020002a98                __cli_sorted_cmd_ptrs_run_start__ = .
                0x0000000020002a98                __start_cli_sorted_cmd_ptrs = __cli_sorted_cmd_ptrs_run_start__
                0x0000000020002a98                . = MAX ((__cli_sorted_cmd_ptrs_run_start__ + SIZEOF (.cli_sorted_cmd_ptrs)), .)
                0x0000000020002a98                __cli_sorted_cmd_ptrs_run_end__ = (__cli_sorted_cmd_ptrs_run_start__ + SIZEOF (.cli_sorted_cmd_ptrs_run))
                0x0000000000000000                __cli_sorted_cmd_ptrs_run_size__ = SIZEOF (.cli_sorted_cmd_ptrs_run)
                0x0000000020002a98                __stop_cli_sorted_cmd_ptrs = __cli_sorted_cmd_ptrs_run_end__
                0x0000000020002a98                __cli_sorted_cmd_ptrs_run_load_end__ = __cli_sorted_cmd_ptrs_run_end__
                0x0000000000000001                . = ASSERT (((__cli_sorted_cmd_ptrs_run_start__ == __cli_sorted_cmd_ptrs_run_end__) || ((__cli_sorted_cmd_ptrs_run_end__ >= __RAM_segment_start__) && (__cli_sorted_cmd_ptrs_run_end__ <= __RAM_segment_end__))), error: .cli_sorted_cmd_ptrs_run is too large to fit in RAM memory segment)
                0x000000000002bdfc                __fs_data_load_start__ = ALIGN ((__cli_sorted_cmd_ptrs_load_start__ + SIZEOF (.cli_sorted_cmd_ptrs)), 0x4)

.fs_data        0x0000000020002a98        0x0 load address 0x000000000002bdfc
                0x0000000020002a98                __fs_data_start__ = .
 *(.fs_data*)
                0x0000000020002a98                __fs_data_end__ = (__fs_data_start__ + SIZEOF (.fs_data))
                0x0000000000000000                __fs_data_size__ = SIZEOF (.fs_data)
                0x000000000002bdfc                __fs_data_load_end__ = (__fs_data_load_start__ + SIZEOF (.fs_data))
                0x0000000000000001                . = ASSERT (((__fs_data_load_start__ == __fs_data_load_end__) || ((__fs_data_load_end__ >= __FLASH_segment_start__) && (__fs_data_load_end__ <= __FLASH_segment_end__))), error: .fs_data is too large to fit in FLASH memory segment)

.fs_data_run    0x0000000020002a98        0x0
                0x0000000020002a98                __fs_data_run_start__ = .
                0x0000000020002a98                __start_fs_data = __fs_data_run_start__
                0x0000000020002a98                . = MAX ((__fs_data_run_start__ + SIZEOF (.fs_data)), .)
                0x0000000020002a98                __fs_data_run_end__ = (__fs_data_run_start__ + SIZEOF (.fs_data_run))
                0x0000000000000000                __fs_data_run_size__ = SIZEOF (.fs_data_run)
                0x0000000020002a98                __stop_fs_data = __fs_data_run_end__
                0x0000000020002a98                __fs_data_run_load_end__ = __fs_data_run_end__
                0x0000000000000001                . = ASSERT (((__fs_data_run_start__ == __fs_data_run_end__) || ((__fs_data_run_end__ >= __RAM_segment_start__) && (__fs_data_run_end__ <= __RAM_segment_end__))), error: .fs_data_run is too large to fit in RAM memory segment)
                0x000000000002bdfc                __log_dynamic_data_load_start__ = ALIGN ((__fs_data_load_start__ + SIZEOF (.fs_data)), 0x4)

.log_dynamic_data
                0x0000000020002a98        0x0 load address 0x000000000002bdfc
                0x0000000020002a98                __log_dynamic_data_start__ = .
 *(SORT_BY_NAME(.log_dynamic_data*))
                0x0000000020002a98                __log_dynamic_data_end__ = (__log_dynamic_data_start__ + SIZEOF (.log_dynamic_data))
                0x0000000000000000                __log_dynamic_data_size__ = SIZEOF (.log_dynamic_data)
                0x000000000002bdfc                __log_dynamic_data_load_end__ = (__log_dynamic_data_load_start__ + SIZEOF (.log_dynamic_data))
                0x0000000000000001                . = ASSERT (((__log_dynamic_data_load_start__ == __log_dynamic_data_load_end__) || ((__log_dynamic_data_load_end__ >= __FLASH_segment_start__) && (__log_dynamic_data_load_end__ <= __FLASH_segment_end__))), error: .log_dynamic_data is too large to fit in FLASH memory segment)

.log_dynamic_data_run
                0x0000000020002a98        0x0
                0x0000000020002a98                __log_dynamic_data_run_start__ = .
                0x0000000020002a98                __start_log_dynamic_data = __log_dynamic_data_run_start__
                0x0000000020002a98                . = MAX ((__log_dynamic_data_run_start__ + SIZEOF (.log_dynamic_data)), .)
                0x0000000020002a98                __log_dynamic_data_run_end__ = (__log_dynamic_data_run_start__ + SIZEOF (.log_dynamic_data_run))
                0x0000000000000000                __log_dynamic_data_run_size__ = SIZEOF (.log_dynamic_data_run)
                0x0000000020002a98                __stop_log_dynamic_data = __log_dynamic_data_run_end__
                0x0000000020002a98                __log_dynamic_data_run_load_end__ = __log_dynamic_data_run_end__
                0x0000000000000001                . = ASSERT (((__log_dynamic_data_run_start__ == __log_dynamic_data_run_end__) || ((__log_dynamic_data_run_end__ >= __RAM_segment_start__) && (__log_dynamic_data_run_end__ <= __RAM_segment_end__))), error: .log_dynamic_data_run is too large to fit in RAM memory segment)
                0x000000000002bdfc                __log_filter_data_load_start__ = ALIGN ((__log_dynamic_data_load_start__ + SIZEOF (.log_dynamic_data)), 0x4)

.log_filter_data
                0x0000000020002a98        0x0 load address 0x000000000002bdfc
                0x0000000020002a98                __log_filter_data_start__ = .
 *(SORT_BY_NAME(.log_filter_data*))
                0x0000000020002a98                __log_filter_data_end__ = (__log_filter_data_start__ + SIZEOF (.log_filter_data))
                0x0000000000000000                __log_filter_data_size__ = SIZEOF (.log_filter_data)
                0x000000000002bdfc                __log_filter_data_load_end__ = (__log_filter_data_load_start__ + SIZEOF (.log_filter_data))
                0x0000000000000001                . = ASSERT (((__log_filter_data_load_start__ == __log_filter_data_load_end__) || ((__log_filter_data_load_end__ >= __FLASH_segment_start__) && (__log_filter_data_load_end__ <= __FLASH_segment_end__))), error: .log_filter_data is too large to fit in FLASH memory segment)

.log_filter_data_run
                0x0000000020002a98        0x0
                0x0000000020002a98                __log_filter_data_run_start__ = .
                0x0000000020002a98                __start_log_filter_data = __log_filter_data_run_start__
                0x0000000020002a98                . = MAX ((__log_filter_data_run_start__ + SIZEOF (.log_filter_data)), .)
                0x0000000020002a98                __log_filter_data_run_end__ = (__log_filter_data_run_start__ + SIZEOF (.log_filter_data_run))
                0x0000000000000000                __log_filter_data_run_size__ = SIZEOF (.log_filter_data_run)
                0x0000000020002a98                __stop_log_filter_data = __log_filter_data_run_end__
                0x0000000020002a98                __log_filter_data_run_load_end__ = __log_filter_data_run_end__
                0x0000000000000001                . = ASSERT (((__log_filter_data_run_start__ == __log_filter_data_run_end__) || ((__log_filter_data_run_end__ >= __RAM_segment_start__) && (__log_filter_data_run_end__ <= __RAM_segment_end__))), error: .log_filter_data_run is too large to fit in RAM memory segment)
                0x0000000020002a98                __nrf_sections_run_end_load_start__ = ALIGN (__log_filter_data_run_end__, 0x4)

.nrf_sections_run_end
                0x0000000020002a98        0x0
                0x0000000020002a98                __nrf_sections_run_end_start__ = .
                0x0000000020002a98                __end_nrf_sections_run = __nrf_sections_run_end_start__
 *(.nrf_sections_run_end .nrf_sections_run_end.*)
                0x0000000020002a98                __nrf_sections_run_end_end__ = (__nrf_sections_run_end_start__ + SIZEOF (.nrf_sections_run_end))
                0x0000000000000000                __nrf_sections_run_end_size__ = SIZEOF (.nrf_sections_run_end)
                0x0000000020002a98                __nrf_sections_run_end_load_end__ = __nrf_sections_run_end_end__
                0x0000000000000001                . = ASSERT (((__nrf_sections_run_end_start__ == __nrf_sections_run_end_end__) || ((__nrf_sections_run_end_end__ >= __RAM_segment_start__) && (__nrf_sections_run_end_end__ <= __RAM_segment_end__))), error: .nrf_sections_run_end is too large to fit in RAM memory segment)
                0x000000000002bdfc                __dtors_load_start__ = ALIGN ((__log_filter_data_load_start__ + SIZEOF (.log_filter_data)), 0x4)

.dtors          0x000000000002bdfc        0x0
                0x000000000002bdfc                __dtors_start__ = .
 *(SORT_BY_NAME(.dtors.*))
 *(.dtors)
 *(.fini_array)
 *(SORT_BY_NAME(.fini_array.*))
                0x000000000002bdfc                __dtors_end__ = (__dtors_start__ + SIZEOF (.dtors))
                0x0000000000000000                __dtors_size__ = SIZEOF (.dtors)
                0x000000000002bdfc                __dtors_load_end__ = __dtors_end__
                0x0000000000000001                . = ASSERT (((__dtors_start__ == __dtors_end__) || ((__dtors_end__ >= __FLASH_segment_start__) && (__dtors_end__ <= __FLASH_segment_end__))), error: .dtors is too large to fit in FLASH memory segment)
                0x000000000002bdfc                __ctors_load_start__ = ALIGN (__dtors_end__, 0x4)

.ctors          0x000000000002bdfc        0x0
                0x000000000002bdfc                __ctors_start__ = .
 *(SORT_BY_NAME(.ctors.*))
 *(.ctors)
 *(.init_array)
 *(SORT_BY_NAME(.init_array.*))
                0x000000000002bdfc                __ctors_end__ = (__ctors_start__ + SIZEOF (.ctors))
                0x0000000000000000                __ctors_size__ = SIZEOF (.ctors)
                0x000000000002bdfc                __ctors_load_end__ = __ctors_end__
                0x0000000000000001                . = ASSERT (((__ctors_start__ == __ctors_end__) || ((__ctors_end__ >= __FLASH_segment_start__) && (__ctors_end__ <= __FLASH_segment_end__))), error: .ctors is too large to fit in FLASH memory segment)
                0x000000000002bdfc                __rodata_load_start__ = ALIGN (__ctors_end__, 0x4)

.rodata         0x000000000002bdfc      0xedc
                0x000000000002bdfc                __rodata_start__ = .
 *(.rodata .rodata.* .gnu.linkonce.r.*)
 *fill*         0x000000000002bdfc        0x4 
 .rodata.delay_bytecode.8783
                0x000000000002be00        0x6 Output/ble_app_uart_pca10056_s140 Release/Obj/nrf_log_backend_rtt.o
 *fill*         0x000000000002be06        0x2 
 .rodata.nrf_log_backend_rtt_api
                0x000000000002be08        0xc Output/ble_app_uart_pca10056_s140 Release/Obj/nrf_log_backend_rtt.o
                0x000000000002be08                nrf_log_backend_rtt_api
 .rodata.str1.1
                0x000000000002be14       0x10 Output/ble_app_uart_pca10056_s140 Release/Obj/nrf_log_default_backends.o
 .rodata.m_log_push_ringbuf
                0x000000000002be24        0xc Output/ble_app_uart_pca10056_s140 Release/Obj/nrf_log_frontend.o
 .rodata.nrf_log_frontend_dequeue.str1.1
                0x000000000002be30       0x11 Output/ble_app_uart_pca10056_s140 Release/Obj/nrf_log_frontend.o
 .rodata.str1.1
                0x000000000002be41        0x4 Output/ble_app_uart_pca10056_s140 Release/Obj/nrf_log_frontend.o
 *fill*         0x000000000002be45        0x3 
 .rodata.m_colors
                0x000000000002be48       0x24 Output/ble_app_uart_pca10056_s140 Release/Obj/nrf_log_str_formatter.o
 .rodata.nrf_log_hexdump_entry_process.str1.1
                0x000000000002be6c        0xf Output/ble_app_uart_pca10056_s140 Release/Obj/nrf_log_str_formatter.o
                                         0x11 (size before relaxing)
 .rodata.postfix_process.str1.1
                0x000000000002be7b        0x8 Output/ble_app_uart_pca10056_s140 Release/Obj/nrf_log_str_formatter.o
                                          0xb (size before relaxing)
 .rodata.prefix_process.str1.1
                0x000000000002be83       0x2a Output/ble_app_uart_pca10056_s140 Release/Obj/nrf_log_str_formatter.o
 *fill*         0x000000000002bead        0x3 
 .rodata.severity_names
                0x000000000002beb0       0x14 Output/ble_app_uart_pca10056_s140 Release/Obj/nrf_log_str_formatter.o
 .rodata.str1.1
                0x000000000002bec4       0x4b Output/ble_app_uart_pca10056_s140 Release/Obj/nrf_log_str_formatter.o
                                         0x51 (size before relaxing)
 .rodata.app_error_fault_handler.str1.1
                0x000000000002bf0f       0x19 Output/ble_app_uart_pca10056_s140 Release/Obj/app_error_weak.o
 *fill*         0x000000000002bf28        0x8 
 .rodata.delay_bytecode.8507
                0x000000000002bf30        0x6 Output/ble_app_uart_pca10056_s140 Release/Obj/app_timer.o
 *fill*         0x000000000002bf36        0x2 
 .rodata        0x000000000002bf38       0x20 Output/ble_app_uart_pca10056_s140 Release/Obj/app_uart_fifo.o
 .rodata._aV2C.7683
                0x000000000002bf58       0x10 Output/ble_app_uart_pca10056_s140 Release/Obj/nrf_fprintf_format.o
 .rodata.pwr_mgmt_data
                0x000000000002bf68        0xc Output/ble_app_uart_pca10056_s140 Release/Obj/nrf_pwr_mgmt.o
 .rodata.str1.1
                0x000000000002bf74        0x9 Output/ble_app_uart_pca10056_s140 Release/Obj/nrf_pwr_mgmt.o
 .rodata.m_unknown_str
                0x000000000002bf7d       0x13 Output/ble_app_uart_pca10056_s140 Release/Obj/nrf_strerror.o
 .rodata.nrf_strerror_array
                0x000000000002bf90      0x128 Output/ble_app_uart_pca10056_s140 Release/Obj/nrf_strerror.o
 .rodata.str1.1
                0x000000000002c0b8      0x3ba Output/ble_app_uart_pca10056_s140 Release/Obj/nrf_strerror.o
 .rodata.m_board_btn_list
                0x000000000002c472        0x4 Output/ble_app_uart_pca10056_s140 Release/Obj/boards.o
 .rodata.m_board_led_list
                0x000000000002c476        0x4 Output/ble_app_uart_pca10056_s140 Release/Obj/boards.o
 .rodata.str1.1
                0x000000000002c47a        0x6 Output/ble_app_uart_pca10056_s140 Release/Obj/nrf_drv_clock.o
 .rodata.str1.1
                0x000000000002c480        0x6 Output/ble_app_uart_pca10056_s140 Release/Obj/nrfx_clock.o
 .rodata.str1.1
                0x000000000002c486        0x7 Output/ble_app_uart_pca10056_s140 Release/Obj/nrfx_gpiote.o
 .rodata.str1.1
                0x000000000002c48d        0x4 Output/ble_app_uart_pca10056_s140 Release/Obj/nrfx_prs.o
 .rodata.str1.1
                0x000000000002c491        0x5 Output/ble_app_uart_pca10056_s140 Release/Obj/nrfx_uart.o
 .rodata.str1.1